Making install
Installing the CWP codes under the ROOT = /usr/local/cwp
Continue install? [y/n] /usr/local/cwp
Making necessary directories
mkdir: cannot create directory `/usr/local/cwp': File exists
cd ./cwp; make
make[1]: Entering directory `/usr/local/cwp/src/cwp'
cd include ; make
make[2]: Entering directory `/usr/local/cwp/src/cwp/include'
cwp.h installed in /usr/local/cwp/include
rm -f INSTALL
touch INSTALL
make[2]: Leaving directory `/usr/local/cwp/src/cwp/include'
cd lib     ; make
make[2]: Entering directory `/usr/local/cwp/src/cwp/lib'
gcc -c -I/usr/local/cwp/include -g  -std=c99 -Wall -pedantic -Wno-long-long  -D_FILE_OFFSET_BITS=64 -D_LARGEFILE64_SOURCE -DCWP_LITTLE_ENDIAN -DSUXDR -D_BSD_SOURCE  -D_BSD_SOURCE -D_POSIX_SOURCE abel.c
ar rv /usr/local/cwp/lib/libcwp.a abel.o
ar: creating /usr/local/cwp/lib/libcwp.a
a - abel.o
rm -f abel.o
gcc -c -I/usr/local/cwp/include -g  -std=c99 -Wall -pedantic -Wno-long-long  -D_FILE_OFFSET_BITS=64 -D_LARGEFILE64_SOURCE -DCWP_LITTLE_ENDIAN -DSUXDR -D_BSD_SOURCE  -D_BSD_SOURCE -D_POSIX_SOURCE airy.c
ar rv /usr/local/cwp/lib/libcwp.a airy.o
a - airy.o
rm -f airy.o
gcc -c -I/usr/local/cwp/include -g  -std=c99 -Wall -pedantic -Wno-long-long  -D_FILE_OFFSET_BITS=64 -D_LARGEFILE64_SOURCE -DCWP_LITTLE_ENDIAN -DSUXDR -D_BSD_SOURCE  -D_BSD_SOURCE -D_POSIX_SOURCE alloc.c
ar rv /usr/local/cwp/lib/libcwp.a alloc.o
a - alloc.o
rm -f alloc.o
gcc -c -I/usr/local/cwp/include -g  -std=c99 -Wall -pedantic -Wno-long-long  -D_FILE_OFFSET_BITS=64 -D_LARGEFILE64_SOURCE -DCWP_LITTLE_ENDIAN -DSUXDR -D_BSD_SOURCE  -D_BSD_SOURCE -D_POSIX_SOURCE antialias.c
ar rv /usr/local/cwp/lib/libcwp.a antialias.o
a - antialias.o
rm -f antialias.o
gcc -c -I/usr/local/cwp/include -g  -std=c99 -Wall -pedantic -Wno-long-long  -D_FILE_OFFSET_BITS=64 -D_LARGEFILE64_SOURCE -DCWP_LITTLE_ENDIAN -DSUXDR -D_BSD_SOURCE  -D_BSD_SOURCE -D_POSIX_SOURCE axb.c
ar rv /usr/local/cwp/lib/libcwp.a axb.o
a - axb.o
rm -f axb.o
gcc -c -I/usr/local/cwp/include -g  -std=c99 -Wall -pedantic -Wno-long-long  -D_FILE_OFFSET_BITS=64 -D_LARGEFILE64_SOURCE -DCWP_LITTLE_ENDIAN -DSUXDR -D_BSD_SOURCE  -D_BSD_SOURCE -D_POSIX_SOURCE bigmatrix.c
ar rv /usr/local/cwp/lib/libcwp.a bigmatrix.o
a - bigmatrix.o
rm -f bigmatrix.o
gcc -c -I/usr/local/cwp/include -g  -std=c99 -Wall -pedantic -Wno-long-long  -D_FILE_OFFSET_BITS=64 -D_LARGEFILE64_SOURCE -DCWP_LITTLE_ENDIAN -DSUXDR -D_BSD_SOURCE  -D_BSD_SOURCE -D_POSIX_SOURCE butterworth.c
ar rv /usr/local/cwp/lib/libcwp.a butterworth.o
a - butterworth.o
rm -f butterworth.o
gcc -c -I/usr/local/cwp/include -g  -std=c99 -Wall -pedantic -Wno-long-long  -D_FILE_OFFSET_BITS=64 -D_LARGEFILE64_SOURCE -DCWP_LITTLE_ENDIAN -DSUXDR -D_BSD_SOURCE  -D_BSD_SOURCE -D_POSIX_SOURCE complex.c
ar rv /usr/local/cwp/lib/libcwp.a complex.o
a - complex.o
rm -f complex.o
gcc -c -I/usr/local/cwp/include -g  -std=c99 -Wall -pedantic -Wno-long-long  -D_FILE_OFFSET_BITS=64 -D_LARGEFILE64_SOURCE -DCWP_LITTLE_ENDIAN -DSUXDR -D_BSD_SOURCE  -D_BSD_SOURCE -D_POSIX_SOURCE complexd.c
ar rv /usr/local/cwp/lib/libcwp.a complexd.o
a - complexd.o
rm -f complexd.o
gcc -c -I/usr/local/cwp/include -g  -std=c99 -Wall -pedantic -Wno-long-long  -D_FILE_OFFSET_BITS=64 -D_LARGEFILE64_SOURCE -DCWP_LITTLE_ENDIAN -DSUXDR -D_BSD_SOURCE  -D_BSD_SOURCE -D_POSIX_SOURCE complexf.c
ar rv /usr/local/cwp/lib/libcwp.a complexf.o
a - complexf.o
rm -f complexf.o
gcc -c -I/usr/local/cwp/include -g  -std=c99 -Wall -pedantic -Wno-long-long  -D_FILE_OFFSET_BITS=64 -D_LARGEFILE64_SOURCE -DCWP_LITTLE_ENDIAN -DSUXDR -D_BSD_SOURCE  -D_BSD_SOURCE -D_POSIX_SOURCE convolution.c
ar rv /usr/local/cwp/lib/libcwp.a convolution.o
a - convolution.o
rm -f convolution.o
gcc -c -I/usr/local/cwp/include -g  -std=c99 -Wall -pedantic -Wno-long-long  -D_FILE_OFFSET_BITS=64 -D_LARGEFILE64_SOURCE -DCWP_LITTLE_ENDIAN -DSUXDR -D_BSD_SOURCE  -D_BSD_SOURCE -D_POSIX_SOURCE cubicspline.c
ar rv /usr/local/cwp/lib/libcwp.a cubicspline.o
a - cubicspline.o
rm -f cubicspline.o
gcc -c -I/usr/local/cwp/include -g  -std=c99 -Wall -pedantic -Wno-long-long  -D_FILE_OFFSET_BITS=64 -D_LARGEFILE64_SOURCE -DCWP_LITTLE_ENDIAN -DSUXDR -D_BSD_SOURCE  -D_BSD_SOURCE -D_POSIX_SOURCE dblas.c
ar rv /usr/local/cwp/lib/libcwp.a dblas.o
a - dblas.o
rm -f dblas.o
gcc -c -I/usr/local/cwp/include -g  -std=c99 -Wall -pedantic -Wno-long-long  -D_FILE_OFFSET_BITS=64 -D_LARGEFILE64_SOURCE -DCWP_LITTLE_ENDIAN -DSUXDR -D_BSD_SOURCE  -D_BSD_SOURCE -D_POSIX_SOURCE dge.c
ar rv /usr/local/cwp/lib/libcwp.a dge.o
a - dge.o
rm -f dge.o
gcc -c -I/usr/local/cwp/include -g  -std=c99 -Wall -pedantic -Wno-long-long  -D_FILE_OFFSET_BITS=64 -D_LARGEFILE64_SOURCE -DCWP_LITTLE_ENDIAN -DSUXDR -D_BSD_SOURCE  -D_BSD_SOURCE -D_POSIX_SOURCE differentiate.c
ar rv /usr/local/cwp/lib/libcwp.a differentiate.o
a - differentiate.o
rm -f differentiate.o
gcc -c -I/usr/local/cwp/include -g  -std=c99 -Wall -pedantic -Wno-long-long  -D_FILE_OFFSET_BITS=64 -D_LARGEFILE64_SOURCE -DCWP_LITTLE_ENDIAN -DSUXDR -D_BSD_SOURCE  -D_BSD_SOURCE -D_POSIX_SOURCE exit.c
ar rv /usr/local/cwp/lib/libcwp.a exit.o
a - exit.o
rm -f exit.o
gcc -c -I/usr/local/cwp/include -g  -std=c99 -Wall -pedantic -Wno-long-long  -D_FILE_OFFSET_BITS=64 -D_LARGEFILE64_SOURCE -DCWP_LITTLE_ENDIAN -DSUXDR -D_BSD_SOURCE  -D_BSD_SOURCE -D_POSIX_SOURCE frannor.c
ar rv /usr/local/cwp/lib/libcwp.a frannor.o
a - frannor.o
rm -f frannor.o
gcc -c -I/usr/local/cwp/include -g  -std=c99 -Wall -pedantic -Wno-long-long  -D_FILE_OFFSET_BITS=64 -D_LARGEFILE64_SOURCE -DCWP_LITTLE_ENDIAN -DSUXDR -D_BSD_SOURCE  -D_BSD_SOURCE -D_POSIX_SOURCE franuni.c
ar rv /usr/local/cwp/lib/libcwp.a franuni.o
a - franuni.o
rm -f franuni.o
gcc -c -I/usr/local/cwp/include -g  -std=c99 -Wall -pedantic -Wno-long-long  -D_FILE_OFFSET_BITS=64 -D_LARGEFILE64_SOURCE -DCWP_LITTLE_ENDIAN -DSUXDR -D_BSD_SOURCE  -D_BSD_SOURCE -D_POSIX_SOURCE hankel.c
ar rv /usr/local/cwp/lib/libcwp.a hankel.o
a - hankel.o
rm -f hankel.o
gcc -c -I/usr/local/cwp/include -g  -std=c99 -Wall -pedantic -Wno-long-long  -D_FILE_OFFSET_BITS=64 -D_LARGEFILE64_SOURCE -DCWP_LITTLE_ENDIAN -DSUXDR -D_BSD_SOURCE  -D_BSD_SOURCE -D_POSIX_SOURCE hartley.c
ar rv /usr/local/cwp/lib/libcwp.a hartley.o
a - hartley.o
rm -f hartley.o
gcc -c -I/usr/local/cwp/include -g  -std=c99 -Wall -pedantic -Wno-long-long  -D_FILE_OFFSET_BITS=64 -D_LARGEFILE64_SOURCE -DCWP_LITTLE_ENDIAN -DSUXDR -D_BSD_SOURCE  -D_BSD_SOURCE -D_POSIX_SOURCE hilbert.c
ar rv /usr/local/cwp/lib/libcwp.a hilbert.o
a - hilbert.o
rm -f hilbert.o
gcc -c -I/usr/local/cwp/include -g  -std=c99 -Wall -pedantic -Wno-long-long  -D_FILE_OFFSET_BITS=64 -D_LARGEFILE64_SOURCE -DCWP_LITTLE_ENDIAN -DSUXDR -D_BSD_SOURCE  -D_BSD_SOURCE -D_POSIX_SOURCE holbergd1.c
ar rv /usr/local/cwp/lib/libcwp.a holbergd1.o
a - holbergd1.o
rm -f holbergd1.o
gcc -c -I/usr/local/cwp/include -g  -std=c99 -Wall -pedantic -Wno-long-long  -D_FILE_OFFSET_BITS=64 -D_LARGEFILE64_SOURCE -DCWP_LITTLE_ENDIAN -DSUXDR -D_BSD_SOURCE  -D_BSD_SOURCE -D_POSIX_SOURCE intcub.c
ar rv /usr/local/cwp/lib/libcwp.a intcub.o
a - intcub.o
rm -f intcub.o
gcc -c -I/usr/local/cwp/include -g  -std=c99 -Wall -pedantic -Wno-long-long  -D_FILE_OFFSET_BITS=64 -D_LARGEFILE64_SOURCE -DCWP_LITTLE_ENDIAN -DSUXDR -D_BSD_SOURCE  -D_BSD_SOURCE -D_POSIX_SOURCE intl2b.c
ar rv /usr/local/cwp/lib/libcwp.a intl2b.o
a - intl2b.o
rm -f intl2b.o
gcc -c -I/usr/local/cwp/include -g  -std=c99 -Wall -pedantic -Wno-long-long  -D_FILE_OFFSET_BITS=64 -D_LARGEFILE64_SOURCE -DCWP_LITTLE_ENDIAN -DSUXDR -D_BSD_SOURCE  -D_BSD_SOURCE -D_POSIX_SOURCE intlin.c
ar rv /usr/local/cwp/lib/libcwp.a intlin.o
a - intlin.o
rm -f intlin.o
gcc -c -I/usr/local/cwp/include -g  -std=c99 -Wall -pedantic -Wno-long-long  -D_FILE_OFFSET_BITS=64 -D_LARGEFILE64_SOURCE -DCWP_LITTLE_ENDIAN -DSUXDR -D_BSD_SOURCE  -D_BSD_SOURCE -D_POSIX_SOURCE intlinc.c
ar rv /usr/local/cwp/lib/libcwp.a intlinc.o
a - intlinc.o
rm -f intlinc.o
gcc -c -I/usr/local/cwp/include -g  -std=c99 -Wall -pedantic -Wno-long-long  -D_FILE_OFFSET_BITS=64 -D_LARGEFILE64_SOURCE -DCWP_LITTLE_ENDIAN -DSUXDR -D_BSD_SOURCE  -D_BSD_SOURCE -D_POSIX_SOURCE intlirr2b.c
ar rv /usr/local/cwp/lib/libcwp.a intlirr2b.o
a - intlirr2b.o
rm -f intlirr2b.o
gcc -c -I/usr/local/cwp/include -g  -std=c99 -Wall -pedantic -Wno-long-long  -D_FILE_OFFSET_BITS=64 -D_LARGEFILE64_SOURCE -DCWP_LITTLE_ENDIAN -DSUXDR -D_BSD_SOURCE  -D_BSD_SOURCE -D_POSIX_SOURCE intsinc8.c
ar rv /usr/local/cwp/lib/libcwp.a intsinc8.o
a - intsinc8.o
rm -f intsinc8.o
gcc -c -I/usr/local/cwp/include -g  -std=c99 -Wall -pedantic -Wno-long-long  -D_FILE_OFFSET_BITS=64 -D_LARGEFILE64_SOURCE -DCWP_LITTLE_ENDIAN -DSUXDR -D_BSD_SOURCE  -D_BSD_SOURCE -D_POSIX_SOURCE inttable8.c
ar rv /usr/local/cwp/lib/libcwp.a inttable8.o
a - inttable8.o
rm -f inttable8.o
gcc -c -I/usr/local/cwp/include -g  -std=c99 -Wall -pedantic -Wno-long-long  -D_FILE_OFFSET_BITS=64 -D_LARGEFILE64_SOURCE -DCWP_LITTLE_ENDIAN -DSUXDR -D_BSD_SOURCE  -D_BSD_SOURCE -D_POSIX_SOURCE linfit.c
ar rv /usr/local/cwp/lib/libcwp.a linfit.o
a - linfit.o
rm -f linfit.o
gcc -c -I/usr/local/cwp/include -g  -std=c99 -Wall -pedantic -Wno-long-long  -D_FILE_OFFSET_BITS=64 -D_LARGEFILE64_SOURCE -DCWP_LITTLE_ENDIAN -DSUXDR -D_BSD_SOURCE  -D_BSD_SOURCE -D_POSIX_SOURCE linregress.c
ar rv /usr/local/cwp/lib/libcwp.a linregress.o
a - linregress.o
rm -f linregress.o
gcc -c -I/usr/local/cwp/include -g  -std=c99 -Wall -pedantic -Wno-long-long  -D_FILE_OFFSET_BITS=64 -D_LARGEFILE64_SOURCE -DCWP_LITTLE_ENDIAN -DSUXDR -D_BSD_SOURCE  -D_BSD_SOURCE -D_POSIX_SOURCE maxmin.c
ar rv /usr/local/cwp/lib/libcwp.a maxmin.o
a - maxmin.o
rm -f maxmin.o
gcc -c -I/usr/local/cwp/include -g  -std=c99 -Wall -pedantic -Wno-long-long  -D_FILE_OFFSET_BITS=64 -D_LARGEFILE64_SOURCE -DCWP_LITTLE_ENDIAN -DSUXDR -D_BSD_SOURCE  -D_BSD_SOURCE -D_POSIX_SOURCE mkdiff.c
ar rv /usr/local/cwp/lib/libcwp.a mkdiff.o
a - mkdiff.o
rm -f mkdiff.o
gcc -c -I/usr/local/cwp/include -g  -std=c99 -Wall -pedantic -Wno-long-long  -D_FILE_OFFSET_BITS=64 -D_LARGEFILE64_SOURCE -DCWP_LITTLE_ENDIAN -DSUXDR -D_BSD_SOURCE  -D_BSD_SOURCE -D_POSIX_SOURCE mkhdiff.c
ar rv /usr/local/cwp/lib/libcwp.a mkhdiff.o
a - mkhdiff.o
rm -f mkhdiff.o
gcc -c -I/usr/local/cwp/include -g  -std=c99 -Wall -pedantic -Wno-long-long  -D_FILE_OFFSET_BITS=64 -D_LARGEFILE64_SOURCE -DCWP_LITTLE_ENDIAN -DSUXDR -D_BSD_SOURCE  -D_BSD_SOURCE -D_POSIX_SOURCE mksinc.c
ar rv /usr/local/cwp/lib/libcwp.a mksinc.o
a - mksinc.o
rm -f mksinc.o
gcc -c -I/usr/local/cwp/include -g  -std=c99 -Wall -pedantic -Wno-long-long  -D_FILE_OFFSET_BITS=64 -D_LARGEFILE64_SOURCE -DCWP_LITTLE_ENDIAN -DSUXDR -D_BSD_SOURCE  -D_BSD_SOURCE -D_POSIX_SOURCE mnewt.c
ar rv /usr/local/cwp/lib/libcwp.a mnewt.o
a - mnewt.o
rm -f mnewt.o
gcc -c -I/usr/local/cwp/include -g  -std=c99 -Wall -pedantic -Wno-long-long  -D_FILE_OFFSET_BITS=64 -D_LARGEFILE64_SOURCE -DCWP_LITTLE_ENDIAN -DSUXDR -D_BSD_SOURCE  -D_BSD_SOURCE -D_POSIX_SOURCE pfafft.c
ar rv /usr/local/cwp/lib/libcwp.a pfafft.o
a - pfafft.o
rm -f pfafft.o
gcc -c -I/usr/local/cwp/include -g  -std=c99 -Wall -pedantic -Wno-long-long  -D_FILE_OFFSET_BITS=64 -D_LARGEFILE64_SOURCE -DCWP_LITTLE_ENDIAN -DSUXDR -D_BSD_SOURCE  -D_BSD_SOURCE -D_POSIX_SOURCE dpfafft.c
ar rv /usr/local/cwp/lib/libcwp.a dpfafft.o
a - dpfafft.o
rm -f dpfafft.o
gcc -c -I/usr/local/cwp/include -g  -std=c99 -Wall -pedantic -Wno-long-long  -D_FILE_OFFSET_BITS=64 -D_LARGEFILE64_SOURCE -DCWP_LITTLE_ENDIAN -DSUXDR -D_BSD_SOURCE  -D_BSD_SOURCE -D_POSIX_SOURCE orthpolynomials.c
ar rv /usr/local/cwp/lib/libcwp.a orthpolynomials.o
a - orthpolynomials.o
rm -f orthpolynomials.o
gcc -c -I/usr/local/cwp/include -g  -std=c99 -Wall -pedantic -Wno-long-long  -D_FILE_OFFSET_BITS=64 -D_LARGEFILE64_SOURCE -DCWP_LITTLE_ENDIAN -DSUXDR -D_BSD_SOURCE  -D_BSD_SOURCE -D_POSIX_SOURCE polar.c
ar rv /usr/local/cwp/lib/libcwp.a polar.o
a - polar.o
rm -f polar.o
gcc -c -I/usr/local/cwp/include -g  -std=c99 -Wall -pedantic -Wno-long-long  -D_FILE_OFFSET_BITS=64 -D_LARGEFILE64_SOURCE -DCWP_LITTLE_ENDIAN -DSUXDR -D_BSD_SOURCE  -D_BSD_SOURCE -D_POSIX_SOURCE printerplot.c
ar rv /usr/local/cwp/lib/libcwp.a printerplot.o
a - printerplot.o
rm -f printerplot.o
gcc -c -I/usr/local/cwp/include -g  -std=c99 -Wall -pedantic -Wno-long-long  -D_FILE_OFFSET_BITS=64 -D_LARGEFILE64_SOURCE -DCWP_LITTLE_ENDIAN -DSUXDR -D_BSD_SOURCE  -D_BSD_SOURCE -D_POSIX_SOURCE quest.c
ar rv /usr/local/cwp/lib/libcwp.a quest.o
a - quest.o
rm -f quest.o
gcc -c -I/usr/local/cwp/include -g  -std=c99 -Wall -pedantic -Wno-long-long  -D_FILE_OFFSET_BITS=64 -D_LARGEFILE64_SOURCE -DCWP_LITTLE_ENDIAN -DSUXDR -D_BSD_SOURCE  -D_BSD_SOURCE -D_POSIX_SOURCE ressinc8.c
ar rv /usr/local/cwp/lib/libcwp.a ressinc8.o
a - ressinc8.o
rm -f ressinc8.o
gcc -c -I/usr/local/cwp/include -g  -std=c99 -Wall -pedantic -Wno-long-long  -D_FILE_OFFSET_BITS=64 -D_LARGEFILE64_SOURCE -DCWP_LITTLE_ENDIAN -DSUXDR -D_BSD_SOURCE  -D_BSD_SOURCE -D_POSIX_SOURCE rfwtva.c
ar rv /usr/local/cwp/lib/libcwp.a rfwtva.o
a - rfwtva.o
rm -f rfwtva.o
gcc -c -I/usr/local/cwp/include -g  -std=c99 -Wall -pedantic -Wno-long-long  -D_FILE_OFFSET_BITS=64 -D_LARGEFILE64_SOURCE -DCWP_LITTLE_ENDIAN -DSUXDR -D_BSD_SOURCE  -D_BSD_SOURCE -D_POSIX_SOURCE rfwtvaint.c
ar rv /usr/local/cwp/lib/libcwp.a rfwtvaint.o
a - rfwtvaint.o
rm -f rfwtvaint.o
gcc -c -I/usr/local/cwp/include -g  -std=c99 -Wall -pedantic -Wno-long-long  -D_FILE_OFFSET_BITS=64 -D_LARGEFILE64_SOURCE -DCWP_LITTLE_ENDIAN -DSUXDR -D_BSD_SOURCE  -D_BSD_SOURCE -D_POSIX_SOURCE sblas.c
ar rv /usr/local/cwp/lib/libcwp.a sblas.o
a - sblas.o
rm -f sblas.o
gcc -c -I/usr/local/cwp/include -g  -std=c99 -Wall -pedantic -Wno-long-long  -D_FILE_OFFSET_BITS=64 -D_LARGEFILE64_SOURCE -DCWP_LITTLE_ENDIAN -DSUXDR -D_BSD_SOURCE  -D_BSD_SOURCE -D_POSIX_SOURCE scaxis.c
ar rv /usr/local/cwp/lib/libcwp.a scaxis.o
a - scaxis.o
rm -f scaxis.o
gcc -c -I/usr/local/cwp/include -g  -std=c99 -Wall -pedantic -Wno-long-long  -D_FILE_OFFSET_BITS=64 -D_LARGEFILE64_SOURCE -DCWP_LITTLE_ENDIAN -DSUXDR -D_BSD_SOURCE  -D_BSD_SOURCE -D_POSIX_SOURCE sge.c
ar rv /usr/local/cwp/lib/libcwp.a sge.o
a - sge.o
rm -f sge.o
gcc -c -I/usr/local/cwp/include -g  -std=c99 -Wall -pedantic -Wno-long-long  -D_FILE_OFFSET_BITS=64 -D_LARGEFILE64_SOURCE -DCWP_LITTLE_ENDIAN -DSUXDR -D_BSD_SOURCE  -D_BSD_SOURCE -D_POSIX_SOURCE svd.c
ar rv /usr/local/cwp/lib/libcwp.a svd.o
a - svd.o
rm -f svd.o
gcc -c -I/usr/local/cwp/include -g  -std=c99 -Wall -pedantic -Wno-long-long  -D_FILE_OFFSET_BITS=64 -D_LARGEFILE64_SOURCE -DCWP_LITTLE_ENDIAN -DSUXDR -D_BSD_SOURCE  -D_BSD_SOURCE -D_POSIX_SOURCE shfs8r.c
ar rv /usr/local/cwp/lib/libcwp.a shfs8r.o
a - shfs8r.o
rm -f shfs8r.o
gcc -c -I/usr/local/cwp/include -g  -std=c99 -Wall -pedantic -Wno-long-long  -D_FILE_OFFSET_BITS=64 -D_LARGEFILE64_SOURCE -DCWP_LITTLE_ENDIAN -DSUXDR -D_BSD_SOURCE  -D_BSD_SOURCE -D_POSIX_SOURCE sinc.c
ar rv /usr/local/cwp/lib/libcwp.a sinc.o
a - sinc.o
rm -f sinc.o
gcc -c -I/usr/local/cwp/include -g  -std=c99 -Wall -pedantic -Wno-long-long  -D_FILE_OFFSET_BITS=64 -D_LARGEFILE64_SOURCE -DCWP_LITTLE_ENDIAN -DSUXDR -D_BSD_SOURCE  -D_BSD_SOURCE -D_POSIX_SOURCE sort.c
ar rv /usr/local/cwp/lib/libcwp.a sort.o
a - sort.o
rm -f sort.o
gcc -c -I/usr/local/cwp/include -g  -std=c99 -Wall -pedantic -Wno-long-long  -D_FILE_OFFSET_BITS=64 -D_LARGEFILE64_SOURCE -DCWP_LITTLE_ENDIAN -DSUXDR -D_BSD_SOURCE  -D_BSD_SOURCE -D_POSIX_SOURCE sqr.c
ar rv /usr/local/cwp/lib/libcwp.a sqr.o
a - sqr.o
rm -f sqr.o
gcc -c -I/usr/local/cwp/include -g  -std=c99 -Wall -pedantic -Wno-long-long  -D_FILE_OFFSET_BITS=64 -D_LARGEFILE64_SOURCE -DCWP_LITTLE_ENDIAN -DSUXDR -D_BSD_SOURCE  -D_BSD_SOURCE -D_POSIX_SOURCE stoep.c
ar rv /usr/local/cwp/lib/libcwp.a stoep.o
a - stoep.o
rm -f stoep.o
gcc -c -I/usr/local/cwp/include -g  -std=c99 -Wall -pedantic -Wno-long-long  -D_FILE_OFFSET_BITS=64 -D_LARGEFILE64_SOURCE -DCWP_LITTLE_ENDIAN -DSUXDR -D_BSD_SOURCE  -D_BSD_SOURCE -D_POSIX_SOURCE strstuff.c
ar rv /usr/local/cwp/lib/libcwp.a strstuff.o
a - strstuff.o
rm -f strstuff.o
gcc -c -I/usr/local/cwp/include -g  -std=c99 -Wall -pedantic -Wno-long-long  -D_FILE_OFFSET_BITS=64 -D_LARGEFILE64_SOURCE -DCWP_LITTLE_ENDIAN -DSUXDR -D_BSD_SOURCE  -D_BSD_SOURCE -D_POSIX_SOURCE swapbyte.c
ar rv /usr/local/cwp/lib/libcwp.a swapbyte.o
a - swapbyte.o
rm -f swapbyte.o
gcc -c -I/usr/local/cwp/include -g  -std=c99 -Wall -pedantic -Wno-long-long  -D_FILE_OFFSET_BITS=64 -D_LARGEFILE64_SOURCE -DCWP_LITTLE_ENDIAN -DSUXDR -D_BSD_SOURCE  -D_BSD_SOURCE -D_POSIX_SOURCE symmeigen.c
ar rv /usr/local/cwp/lib/libcwp.a symmeigen.o
a - symmeigen.o
rm -f symmeigen.o
gcc -c -I/usr/local/cwp/include -g  -std=c99 -Wall -pedantic -Wno-long-long  -D_FILE_OFFSET_BITS=64 -D_LARGEFILE64_SOURCE -DCWP_LITTLE_ENDIAN -DSUXDR -D_BSD_SOURCE  -D_BSD_SOURCE -D_POSIX_SOURCE tridiagonal.c
ar rv /usr/local/cwp/lib/libcwp.a tridiagonal.o
a - tridiagonal.o
rm -f tridiagonal.o
gcc -c -I/usr/local/cwp/include -g  -std=c99 -Wall -pedantic -Wno-long-long  -D_FILE_OFFSET_BITS=64 -D_LARGEFILE64_SOURCE -DCWP_LITTLE_ENDIAN -DSUXDR -D_BSD_SOURCE  -D_BSD_SOURCE -D_POSIX_SOURCE tempname.c
ar rv /usr/local/cwp/lib/libcwp.a tempname.o
a - tempname.o
rm -f tempname.o
gcc -c -I/usr/local/cwp/include -g  -std=c99 -Wall -pedantic -Wno-long-long  -D_FILE_OFFSET_BITS=64 -D_LARGEFILE64_SOURCE -DCWP_LITTLE_ENDIAN -DSUXDR -D_BSD_SOURCE  -D_BSD_SOURCE -D_POSIX_SOURCE unwrapphase.c
ar rv /usr/local/cwp/lib/libcwp.a unwrapphase.o
a - unwrapphase.o
rm -f unwrapphase.o
gcc -c -I/usr/local/cwp/include -g  -std=c99 -Wall -pedantic -Wno-long-long  -D_FILE_OFFSET_BITS=64 -D_LARGEFILE64_SOURCE -DCWP_LITTLE_ENDIAN -DSUXDR -D_BSD_SOURCE  -D_BSD_SOURCE -D_POSIX_SOURCE vandermonde.c
ar rv /usr/local/cwp/lib/libcwp.a vandermonde.o
a - vandermonde.o
rm -f vandermonde.o
gcc -c -I/usr/local/cwp/include -g  -std=c99 -Wall -pedantic -Wno-long-long  -D_FILE_OFFSET_BITS=64 -D_LARGEFILE64_SOURCE -DCWP_LITTLE_ENDIAN -DSUXDR -D_BSD_SOURCE  -D_BSD_SOURCE -D_POSIX_SOURCE waveforms.c
ar rv /usr/local/cwp/lib/libcwp.a waveforms.o
a - waveforms.o
rm -f waveforms.o
gcc -c -I/usr/local/cwp/include -g  -std=c99 -Wall -pedantic -Wno-long-long  -D_FILE_OFFSET_BITS=64 -D_LARGEFILE64_SOURCE -DCWP_LITTLE_ENDIAN -DSUXDR -D_BSD_SOURCE  -D_BSD_SOURCE -D_POSIX_SOURCE windows.c
ar rv /usr/local/cwp/lib/libcwp.a windows.o
a - windows.o
rm -f windows.o
gcc -c -I/usr/local/cwp/include -g  -std=c99 -Wall -pedantic -Wno-long-long  -D_FILE_OFFSET_BITS=64 -D_LARGEFILE64_SOURCE -DCWP_LITTLE_ENDIAN -DSUXDR -D_BSD_SOURCE  -D_BSD_SOURCE -D_POSIX_SOURCE wrap.c
ar rv /usr/local/cwp/lib/libcwp.a wrap.o
a - wrap.o
rm -f wrap.o
gcc -c -I/usr/local/cwp/include -g  -std=c99 -Wall -pedantic -Wno-long-long  -D_FILE_OFFSET_BITS=64 -D_LARGEFILE64_SOURCE -DCWP_LITTLE_ENDIAN -DSUXDR -D_BSD_SOURCE  -D_BSD_SOURCE -D_POSIX_SOURCE xcor.c
ar rv /usr/local/cwp/lib/libcwp.a xcor.o
a - xcor.o
rm -f xcor.o
gcc -c -I/usr/local/cwp/include -g  -std=c99 -Wall -pedantic -Wno-long-long  -D_FILE_OFFSET_BITS=64 -D_LARGEFILE64_SOURCE -DCWP_LITTLE_ENDIAN -DSUXDR -D_BSD_SOURCE  -D_BSD_SOURCE -D_POSIX_SOURCE xindex.c
ar rv /usr/local/cwp/lib/libcwp.a xindex.o
a - xindex.o
rm -f xindex.o
gcc -c -I/usr/local/cwp/include -g  -std=c99 -Wall -pedantic -Wno-long-long  -D_FILE_OFFSET_BITS=64 -D_LARGEFILE64_SOURCE -DCWP_LITTLE_ENDIAN -DSUXDR -D_BSD_SOURCE  -D_BSD_SOURCE -D_POSIX_SOURCE yclip.c
ar rv /usr/local/cwp/lib/libcwp.a yclip.o
a - yclip.o
rm -f yclip.o
gcc -c -I/usr/local/cwp/include -g  -std=c99 -Wall -pedantic -Wno-long-long  -D_FILE_OFFSET_BITS=64 -D_LARGEFILE64_SOURCE -DCWP_LITTLE_ENDIAN -DSUXDR -D_BSD_SOURCE  -D_BSD_SOURCE -D_POSIX_SOURCE yxtoxy.c
ar rv /usr/local/cwp/lib/libcwp.a yxtoxy.o
a - yxtoxy.o
rm -f yxtoxy.o
gcc -c -I/usr/local/cwp/include -g  -std=c99 -Wall -pedantic -Wno-long-long  -D_FILE_OFFSET_BITS=64 -D_LARGEFILE64_SOURCE -DCWP_LITTLE_ENDIAN -DSUXDR -D_BSD_SOURCE  -D_BSD_SOURCE -D_POSIX_SOURCE zasc.c
ar rv /usr/local/cwp/lib/libcwp.a zasc.o
a - zasc.o
rm -f zasc.o
gcc -c -I/usr/local/cwp/include -g  -std=c99 -Wall -pedantic -Wno-long-long  -D_FILE_OFFSET_BITS=64 -D_LARGEFILE64_SOURCE -DCWP_LITTLE_ENDIAN -DSUXDR -D_BSD_SOURCE  -D_BSD_SOURCE -D_POSIX_SOURCE zebc.c
ar rv /usr/local/cwp/lib/libcwp.a zebc.o
a - zebc.o
rm -f zebc.o
ranlib /usr/local/cwp/lib/libcwp.a
make[2]: Leaving directory `/usr/local/cwp/src/cwp/lib'
cd main    ; make
make[2]: Entering directory `/usr/local/cwp/src/cwp/main'
gcc -I/usr/local/cwp/include -g  -std=c99 -Wall -pedantic -Wno-long-long  -D_FILE_OFFSET_BITS=64 -D_LARGEFILE64_SOURCE -DCWP_LITTLE_ENDIAN -DSUXDR -D_BSD_SOURCE  -D_BSD_SOURCE -D_POSIX_SOURCE ctrlstrip.c  -L/usr/local/cwp/lib -lcwp  -o /usr/local/cwp/bin/ctrlstrip
chmod 755 /usr/local/cwp/bin/ctrlstrip
ctrlstrip installed in /usr/local/cwp/bin
gcc -I/usr/local/cwp/include -g  -std=c99 -Wall -pedantic -Wno-long-long  -D_FILE_OFFSET_BITS=64 -D_LARGEFILE64_SOURCE -DCWP_LITTLE_ENDIAN -DSUXDR -D_BSD_SOURCE  -D_BSD_SOURCE -D_POSIX_SOURCE downfort.c  -L/usr/local/cwp/lib -lcwp  -o /usr/local/cwp/bin/downfort
chmod 755 /usr/local/cwp/bin/downfort
downfort installed in /usr/local/cwp/bin
gcc -I/usr/local/cwp/include -g  -std=c99 -Wall -pedantic -Wno-long-long  -D_FILE_OFFSET_BITS=64 -D_LARGEFILE64_SOURCE -DCWP_LITTLE_ENDIAN -DSUXDR -D_BSD_SOURCE  -D_BSD_SOURCE -D_POSIX_SOURCE fcat.c  -L/usr/local/cwp/lib -lcwp  -o /usr/local/cwp/bin/fcat
chmod 755 /usr/local/cwp/bin/fcat
fcat installed in /usr/local/cwp/bin
gcc -I/usr/local/cwp/include -g  -std=c99 -Wall -pedantic -Wno-long-long  -D_FILE_OFFSET_BITS=64 -D_LARGEFILE64_SOURCE -DCWP_LITTLE_ENDIAN -DSUXDR -D_BSD_SOURCE  -D_BSD_SOURCE -D_POSIX_SOURCE isatty.c  -L/usr/local/cwp/lib -lcwp  -o /usr/local/cwp/bin/isatty
chmod 755 /usr/local/cwp/bin/isatty
isatty installed in /usr/local/cwp/bin
gcc -I/usr/local/cwp/include -g  -std=c99 -Wall -pedantic -Wno-long-long  -D_FILE_OFFSET_BITS=64 -D_LARGEFILE64_SOURCE -DCWP_LITTLE_ENDIAN -DSUXDR -D_BSD_SOURCE  -D_BSD_SOURCE -D_POSIX_SOURCE maxints.c  -L/usr/local/cwp/lib -lcwp  -o /usr/local/cwp/bin/maxints
chmod 755 /usr/local/cwp/bin/maxints
maxints installed in /usr/local/cwp/bin
gcc -I/usr/local/cwp/include -g  -std=c99 -Wall -pedantic -Wno-long-long  -D_FILE_OFFSET_BITS=64 -D_LARGEFILE64_SOURCE -DCWP_LITTLE_ENDIAN -DSUXDR -D_BSD_SOURCE  -D_BSD_SOURCE -D_POSIX_SOURCE pause.c  -L/usr/local/cwp/lib -lcwp  -o /usr/local/cwp/bin/pause
chmod 755 /usr/local/cwp/bin/pause
pause installed in /usr/local/cwp/bin
gcc -I/usr/local/cwp/include -g  -std=c99 -Wall -pedantic -Wno-long-long  -D_FILE_OFFSET_BITS=64 -D_LARGEFILE64_SOURCE -DCWP_LITTLE_ENDIAN -DSUXDR -D_BSD_SOURCE  -D_BSD_SOURCE -D_POSIX_SOURCE t.c  -L/usr/local/cwp/lib -lcwp  -o /usr/local/cwp/bin/t
chmod 755 /usr/local/cwp/bin/t
t installed in /usr/local/cwp/bin
gcc -I/usr/local/cwp/include -g  -std=c99 -Wall -pedantic -Wno-long-long  -D_FILE_OFFSET_BITS=64 -D_LARGEFILE64_SOURCE -DCWP_LITTLE_ENDIAN -DSUXDR -D_BSD_SOURCE  -D_BSD_SOURCE -D_POSIX_SOURCE upfort.c  -L/usr/local/cwp/lib -lcwp  -o /usr/local/cwp/bin/upfort
chmod 755 /usr/local/cwp/bin/upfort
upfort installed in /usr/local/cwp/bin
make[2]: Leaving directory `/usr/local/cwp/src/cwp/main'
cd shell   ; make
make[2]: Entering directory `/usr/local/cwp/src/cwp/shell'
argv installed in /usr/local/cwp/bin
copyright installed in /usr/local/cwp/bin
cpall installed in /usr/local/cwp/bin
cwpfind installed in /usr/local/cwp/bin
dirtree installed in /usr/local/cwp/bin
filetype installed in /usr/local/cwp/bin
Grep installed in /usr/local/cwp/bin
newcase installed in /usr/local/cwp/bin
overwrite installed in /usr/local/cwp/bin
precedence installed in /usr/local/cwp/bin
rcslocks installed in /usr/local/cwp/bin
replace installed in /usr/local/cwp/bin
sys_arch installed in /usr/local/cwp/bin
this_year installed in /usr/local/cwp/bin
time_now installed in /usr/local/cwp/bin
todays_date installed in /usr/local/cwp/bin
weekday installed in /usr/local/cwp/bin
usernames installed in /usr/local/cwp/bin
varlist installed in /usr/local/cwp/bin
why installed in /usr/local/cwp/bin
zap installed in /usr/local/cwp/bin
/usr/local/cwp/bin/rcpall installed in /usr/local/cwp/bin
make[2]: Leaving directory `/usr/local/cwp/src/cwp/shell'
make[1]: Leaving directory `/usr/local/cwp/src/cwp'
cd ./par; make
make[1]: Entering directory `/usr/local/cwp/src/par'
cd include ; make
make[2]: Entering directory `/usr/local/cwp/src/par/include'
par.h installed in /usr/local/cwp/include
taup.h installed in /usr/local/cwp/include
VND.h installed in /usr/local/cwp/include
wt.h installed in /usr/local/cwp/include
anisotropy.h installed in /usr/local/cwp/include
rke.h installed in /usr/local/cwp/include
make[2]: Leaving directory `/usr/local/cwp/src/par/include'
cd lib     ; make
make[2]: Entering directory `/usr/local/cwp/src/par/lib'
gcc -c -I/usr/local/cwp/include -g  -std=c99 -Wall -pedantic -Wno-long-long  -D_FILE_OFFSET_BITS=64 -D_LARGEFILE64_SOURCE -DCWP_LITTLE_ENDIAN -DSUXDR -D_BSD_SOURCE  -D_BSD_SOURCE -D_POSIX_SOURCE atopkge.c
ar rv /usr/local/cwp/lib/libpar.a atopkge.o
ar: creating /usr/local/cwp/lib/libpar.a
a - atopkge.o
rm -f atopkge.o
gcc -c -I/usr/local/cwp/include -g  -std=c99 -Wall -pedantic -Wno-long-long  -D_FILE_OFFSET_BITS=64 -D_LARGEFILE64_SOURCE -DCWP_LITTLE_ENDIAN -DSUXDR -D_BSD_SOURCE  -D_BSD_SOURCE -D_POSIX_SOURCE docpkge.c
ar rv /usr/local/cwp/lib/libpar.a docpkge.o
a - docpkge.o
rm -f docpkge.o
gcc -c -I/usr/local/cwp/include -g  -std=c99 -Wall -pedantic -Wno-long-long  -D_FILE_OFFSET_BITS=64 -D_LARGEFILE64_SOURCE -DCWP_LITTLE_ENDIAN -DSUXDR -D_BSD_SOURCE  -D_BSD_SOURCE -D_POSIX_SOURCE ealloc.c
ar rv /usr/local/cwp/lib/libpar.a ealloc.o
a - ealloc.o
rm -f ealloc.o
gcc -c -I/usr/local/cwp/include -g  -std=c99 -Wall -pedantic -Wno-long-long  -D_FILE_OFFSET_BITS=64 -D_LARGEFILE64_SOURCE -DCWP_LITTLE_ENDIAN -DSUXDR -D_BSD_SOURCE  -D_BSD_SOURCE -D_POSIX_SOURCE errpkge.c
ar rv /usr/local/cwp/lib/libpar.a errpkge.o
a - errpkge.o
rm -f errpkge.o
gcc -c -I/usr/local/cwp/include -g  -std=c99 -Wall -pedantic -Wno-long-long  -D_FILE_OFFSET_BITS=64 -D_LARGEFILE64_SOURCE -DCWP_LITTLE_ENDIAN -DSUXDR -D_BSD_SOURCE  -D_BSD_SOURCE -D_POSIX_SOURCE filestat.c
ar rv /usr/local/cwp/lib/libpar.a filestat.o
a - filestat.o
rm -f filestat.o
gcc -c -I/usr/local/cwp/include -g  -std=c99 -Wall -pedantic -Wno-long-long  -D_FILE_OFFSET_BITS=64 -D_LARGEFILE64_SOURCE -DCWP_LITTLE_ENDIAN -DSUXDR -D_BSD_SOURCE  -D_BSD_SOURCE -D_POSIX_SOURCE fractal.c
ar rv /usr/local/cwp/lib/libpar.a fractal.o
a - fractal.o
rm -f fractal.o
gcc -c -I/usr/local/cwp/include -g  -std=c99 -Wall -pedantic -Wno-long-long  -D_FILE_OFFSET_BITS=64 -D_LARGEFILE64_SOURCE -DCWP_LITTLE_ENDIAN -DSUXDR -D_BSD_SOURCE  -D_BSD_SOURCE -D_POSIX_SOURCE getpars.c
ar rv /usr/local/cwp/lib/libpar.a getpars.o
a - getpars.o
rm -f getpars.o
gcc -c -I/usr/local/cwp/include -g  -std=c99 -Wall -pedantic -Wno-long-long  -D_FILE_OFFSET_BITS=64 -D_LARGEFILE64_SOURCE -DCWP_LITTLE_ENDIAN -DSUXDR -D_BSD_SOURCE  -D_BSD_SOURCE -D_POSIX_SOURCE lincoeff.c
ar rv /usr/local/cwp/lib/libpar.a lincoeff.o
a - lincoeff.o
rm -f lincoeff.o
gcc -c -I/usr/local/cwp/include -g  -std=c99 -Wall -pedantic -Wno-long-long  -D_FILE_OFFSET_BITS=64 -D_LARGEFILE64_SOURCE -DCWP_LITTLE_ENDIAN -DSUXDR -D_BSD_SOURCE  -D_BSD_SOURCE -D_POSIX_SOURCE minfunc.c
ar rv /usr/local/cwp/lib/libpar.a minfunc.o
a - minfunc.o
rm -f minfunc.o
gcc -c -I/usr/local/cwp/include -g  -std=c99 -Wall -pedantic -Wno-long-long  -D_FILE_OFFSET_BITS=64 -D_LARGEFILE64_SOURCE -DCWP_LITTLE_ENDIAN -DSUXDR -D_BSD_SOURCE  -D_BSD_SOURCE -D_POSIX_SOURCE modeling.c
ar rv /usr/local/cwp/lib/libpar.a modeling.o
a - modeling.o
rm -f modeling.o
gcc -c -I/usr/local/cwp/include -g  -std=c99 -Wall -pedantic -Wno-long-long  -D_FILE_OFFSET_BITS=64 -D_LARGEFILE64_SOURCE -DCWP_LITTLE_ENDIAN -DSUXDR -D_BSD_SOURCE  -D_BSD_SOURCE -D_POSIX_SOURCE refaniso.c
ar rv /usr/local/cwp/lib/libpar.a refaniso.o
a - refaniso.o
rm -f refaniso.o
gcc -c -I/usr/local/cwp/include -g  -std=c99 -Wall -pedantic -Wno-long-long  -D_FILE_OFFSET_BITS=64 -D_LARGEFILE64_SOURCE -DCWP_LITTLE_ENDIAN -DSUXDR -D_BSD_SOURCE  -D_BSD_SOURCE -D_POSIX_SOURCE rke.c
ar rv /usr/local/cwp/lib/libpar.a rke.o
a - rke.o
rm -f rke.o
gcc -c -I/usr/local/cwp/include -g  -std=c99 -Wall -pedantic -Wno-long-long  -D_FILE_OFFSET_BITS=64 -D_LARGEFILE64_SOURCE -DCWP_LITTLE_ENDIAN -DSUXDR -D_BSD_SOURCE  -D_BSD_SOURCE -D_POSIX_SOURCE smooth.c
ar rv /usr/local/cwp/lib/libpar.a smooth.o
a - smooth.o
rm -f smooth.o
gcc -c -I/usr/local/cwp/include -g  -std=c99 -Wall -pedantic -Wno-long-long  -D_FILE_OFFSET_BITS=64 -D_LARGEFILE64_SOURCE -DCWP_LITTLE_ENDIAN -DSUXDR -D_BSD_SOURCE  -D_BSD_SOURCE -D_POSIX_SOURCE syscalls.c
ar rv /usr/local/cwp/lib/libpar.a syscalls.o
a - syscalls.o
rm -f syscalls.o
gcc -c -I/usr/local/cwp/include -g  -std=c99 -Wall -pedantic -Wno-long-long  -D_FILE_OFFSET_BITS=64 -D_LARGEFILE64_SOURCE -DCWP_LITTLE_ENDIAN -DSUXDR -D_BSD_SOURCE  -D_BSD_SOURCE -D_POSIX_SOURCE subcalls.c
ar rv /usr/local/cwp/lib/libpar.a subcalls.o
a - subcalls.o
rm -f subcalls.o
gcc -c -I/usr/local/cwp/include -g  -std=c99 -Wall -pedantic -Wno-long-long  -D_FILE_OFFSET_BITS=64 -D_LARGEFILE64_SOURCE -DCWP_LITTLE_ENDIAN -DSUXDR -D_BSD_SOURCE  -D_BSD_SOURCE -D_POSIX_SOURCE taup.c
ar rv /usr/local/cwp/lib/libpar.a taup.o
a - taup.o
rm -f taup.o
gcc -c -I/usr/local/cwp/include -g  -std=c99 -Wall -pedantic -Wno-long-long  -D_FILE_OFFSET_BITS=64 -D_LARGEFILE64_SOURCE -DCWP_LITTLE_ENDIAN -DSUXDR -D_BSD_SOURCE  -D_BSD_SOURCE -D_POSIX_SOURCE VND.c
ar rv /usr/local/cwp/lib/libpar.a VND.o
a - VND.o
rm -f VND.o
gcc -c -I/usr/local/cwp/include -g  -std=c99 -Wall -pedantic -Wno-long-long  -D_FILE_OFFSET_BITS=64 -D_LARGEFILE64_SOURCE -DCWP_LITTLE_ENDIAN -DSUXDR -D_BSD_SOURCE  -D_BSD_SOURCE -D_POSIX_SOURCE upweik.c
ar rv /usr/local/cwp/lib/libpar.a upweik.o
a - upweik.o
rm -f upweik.o
gcc -c -I/usr/local/cwp/include -g  -std=c99 -Wall -pedantic -Wno-long-long  -D_FILE_OFFSET_BITS=64 -D_LARGEFILE64_SOURCE -DCWP_LITTLE_ENDIAN -DSUXDR -D_BSD_SOURCE  -D_BSD_SOURCE -D_POSIX_SOURCE wtlib.c
ar rv /usr/local/cwp/lib/libpar.a wtlib.o
a - wtlib.o
rm -f wtlib.o
ranlib /usr/local/cwp/lib/libpar.a
make[2]: Leaving directory `/usr/local/cwp/src/par/lib'
cd main    ; make
make[2]: Entering directory `/usr/local/cwp/src/par/main'
gcc -I/usr/local/cwp/include -g  -std=c99 -Wall -pedantic -Wno-long-long  -D_FILE_OFFSET_BITS=64 -D_LARGEFILE64_SOURCE -DCWP_LITTLE_ENDIAN -DSUXDR -D_BSD_SOURCE  -D_BSD_SOURCE -D_POSIX_SOURCE a2b.c  -L/usr/local/cwp/lib -lpar -lcwp -lm  -o /usr/local/cwp/bin/a2b
/usr/local/cwp/lib/libcwp.a(tempname.o): In function `temporary_filename':
/usr/local/cwp/src/cwp/lib/tempname.c:121: warning: the use of `tmpnam' is dangerous, better use `mkstemp'
chmod 755 /usr/local/cwp/bin/a2b
a2b installed in /usr/local/cwp/bin
gcc -I/usr/local/cwp/include -g  -std=c99 -Wall -pedantic -Wno-long-long  -D_FILE_OFFSET_BITS=64 -D_LARGEFILE64_SOURCE -DCWP_LITTLE_ENDIAN -DSUXDR -D_BSD_SOURCE  -D_BSD_SOURCE -D_POSIX_SOURCE addrvl3d.c  -L/usr/local/cwp/lib -lpar -lcwp -lm  -o /usr/local/cwp/bin/addrvl3d
/usr/local/cwp/lib/libcwp.a(tempname.o): In function `temporary_filename':
/usr/local/cwp/src/cwp/lib/tempname.c:121: warning: the use of `tmpnam' is dangerous, better use `mkstemp'
chmod 755 /usr/local/cwp/bin/addrvl3d
addrvl3d installed in /usr/local/cwp/bin
gcc -I/usr/local/cwp/include -g  -std=c99 -Wall -pedantic -Wno-long-long  -D_FILE_OFFSET_BITS=64 -D_LARGEFILE64_SOURCE -DCWP_LITTLE_ENDIAN -DSUXDR -D_BSD_SOURCE  -D_BSD_SOURCE -D_POSIX_SOURCE a2i.c  -L/usr/local/cwp/lib -lpar -lcwp -lm  -o /usr/local/cwp/bin/a2i
/usr/local/cwp/lib/libcwp.a(tempname.o): In function `temporary_filename':
/usr/local/cwp/src/cwp/lib/tempname.c:121: warning: the use of `tmpnam' is dangerous, better use `mkstemp'
chmod 755 /usr/local/cwp/bin/a2i
a2i installed in /usr/local/cwp/bin
gcc -I/usr/local/cwp/include -g  -std=c99 -Wall -pedantic -Wno-long-long  -D_FILE_OFFSET_BITS=64 -D_LARGEFILE64_SOURCE -DCWP_LITTLE_ENDIAN -DSUXDR -D_BSD_SOURCE  -D_BSD_SOURCE -D_POSIX_SOURCE b2a.c  -L/usr/local/cwp/lib -lpar -lcwp -lm  -o /usr/local/cwp/bin/b2a
/usr/local/cwp/lib/libcwp.a(tempname.o): In function `temporary_filename':
/usr/local/cwp/src/cwp/lib/tempname.c:121: warning: the use of `tmpnam' is dangerous, better use `mkstemp'
chmod 755 /usr/local/cwp/bin/b2a
b2a installed in /usr/local/cwp/bin
gcc -I/usr/local/cwp/include -g  -std=c99 -Wall -pedantic -Wno-long-long  -D_FILE_OFFSET_BITS=64 -D_LARGEFILE64_SOURCE -DCWP_LITTLE_ENDIAN -DSUXDR -D_BSD_SOURCE  -D_BSD_SOURCE -D_POSIX_SOURCE cshotplot.c  -L/usr/local/cwp/lib -lpar -lcwp -lm  -o /usr/local/cwp/bin/cshotplot
/usr/local/cwp/lib/libcwp.a(tempname.o): In function `temporary_filename':
/usr/local/cwp/src/cwp/lib/tempname.c:121: warning: the use of `tmpnam' is dangerous, better use `mkstemp'
chmod 755 /usr/local/cwp/bin/cshotplot
cshotplot installed in /usr/local/cwp/bin
gcc -I/usr/local/cwp/include -g  -std=c99 -Wall -pedantic -Wno-long-long  -D_FILE_OFFSET_BITS=64 -D_LARGEFILE64_SOURCE -DCWP_LITTLE_ENDIAN -DSUXDR -D_BSD_SOURCE  -D_BSD_SOURCE -D_POSIX_SOURCE cellauto.c  -L/usr/local/cwp/lib -lpar -lcwp -lm  -o /usr/local/cwp/bin/cellauto
/usr/local/cwp/lib/libcwp.a(tempname.o): In function `temporary_filename':
/usr/local/cwp/src/cwp/lib/tempname.c:121: warning: the use of `tmpnam' is dangerous, better use `mkstemp'
chmod 755 /usr/local/cwp/bin/cellauto
cellauto installed in /usr/local/cwp/bin
gcc -I/usr/local/cwp/include -g  -std=c99 -Wall -pedantic -Wno-long-long  -D_FILE_OFFSET_BITS=64 -D_LARGEFILE64_SOURCE -DCWP_LITTLE_ENDIAN -DSUXDR -D_BSD_SOURCE  -D_BSD_SOURCE -D_POSIX_SOURCE cpftrend.c  -L/usr/local/cwp/lib -lpar -lcwp -lm  -o /usr/local/cwp/bin/cpftrend
/usr/local/cwp/lib/libcwp.a(tempname.o): In function `temporary_filename':
/usr/local/cwp/src/cwp/lib/tempname.c:121: warning: the use of `tmpnam' is dangerous, better use `mkstemp'
chmod 755 /usr/local/cwp/bin/cpftrend
cpftrend installed in /usr/local/cwp/bin
gcc -I/usr/local/cwp/include -g  -std=c99 -Wall -pedantic -Wno-long-long  -D_FILE_OFFSET_BITS=64 -D_LARGEFILE64_SOURCE -DCWP_LITTLE_ENDIAN -DSUXDR -D_BSD_SOURCE  -D_BSD_SOURCE -D_POSIX_SOURCE dzdv.c  -L/usr/local/cwp/lib -lpar -lcwp -lm  -o /usr/local/cwp/bin/dzdv
/usr/local/cwp/lib/libcwp.a(tempname.o): In function `temporary_filename':
/usr/local/cwp/src/cwp/lib/tempname.c:121: warning: the use of `tmpnam' is dangerous, better use `mkstemp'
chmod 755 /usr/local/cwp/bin/dzdv
dzdv installed in /usr/local/cwp/bin
gcc -I/usr/local/cwp/include -g  -std=c99 -Wall -pedantic -Wno-long-long  -D_FILE_OFFSET_BITS=64 -D_LARGEFILE64_SOURCE -DCWP_LITTLE_ENDIAN -DSUXDR -D_BSD_SOURCE  -D_BSD_SOURCE -D_POSIX_SOURCE farith.c  -L/usr/local/cwp/lib -lpar -lcwp -lm  -o /usr/local/cwp/bin/farith
/usr/local/cwp/lib/libcwp.a(tempname.o): In function `temporary_filename':
/usr/local/cwp/src/cwp/lib/tempname.c:121: warning: the use of `tmpnam' is dangerous, better use `mkstemp'
chmod 755 /usr/local/cwp/bin/farith
farith installed in /usr/local/cwp/bin
gcc -I/usr/local/cwp/include -g  -std=c99 -Wall -pedantic -Wno-long-long  -D_FILE_OFFSET_BITS=64 -D_LARGEFILE64_SOURCE -DCWP_LITTLE_ENDIAN -DSUXDR -D_BSD_SOURCE  -D_BSD_SOURCE -D_POSIX_SOURCE float2ibm.c  -L/usr/local/cwp/lib -lpar -lcwp -lm  -o /usr/local/cwp/bin/float2ibm
/usr/local/cwp/lib/libcwp.a(tempname.o): In function `temporary_filename':
/usr/local/cwp/src/cwp/lib/tempname.c:121: warning: the use of `tmpnam' is dangerous, better use `mkstemp'
chmod 755 /usr/local/cwp/bin/float2ibm
float2ibm installed in /usr/local/cwp/bin
gcc -I/usr/local/cwp/include -g  -std=c99 -Wall -pedantic -Wno-long-long  -D_FILE_OFFSET_BITS=64 -D_LARGEFILE64_SOURCE -DCWP_LITTLE_ENDIAN -DSUXDR -D_BSD_SOURCE  -D_BSD_SOURCE -D_POSIX_SOURCE ftnstrip.c  -L/usr/local/cwp/lib -lpar -lcwp -lm  -o /usr/local/cwp/bin/ftnstrip
/usr/local/cwp/lib/libcwp.a(tempname.o): In function `temporary_filename':
/usr/local/cwp/src/cwp/lib/tempname.c:121: warning: the use of `tmpnam' is dangerous, better use `mkstemp'
chmod 755 /usr/local/cwp/bin/ftnstrip
ftnstrip installed in /usr/local/cwp/bin
gcc -I/usr/local/cwp/include -g  -std=c99 -Wall -pedantic -Wno-long-long  -D_FILE_OFFSET_BITS=64 -D_LARGEFILE64_SOURCE -DCWP_LITTLE_ENDIAN -DSUXDR -D_BSD_SOURCE  -D_BSD_SOURCE -D_POSIX_SOURCE ftnunstrip.c  -L/usr/local/cwp/lib -lpar -lcwp -lm  -o /usr/local/cwp/bin/ftnunstrip
/usr/local/cwp/lib/libcwp.a(tempname.o): In function `temporary_filename':
/usr/local/cwp/src/cwp/lib/tempname.c:121: warning: the use of `tmpnam' is dangerous, better use `mkstemp'
chmod 755 /usr/local/cwp/bin/ftnunstrip
ftnunstrip installed in /usr/local/cwp/bin
gcc -I/usr/local/cwp/include -g  -std=c99 -Wall -pedantic -Wno-long-long  -D_FILE_OFFSET_BITS=64 -D_LARGEFILE64_SOURCE -DCWP_LITTLE_ENDIAN -DSUXDR -D_BSD_SOURCE  -D_BSD_SOURCE -D_POSIX_SOURCE grm.c  -L/usr/local/cwp/lib -lpar -lcwp -lm  -o /usr/local/cwp/bin/grm
/usr/local/cwp/lib/libcwp.a(tempname.o): In function `temporary_filename':
/usr/local/cwp/src/cwp/lib/tempname.c:121: warning: the use of `tmpnam' is dangerous, better use `mkstemp'
chmod 755 /usr/local/cwp/bin/grm
grm installed in /usr/local/cwp/bin
gcc -I/usr/local/cwp/include -g  -std=c99 -Wall -pedantic -Wno-long-long  -D_FILE_OFFSET_BITS=64 -D_LARGEFILE64_SOURCE -DCWP_LITTLE_ENDIAN -DSUXDR -D_BSD_SOURCE  -D_BSD_SOURCE -D_POSIX_SOURCE h2b.c  -L/usr/local/cwp/lib -lpar -lcwp -lm  -o /usr/local/cwp/bin/h2b
/usr/local/cwp/lib/libcwp.a(tempname.o): In function `temporary_filename':
/usr/local/cwp/src/cwp/lib/tempname.c:121: warning: the use of `tmpnam' is dangerous, better use `mkstemp'
chmod 755 /usr/local/cwp/bin/h2b
h2b installed in /usr/local/cwp/bin
gcc -I/usr/local/cwp/include -g  -std=c99 -Wall -pedantic -Wno-long-long  -D_FILE_OFFSET_BITS=64 -D_LARGEFILE64_SOURCE -DCWP_LITTLE_ENDIAN -DSUXDR -D_BSD_SOURCE  -D_BSD_SOURCE -D_POSIX_SOURCE hti2stiff.c  -L/usr/local/cwp/lib -lpar -lcwp -lm  -o /usr/local/cwp/bin/hti2stiff
/usr/local/cwp/lib/libcwp.a(tempname.o): In function `temporary_filename':
/usr/local/cwp/src/cwp/lib/tempname.c:121: warning: the use of `tmpnam' is dangerous, better use `mkstemp'
chmod 755 /usr/local/cwp/bin/hti2stiff
hti2stiff installed in /usr/local/cwp/bin
gcc -I/usr/local/cwp/include -g  -std=c99 -Wall -pedantic -Wno-long-long  -D_FILE_OFFSET_BITS=64 -D_LARGEFILE64_SOURCE -DCWP_LITTLE_ENDIAN -DSUXDR -D_BSD_SOURCE  -D_BSD_SOURCE -D_POSIX_SOURCE hudson.c  -L/usr/local/cwp/lib -lpar -lcwp -lm  -o /usr/local/cwp/bin/hudson
/usr/local/cwp/lib/libcwp.a(tempname.o): In function `temporary_filename':
/usr/local/cwp/src/cwp/lib/tempname.c:121: warning: the use of `tmpnam' is dangerous, better use `mkstemp'
chmod 755 /usr/local/cwp/bin/hudson
hudson installed in /usr/local/cwp/bin
gcc -I/usr/local/cwp/include -g  -std=c99 -Wall -pedantic -Wno-long-long  -D_FILE_OFFSET_BITS=64 -D_LARGEFILE64_SOURCE -DCWP_LITTLE_ENDIAN -DSUXDR -D_BSD_SOURCE  -D_BSD_SOURCE -D_POSIX_SOURCE ibm2float.c  -L/usr/local/cwp/lib -lpar -lcwp -lm  -o /usr/local/cwp/bin/ibm2float
/usr/local/cwp/lib/libcwp.a(tempname.o): In function `temporary_filename':
/usr/local/cwp/src/cwp/lib/tempname.c:121: warning: the use of `tmpnam' is dangerous, better use `mkstemp'
chmod 755 /usr/local/cwp/bin/ibm2float
ibm2float installed in /usr/local/cwp/bin
gcc -I/usr/local/cwp/include -g  -std=c99 -Wall -pedantic -Wno-long-long  -D_FILE_OFFSET_BITS=64 -D_LARGEFILE64_SOURCE -DCWP_LITTLE_ENDIAN -DSUXDR -D_BSD_SOURCE  -D_BSD_SOURCE -D_POSIX_SOURCE kaperture.c  -L/usr/local/cwp/lib -lpar -lcwp -lm  -o /usr/local/cwp/bin/kaperture
/usr/local/cwp/lib/libcwp.a(tempname.o): In function `temporary_filename':
/usr/local/cwp/src/cwp/lib/tempname.c:121: warning: the use of `tmpnam' is dangerous, better use `mkstemp'
chmod 755 /usr/local/cwp/bin/kaperture
kaperture installed in /usr/local/cwp/bin
gcc -I/usr/local/cwp/include -g  -std=c99 -Wall -pedantic -Wno-long-long  -D_FILE_OFFSET_BITS=64 -D_LARGEFILE64_SOURCE -DCWP_LITTLE_ENDIAN -DSUXDR -D_BSD_SOURCE  -D_BSD_SOURCE -D_POSIX_SOURCE linrort.c  -L/usr/local/cwp/lib -lpar -lcwp -lm  -o /usr/local/cwp/bin/linrort
/usr/local/cwp/lib/libcwp.a(tempname.o): In function `temporary_filename':
/usr/local/cwp/src/cwp/lib/tempname.c:121: warning: the use of `tmpnam' is dangerous, better use `mkstemp'
chmod 755 /usr/local/cwp/bin/linrort
linrort installed in /usr/local/cwp/bin
gcc -I/usr/local/cwp/include -g  -std=c99 -Wall -pedantic -Wno-long-long  -D_FILE_OFFSET_BITS=64 -D_LARGEFILE64_SOURCE -DCWP_LITTLE_ENDIAN -DSUXDR -D_BSD_SOURCE  -D_BSD_SOURCE -D_POSIX_SOURCE lorenz.c  -L/usr/local/cwp/lib -lpar -lcwp -lm  -o /usr/local/cwp/bin/lorenz
/usr/local/cwp/lib/libcwp.a(tempname.o): In function `temporary_filename':
/usr/local/cwp/src/cwp/lib/tempname.c:121: warning: the use of `tmpnam' is dangerous, better use `mkstemp'
chmod 755 /usr/local/cwp/bin/lorenz
lorenz installed in /usr/local/cwp/bin
gcc -I/usr/local/cwp/include -g  -std=c99 -Wall -pedantic -Wno-long-long  -D_FILE_OFFSET_BITS=64 -D_LARGEFILE64_SOURCE -DCWP_LITTLE_ENDIAN -DSUXDR -D_BSD_SOURCE  -D_BSD_SOURCE -D_POSIX_SOURCE mkparfile.c  -L/usr/local/cwp/lib -lpar -lcwp -lm  -o /usr/local/cwp/bin/mkparfile
/usr/local/cwp/lib/libcwp.a(tempname.o): In function `temporary_filename':
/usr/local/cwp/src/cwp/lib/tempname.c:121: warning: the use of `tmpnam' is dangerous, better use `mkstemp'
chmod 755 /usr/local/cwp/bin/mkparfile
mkparfile installed in /usr/local/cwp/bin
gcc -I/usr/local/cwp/include -g  -std=c99 -Wall -pedantic -Wno-long-long  -D_FILE_OFFSET_BITS=64 -D_LARGEFILE64_SOURCE -DCWP_LITTLE_ENDIAN -DSUXDR -D_BSD_SOURCE  -D_BSD_SOURCE -D_POSIX_SOURCE makevel.c  -L/usr/local/cwp/lib -lpar -lcwp -lm  -o /usr/local/cwp/bin/makevel
/usr/local/cwp/lib/libcwp.a(tempname.o): In function `temporary_filename':
/usr/local/cwp/src/cwp/lib/tempname.c:121: warning: the use of `tmpnam' is dangerous, better use `mkstemp'
chmod 755 /usr/local/cwp/bin/makevel
makevel installed in /usr/local/cwp/bin
gcc -I/usr/local/cwp/include -g  -std=c99 -Wall -pedantic -Wno-long-long  -D_FILE_OFFSET_BITS=64 -D_LARGEFILE64_SOURCE -DCWP_LITTLE_ENDIAN -DSUXDR -D_BSD_SOURCE  -D_BSD_SOURCE -D_POSIX_SOURCE mrafxzwt.c  -L/usr/local/cwp/lib -lpar -lcwp -lm  -o /usr/local/cwp/bin/mrafxzwt
/usr/local/cwp/lib/libcwp.a(tempname.o): In function `temporary_filename':
/usr/local/cwp/src/cwp/lib/tempname.c:121: warning: the use of `tmpnam' is dangerous, better use `mkstemp'
chmod 755 /usr/local/cwp/bin/mrafxzwt
mrafxzwt installed in /usr/local/cwp/bin
gcc -I/usr/local/cwp/include -g  -std=c99 -Wall -pedantic -Wno-long-long  -D_FILE_OFFSET_BITS=64 -D_LARGEFILE64_SOURCE -DCWP_LITTLE_ENDIAN -DSUXDR -D_BSD_SOURCE  -D_BSD_SOURCE -D_POSIX_SOURCE pdfhistogram.c  -L/usr/local/cwp/lib -lpar -lcwp -lm  -o /usr/local/cwp/bin/pdfhistogram
/usr/local/cwp/lib/libcwp.a(tempname.o): In function `temporary_filename':
/usr/local/cwp/src/cwp/lib/tempname.c:121: warning: the use of `tmpnam' is dangerous, better use `mkstemp'
chmod 755 /usr/local/cwp/bin/pdfhistogram
pdfhistogram installed in /usr/local/cwp/bin
gcc -I/usr/local/cwp/include -g  -std=c99 -Wall -pedantic -Wno-long-long  -D_FILE_OFFSET_BITS=64 -D_LARGEFILE64_SOURCE -DCWP_LITTLE_ENDIAN -DSUXDR -D_BSD_SOURCE  -D_BSD_SOURCE -D_POSIX_SOURCE prplot.c  -L/usr/local/cwp/lib -lpar -lcwp -lm  -o /usr/local/cwp/bin/prplot
/usr/local/cwp/lib/libcwp.a(tempname.o): In function `temporary_filename':
/usr/local/cwp/src/cwp/lib/tempname.c:121: warning: the use of `tmpnam' is dangerous, better use `mkstemp'
chmod 755 /usr/local/cwp/bin/prplot
prplot installed in /usr/local/cwp/bin
gcc -I/usr/local/cwp/include -g  -std=c99 -Wall -pedantic -Wno-long-long  -D_FILE_OFFSET_BITS=64 -D_LARGEFILE64_SOURCE -DCWP_LITTLE_ENDIAN -DSUXDR -D_BSD_SOURCE  -D_BSD_SOURCE -D_POSIX_SOURCE randvel3d.c  -L/usr/local/cwp/lib -lpar -lcwp -lm  -o /usr/local/cwp/bin/randvel3d
/usr/local/cwp/lib/libcwp.a(tempname.o): In function `temporary_filename':
/usr/local/cwp/src/cwp/lib/tempname.c:121: warning: the use of `tmpnam' is dangerous, better use `mkstemp'
chmod 755 /usr/local/cwp/bin/randvel3d
randvel3d installed in /usr/local/cwp/bin
gcc -I/usr/local/cwp/include -g  -std=c99 -Wall -pedantic -Wno-long-long  -D_FILE_OFFSET_BITS=64 -D_LARGEFILE64_SOURCE -DCWP_LITTLE_ENDIAN -DSUXDR -D_BSD_SOURCE  -D_BSD_SOURCE -D_POSIX_SOURCE rayt2d.c  -L/usr/local/cwp/lib -lpar -lcwp -lm  -o /usr/local/cwp/bin/rayt2d
/usr/local/cwp/lib/libcwp.a(tempname.o): In function `temporary_filename':
/usr/local/cwp/src/cwp/lib/tempname.c:121: warning: the use of `tmpnam' is dangerous, better use `mkstemp'
chmod 755 /usr/local/cwp/bin/rayt2d
rayt2d installed in /usr/local/cwp/bin
gcc -I/usr/local/cwp/include -g  -std=c99 -Wall -pedantic -Wno-long-long  -D_FILE_OFFSET_BITS=64 -D_LARGEFILE64_SOURCE -DCWP_LITTLE_ENDIAN -DSUXDR -D_BSD_SOURCE  -D_BSD_SOURCE -D_POSIX_SOURCE rayt2dan.c  -L/usr/local/cwp/lib -lpar -lcwp -lm  -o /usr/local/cwp/bin/rayt2dan
/usr/local/cwp/lib/libcwp.a(tempname.o): In function `temporary_filename':
/usr/local/cwp/src/cwp/lib/tempname.c:121: warning: the use of `tmpnam' is dangerous, better use `mkstemp'
chmod 755 /usr/local/cwp/bin/rayt2dan
rayt2dan installed in /usr/local/cwp/bin
gcc -I/usr/local/cwp/include -g  -std=c99 -Wall -pedantic -Wno-long-long  -D_FILE_OFFSET_BITS=64 -D_LARGEFILE64_SOURCE -DCWP_LITTLE_ENDIAN -DSUXDR -D_BSD_SOURCE  -D_BSD_SOURCE -D_POSIX_SOURCE recast.c  -L/usr/local/cwp/lib -lpar -lcwp -lm  -o /usr/local/cwp/bin/recast
/usr/local/cwp/lib/libcwp.a(tempname.o): In function `temporary_filename':
/usr/local/cwp/src/cwp/lib/tempname.c:121: warning: the use of `tmpnam' is dangerous, better use `mkstemp'
chmod 755 /usr/local/cwp/bin/recast
recast installed in /usr/local/cwp/bin
gcc -I/usr/local/cwp/include -g  -std=c99 -Wall -pedantic -Wno-long-long  -D_FILE_OFFSET_BITS=64 -D_LARGEFILE64_SOURCE -DCWP_LITTLE_ENDIAN -DSUXDR -D_BSD_SOURCE  -D_BSD_SOURCE -D_POSIX_SOURCE refRealAziHTI.c  -L/usr/local/cwp/lib -lpar -lcwp -lm  -o /usr/local/cwp/bin/refRealAziHTI
/usr/local/cwp/lib/libcwp.a(tempname.o): In function `temporary_filename':
/usr/local/cwp/src/cwp/lib/tempname.c:121: warning: the use of `tmpnam' is dangerous, better use `mkstemp'
chmod 755 /usr/local/cwp/bin/refRealAziHTI
refRealAziHTI installed in /usr/local/cwp/bin
gcc -I/usr/local/cwp/include -g  -std=c99 -Wall -pedantic -Wno-long-long  -D_FILE_OFFSET_BITS=64 -D_LARGEFILE64_SOURCE -DCWP_LITTLE_ENDIAN -DSUXDR -D_BSD_SOURCE  -D_BSD_SOURCE -D_POSIX_SOURCE refRealVTI.c  -L/usr/local/cwp/lib -lpar -lcwp -lm  -o /usr/local/cwp/bin/refRealVTI
/usr/local/cwp/lib/libcwp.a(tempname.o): In function `temporary_filename':
/usr/local/cwp/src/cwp/lib/tempname.c:121: warning: the use of `tmpnam' is dangerous, better use `mkstemp'
chmod 755 /usr/local/cwp/bin/refRealVTI
refRealVTI installed in /usr/local/cwp/bin
gcc -I/usr/local/cwp/include -g  -std=c99 -Wall -pedantic -Wno-long-long  -D_FILE_OFFSET_BITS=64 -D_LARGEFILE64_SOURCE -DCWP_LITTLE_ENDIAN -DSUXDR -D_BSD_SOURCE  -D_BSD_SOURCE -D_POSIX_SOURCE regrid3.c  -L/usr/local/cwp/lib -lpar -lcwp -lm  -o /usr/local/cwp/bin/regrid3
/usr/local/cwp/lib/libcwp.a(tempname.o): In function `temporary_filename':
/usr/local/cwp/src/cwp/lib/tempname.c:121: warning: the use of `tmpnam' is dangerous, better use `mkstemp'
chmod 755 /usr/local/cwp/bin/regrid3
regrid3 installed in /usr/local/cwp/bin
gcc -I/usr/local/cwp/include -g  -std=c99 -Wall -pedantic -Wno-long-long  -D_FILE_OFFSET_BITS=64 -D_LARGEFILE64_SOURCE -DCWP_LITTLE_ENDIAN -DSUXDR -D_BSD_SOURCE  -D_BSD_SOURCE -D_POSIX_SOURCE resamp.c  -L/usr/local/cwp/lib -lpar -lcwp -lm  -o /usr/local/cwp/bin/resamp
/usr/local/cwp/lib/libcwp.a(tempname.o): In function `temporary_filename':
/usr/local/cwp/src/cwp/lib/tempname.c:121: warning: the use of `tmpnam' is dangerous, better use `mkstemp'
chmod 755 /usr/local/cwp/bin/resamp
resamp installed in /usr/local/cwp/bin
gcc -I/usr/local/cwp/include -g  -std=c99 -Wall -pedantic -Wno-long-long  -D_FILE_OFFSET_BITS=64 -D_LARGEFILE64_SOURCE -DCWP_LITTLE_ENDIAN -DSUXDR -D_BSD_SOURCE  -D_BSD_SOURCE -D_POSIX_SOURCE smooth2.c  -L/usr/local/cwp/lib -lpar -lcwp -lm  -o /usr/local/cwp/bin/smooth2
/usr/local/cwp/lib/libcwp.a(tempname.o): In function `temporary_filename':
/usr/local/cwp/src/cwp/lib/tempname.c:121: warning: the use of `tmpnam' is dangerous, better use `mkstemp'
chmod 755 /usr/local/cwp/bin/smooth2
smooth2 installed in /usr/local/cwp/bin
gcc -I/usr/local/cwp/include -g  -std=c99 -Wall -pedantic -Wno-long-long  -D_FILE_OFFSET_BITS=64 -D_LARGEFILE64_SOURCE -DCWP_LITTLE_ENDIAN -DSUXDR -D_BSD_SOURCE  -D_BSD_SOURCE -D_POSIX_SOURCE smooth3d.c  -L/usr/local/cwp/lib -lpar -lcwp -lm  -o /usr/local/cwp/bin/smooth3d
/usr/local/cwp/lib/libcwp.a(tempname.o): In function `temporary_filename':
/usr/local/cwp/src/cwp/lib/tempname.c:121: warning: the use of `tmpnam' is dangerous, better use `mkstemp'
chmod 755 /usr/local/cwp/bin/smooth3d
smooth3d installed in /usr/local/cwp/bin
gcc -I/usr/local/cwp/include -g  -std=c99 -Wall -pedantic -Wno-long-long  -D_FILE_OFFSET_BITS=64 -D_LARGEFILE64_SOURCE -DCWP_LITTLE_ENDIAN -DSUXDR -D_BSD_SOURCE  -D_BSD_SOURCE -D_POSIX_SOURCE smoothint2.c  -L/usr/local/cwp/lib -lpar -lcwp -lm  -o /usr/local/cwp/bin/smoothint2
/usr/local/cwp/lib/libcwp.a(tempname.o): In function `temporary_filename':
/usr/local/cwp/src/cwp/lib/tempname.c:121: warning: the use of `tmpnam' is dangerous, better use `mkstemp'
chmod 755 /usr/local/cwp/bin/smoothint2
smoothint2 installed in /usr/local/cwp/bin
gcc -I/usr/local/cwp/include -g  -std=c99 -Wall -pedantic -Wno-long-long  -D_FILE_OFFSET_BITS=64 -D_LARGEFILE64_SOURCE -DCWP_LITTLE_ENDIAN -DSUXDR -D_BSD_SOURCE  -D_BSD_SOURCE -D_POSIX_SOURCE stiff2vel.c  -L/usr/local/cwp/lib -lpar -lcwp -lm  -o /usr/local/cwp/bin/stiff2vel
/usr/local/cwp/lib/libcwp.a(tempname.o): In function `temporary_filename':
/usr/local/cwp/src/cwp/lib/tempname.c:121: warning: the use of `tmpnam' is dangerous, better use `mkstemp'
chmod 755 /usr/local/cwp/bin/stiff2vel
stiff2vel installed in /usr/local/cwp/bin
gcc -I/usr/local/cwp/include -g  -std=c99 -Wall -pedantic -Wno-long-long  -D_FILE_OFFSET_BITS=64 -D_LARGEFILE64_SOURCE -DCWP_LITTLE_ENDIAN -DSUXDR -D_BSD_SOURCE  -D_BSD_SOURCE -D_POSIX_SOURCE subset.c  -L/usr/local/cwp/lib -lpar -lcwp -lm  -o /usr/local/cwp/bin/subset
/usr/local/cwp/lib/libcwp.a(tempname.o): In function `temporary_filename':
/usr/local/cwp/src/cwp/lib/tempname.c:121: warning: the use of `tmpnam' is dangerous, better use `mkstemp'
chmod 755 /usr/local/cwp/bin/subset
subset installed in /usr/local/cwp/bin
gcc -I/usr/local/cwp/include -g  -std=c99 -Wall -pedantic -Wno-long-long  -D_FILE_OFFSET_BITS=64 -D_LARGEFILE64_SOURCE -DCWP_LITTLE_ENDIAN -DSUXDR -D_BSD_SOURCE  -D_BSD_SOURCE -D_POSIX_SOURCE swapbytes.c  -L/usr/local/cwp/lib -lpar -lcwp -lm  -o /usr/local/cwp/bin/swapbytes
/usr/local/cwp/lib/libcwp.a(tempname.o): In function `temporary_filename':
/usr/local/cwp/src/cwp/lib/tempname.c:121: warning: the use of `tmpnam' is dangerous, better use `mkstemp'
chmod 755 /usr/local/cwp/bin/swapbytes
swapbytes installed in /usr/local/cwp/bin
gcc -I/usr/local/cwp/include -g  -std=c99 -Wall -pedantic -Wno-long-long  -D_FILE_OFFSET_BITS=64 -D_LARGEFILE64_SOURCE -DCWP_LITTLE_ENDIAN -DSUXDR -D_BSD_SOURCE  -D_BSD_SOURCE -D_POSIX_SOURCE thom2hti.c  -L/usr/local/cwp/lib -lpar -lcwp -lm  -o /usr/local/cwp/bin/thom2hti
/usr/local/cwp/lib/libcwp.a(tempname.o): In function `temporary_filename':
/usr/local/cwp/src/cwp/lib/tempname.c:121: warning: the use of `tmpnam' is dangerous, better use `mkstemp'
chmod 755 /usr/local/cwp/bin/thom2hti
thom2hti installed in /usr/local/cwp/bin
gcc -I/usr/local/cwp/include -g  -std=c99 -Wall -pedantic -Wno-long-long  -D_FILE_OFFSET_BITS=64 -D_LARGEFILE64_SOURCE -DCWP_LITTLE_ENDIAN -DSUXDR -D_BSD_SOURCE  -D_BSD_SOURCE -D_POSIX_SOURCE thom2stiff.c  -L/usr/local/cwp/lib -lpar -lcwp -lm  -o /usr/local/cwp/bin/thom2stiff
/usr/local/cwp/lib/libcwp.a(tempname.o): In function `temporary_filename':
/usr/local/cwp/src/cwp/lib/tempname.c:121: warning: the use of `tmpnam' is dangerous, better use `mkstemp'
chmod 755 /usr/local/cwp/bin/thom2stiff
thom2stiff installed in /usr/local/cwp/bin
gcc -I/usr/local/cwp/include -g  -std=c99 -Wall -pedantic -Wno-long-long  -D_FILE_OFFSET_BITS=64 -D_LARGEFILE64_SOURCE -DCWP_LITTLE_ENDIAN -DSUXDR -D_BSD_SOURCE  -D_BSD_SOURCE -D_POSIX_SOURCE transp.c  -L/usr/local/cwp/lib -lpar -lcwp -lm  -o /usr/local/cwp/bin/transp
/usr/local/cwp/lib/libcwp.a(tempname.o): In function `temporary_filename':
/usr/local/cwp/src/cwp/lib/tempname.c:121: warning: the use of `tmpnam' is dangerous, better use `mkstemp'
chmod 755 /usr/local/cwp/bin/transp
transp installed in /usr/local/cwp/bin
gcc -I/usr/local/cwp/include -g  -std=c99 -Wall -pedantic -Wno-long-long  -D_FILE_OFFSET_BITS=64 -D_LARGEFILE64_SOURCE -DCWP_LITTLE_ENDIAN -DSUXDR -D_BSD_SOURCE  -D_BSD_SOURCE -D_POSIX_SOURCE transp3d.c  -L/usr/local/cwp/lib -lpar -lcwp -lm  -o /usr/local/cwp/bin/transp3d
/usr/local/cwp/lib/libcwp.a(tempname.o): In function `temporary_filename':
/usr/local/cwp/src/cwp/lib/tempname.c:121: warning: the use of `tmpnam' is dangerous, better use `mkstemp'
chmod 755 /usr/local/cwp/bin/transp3d
transp3d installed in /usr/local/cwp/bin
gcc -I/usr/local/cwp/include -g  -std=c99 -Wall -pedantic -Wno-long-long  -D_FILE_OFFSET_BITS=64 -D_LARGEFILE64_SOURCE -DCWP_LITTLE_ENDIAN -DSUXDR -D_BSD_SOURCE  -D_BSD_SOURCE -D_POSIX_SOURCE tvnmoqc.c  -L/usr/local/cwp/lib -lpar -lcwp -lm  -o /usr/local/cwp/bin/tvnmoqc
/usr/local/cwp/lib/libcwp.a(tempname.o): In function `temporary_filename':
/usr/local/cwp/src/cwp/lib/tempname.c:121: warning: the use of `tmpnam' is dangerous, better use `mkstemp'
chmod 755 /usr/local/cwp/bin/tvnmoqc
tvnmoqc installed in /usr/local/cwp/bin
gcc -I/usr/local/cwp/include -g  -std=c99 -Wall -pedantic -Wno-long-long  -D_FILE_OFFSET_BITS=64 -D_LARGEFILE64_SOURCE -DCWP_LITTLE_ENDIAN -DSUXDR -D_BSD_SOURCE  -D_BSD_SOURCE -D_POSIX_SOURCE unif2.c  -L/usr/local/cwp/lib -lpar -lcwp -lm  -o /usr/local/cwp/bin/unif2
/usr/local/cwp/lib/libcwp.a(tempname.o): In function `temporary_filename':
/usr/local/cwp/src/cwp/lib/tempname.c:121: warning: the use of `tmpnam' is dangerous, better use `mkstemp'
chmod 755 /usr/local/cwp/bin/unif2
unif2 installed in /usr/local/cwp/bin
gcc -I/usr/local/cwp/include -g  -std=c99 -Wall -pedantic -Wno-long-long  -D_FILE_OFFSET_BITS=64 -D_LARGEFILE64_SOURCE -DCWP_LITTLE_ENDIAN -DSUXDR -D_BSD_SOURCE  -D_BSD_SOURCE -D_POSIX_SOURCE unif2aniso.c  -L/usr/local/cwp/lib -lpar -lcwp -lm  -o /usr/local/cwp/bin/unif2aniso
/usr/local/cwp/lib/libcwp.a(tempname.o): In function `temporary_filename':
/usr/local/cwp/src/cwp/lib/tempname.c:121: warning: the use of `tmpnam' is dangerous, better use `mkstemp'
chmod 755 /usr/local/cwp/bin/unif2aniso
unif2aniso installed in /usr/local/cwp/bin
gcc -I/usr/local/cwp/include -g  -std=c99 -Wall -pedantic -Wno-long-long  -D_FILE_OFFSET_BITS=64 -D_LARGEFILE64_SOURCE -DCWP_LITTLE_ENDIAN -DSUXDR -D_BSD_SOURCE  -D_BSD_SOURCE -D_POSIX_SOURCE unisam.c  -L/usr/local/cwp/lib -lpar -lcwp -lm  -o /usr/local/cwp/bin/unisam
/usr/local/cwp/lib/libcwp.a(tempname.o): In function `temporary_filename':
/usr/local/cwp/src/cwp/lib/tempname.c:121: warning: the use of `tmpnam' is dangerous, better use `mkstemp'
chmod 755 /usr/local/cwp/bin/unisam
unisam installed in /usr/local/cwp/bin
gcc -I/usr/local/cwp/include -g  -std=c99 -Wall -pedantic -Wno-long-long  -D_FILE_OFFSET_BITS=64 -D_LARGEFILE64_SOURCE -DCWP_LITTLE_ENDIAN -DSUXDR -D_BSD_SOURCE  -D_BSD_SOURCE -D_POSIX_SOURCE unisam2.c  -L/usr/local/cwp/lib -lpar -lcwp -lm  -o /usr/local/cwp/bin/unisam2
/usr/local/cwp/lib/libcwp.a(tempname.o): In function `temporary_filename':
/usr/local/cwp/src/cwp/lib/tempname.c:121: warning: the use of `tmpnam' is dangerous, better use `mkstemp'
chmod 755 /usr/local/cwp/bin/unisam2
unisam2 installed in /usr/local/cwp/bin
gcc -I/usr/local/cwp/include -g  -std=c99 -Wall -pedantic -Wno-long-long  -D_FILE_OFFSET_BITS=64 -D_LARGEFILE64_SOURCE -DCWP_LITTLE_ENDIAN -DSUXDR -D_BSD_SOURCE  -D_BSD_SOURCE -D_POSIX_SOURCE utmconv.c  -L/usr/local/cwp/lib -lpar -lcwp -lm  -o /usr/local/cwp/bin/utmconv
/usr/local/cwp/lib/libcwp.a(tempname.o): In function `temporary_filename':
/usr/local/cwp/src/cwp/lib/tempname.c:121: warning: the use of `tmpnam' is dangerous, better use `mkstemp'
chmod 755 /usr/local/cwp/bin/utmconv
utmconv installed in /usr/local/cwp/bin
gcc -I/usr/local/cwp/include -g  -std=c99 -Wall -pedantic -Wno-long-long  -D_FILE_OFFSET_BITS=64 -D_LARGEFILE64_SOURCE -DCWP_LITTLE_ENDIAN -DSUXDR -D_BSD_SOURCE  -D_BSD_SOURCE -D_POSIX_SOURCE vel2stiff.c  -L/usr/local/cwp/lib -lpar -lcwp -lm  -o /usr/local/cwp/bin/vel2stiff
/usr/local/cwp/lib/libcwp.a(tempname.o): In function `temporary_filename':
/usr/local/cwp/src/cwp/lib/tempname.c:121: warning: the use of `tmpnam' is dangerous, better use `mkstemp'
chmod 755 /usr/local/cwp/bin/vel2stiff
vel2stiff installed in /usr/local/cwp/bin
gcc -I/usr/local/cwp/include -g  -std=c99 -Wall -pedantic -Wno-long-long  -D_FILE_OFFSET_BITS=64 -D_LARGEFILE64_SOURCE -DCWP_LITTLE_ENDIAN -DSUXDR -D_BSD_SOURCE  -D_BSD_SOURCE -D_POSIX_SOURCE velconv.c  -L/usr/local/cwp/lib -lpar -lcwp -lm  -o /usr/local/cwp/bin/velconv
/usr/local/cwp/lib/libcwp.a(tempname.o): In function `temporary_filename':
/usr/local/cwp/src/cwp/lib/tempname.c:121: warning: the use of `tmpnam' is dangerous, better use `mkstemp'
chmod 755 /usr/local/cwp/bin/velconv
velconv installed in /usr/local/cwp/bin
gcc -I/usr/local/cwp/include -g  -std=c99 -Wall -pedantic -Wno-long-long  -D_FILE_OFFSET_BITS=64 -D_LARGEFILE64_SOURCE -DCWP_LITTLE_ENDIAN -DSUXDR -D_BSD_SOURCE  -D_BSD_SOURCE -D_POSIX_SOURCE velpert.c  -L/usr/local/cwp/lib -lpar -lcwp -lm  -o /usr/local/cwp/bin/velpert
/usr/local/cwp/lib/libcwp.a(tempname.o): In function `temporary_filename':
/usr/local/cwp/src/cwp/lib/tempname.c:121: warning: the use of `tmpnam' is dangerous, better use `mkstemp'
chmod 755 /usr/local/cwp/bin/velpert
velpert installed in /usr/local/cwp/bin
gcc -I/usr/local/cwp/include -g  -std=c99 -Wall -pedantic -Wno-long-long  -D_FILE_OFFSET_BITS=64 -D_LARGEFILE64_SOURCE -DCWP_LITTLE_ENDIAN -DSUXDR -D_BSD_SOURCE  -D_BSD_SOURCE -D_POSIX_SOURCE velpertan.c  -L/usr/local/cwp/lib -lpar -lcwp -lm  -o /usr/local/cwp/bin/velpertan
/usr/local/cwp/lib/libcwp.a(tempname.o): In function `temporary_filename':
/usr/local/cwp/src/cwp/lib/tempname.c:121: warning: the use of `tmpnam' is dangerous, better use `mkstemp'
chmod 755 /usr/local/cwp/bin/velpertan
velpertan installed in /usr/local/cwp/bin
gcc -I/usr/local/cwp/include -g  -std=c99 -Wall -pedantic -Wno-long-long  -D_FILE_OFFSET_BITS=64 -D_LARGEFILE64_SOURCE -DCWP_LITTLE_ENDIAN -DSUXDR -D_BSD_SOURCE  -D_BSD_SOURCE -D_POSIX_SOURCE verhulst.c  -L/usr/local/cwp/lib -lpar -lcwp -lm  -o /usr/local/cwp/bin/verhulst
/usr/local/cwp/lib/libcwp.a(tempname.o): In function `temporary_filename':
/usr/local/cwp/src/cwp/lib/tempname.c:121: warning: the use of `tmpnam' is dangerous, better use `mkstemp'
chmod 755 /usr/local/cwp/bin/verhulst
verhulst installed in /usr/local/cwp/bin
gcc -I/usr/local/cwp/include -g  -std=c99 -Wall -pedantic -Wno-long-long  -D_FILE_OFFSET_BITS=64 -D_LARGEFILE64_SOURCE -DCWP_LITTLE_ENDIAN -DSUXDR -D_BSD_SOURCE  -D_BSD_SOURCE -D_POSIX_SOURCE vtlvz.c  -L/usr/local/cwp/lib -lpar -lcwp -lm  -o /usr/local/cwp/bin/vtlvz
/usr/local/cwp/lib/libcwp.a(tempname.o): In function `temporary_filename':
/usr/local/cwp/src/cwp/lib/tempname.c:121: warning: the use of `tmpnam' is dangerous, better use `mkstemp'
chmod 755 /usr/local/cwp/bin/vtlvz
vtlvz installed in /usr/local/cwp/bin
gcc -I/usr/local/cwp/include -g  -std=c99 -Wall -pedantic -Wno-long-long  -D_FILE_OFFSET_BITS=64 -D_LARGEFILE64_SOURCE -DCWP_LITTLE_ENDIAN -DSUXDR -D_BSD_SOURCE  -D_BSD_SOURCE -D_POSIX_SOURCE wkbj.c  -L/usr/local/cwp/lib -lpar -lcwp -lm  -o /usr/local/cwp/bin/wkbj
/usr/local/cwp/lib/libcwp.a(tempname.o): In function `temporary_filename':
/usr/local/cwp/src/cwp/lib/tempname.c:121: warning: the use of `tmpnam' is dangerous, better use `mkstemp'
chmod 755 /usr/local/cwp/bin/wkbj
wkbj installed in /usr/local/cwp/bin
gcc -I/usr/local/cwp/include -g  -std=c99 -Wall -pedantic -Wno-long-long  -D_FILE_OFFSET_BITS=64 -D_LARGEFILE64_SOURCE -DCWP_LITTLE_ENDIAN -DSUXDR -D_BSD_SOURCE  -D_BSD_SOURCE -D_POSIX_SOURCE xy2z.c  -L/usr/local/cwp/lib -lpar -lcwp -lm  -o /usr/local/cwp/bin/xy2z
/usr/local/cwp/lib/libcwp.a(tempname.o): In function `temporary_filename':
/usr/local/cwp/src/cwp/lib/tempname.c:121: warning: the use of `tmpnam' is dangerous, better use `mkstemp'
chmod 755 /usr/local/cwp/bin/xy2z
xy2z installed in /usr/local/cwp/bin
gcc -I/usr/local/cwp/include -g  -std=c99 -Wall -pedantic -Wno-long-long  -D_FILE_OFFSET_BITS=64 -D_LARGEFILE64_SOURCE -DCWP_LITTLE_ENDIAN -DSUXDR -D_BSD_SOURCE  -D_BSD_SOURCE -D_POSIX_SOURCE z2xyz.c  -L/usr/local/cwp/lib -lpar -lcwp -lm  -o /usr/local/cwp/bin/z2xyz
/usr/local/cwp/lib/libcwp.a(tempname.o): In function `temporary_filename':
/usr/local/cwp/src/cwp/lib/tempname.c:121: warning: the use of `tmpnam' is dangerous, better use `mkstemp'
chmod 755 /usr/local/cwp/bin/z2xyz
z2xyz installed in /usr/local/cwp/bin
make[2]: Leaving directory `/usr/local/cwp/src/par/main'
cd shell   ; make
make[2]: Entering directory `/usr/local/cwp/src/par/shell'
gendocs installed in /usr/local/cwp/bin
striptotxt installed in /usr/local/cwp/bin
updatedoc installed in /usr/local/cwp/bin
updatedocall installed in /usr/local/cwp/bin
updatehead installed in /usr/local/cwp/bin
make[2]: Leaving directory `/usr/local/cwp/src/par/shell'
make[1]: Leaving directory `/usr/local/cwp/src/par'
cd ./psplot; make
make[1]: Entering directory `/usr/local/cwp/src/psplot'
cd include ; make
make[2]: Entering directory `/usr/local/cwp/src/psplot/include'
psplot.h installed in /usr/local/cwp/include
cwpcmaps.h installed in /usr/local/cwp/include
make[2]: Leaving directory `/usr/local/cwp/src/psplot/include'
cd lib     ; make
make[2]: Entering directory `/usr/local/cwp/src/psplot/lib'
gcc -c -I/usr/local/cwp/include -g  -std=c99 -Wall -pedantic -Wno-long-long  -D_FILE_OFFSET_BITS=64 -D_LARGEFILE64_SOURCE -DCWP_LITTLE_ENDIAN -DSUXDR -D_BSD_SOURCE  -D_BSD_SOURCE -D_POSIX_SOURCE basic.c
ar rv /usr/local/cwp/lib/libpsplot.a basic.o
ar: creating /usr/local/cwp/lib/libpsplot.a
a - basic.o
rm -f basic.o
gcc -c -I/usr/local/cwp/include -g  -std=c99 -Wall -pedantic -Wno-long-long  -D_FILE_OFFSET_BITS=64 -D_LARGEFILE64_SOURCE -DCWP_LITTLE_ENDIAN -DSUXDR -D_BSD_SOURCE  -D_BSD_SOURCE -D_POSIX_SOURCE psAxesBox.c
ar rv /usr/local/cwp/lib/libpsplot.a psAxesBox.o
a - psAxesBox.o
rm -f psAxesBox.o
gcc -c -I/usr/local/cwp/include -g  -std=c99 -Wall -pedantic -Wno-long-long  -D_FILE_OFFSET_BITS=64 -D_LARGEFILE64_SOURCE -DCWP_LITTLE_ENDIAN -DSUXDR -D_BSD_SOURCE  -D_BSD_SOURCE -D_POSIX_SOURCE psAxesBox3.c
ar rv /usr/local/cwp/lib/libpsplot.a psAxesBox3.o
a - psAxesBox3.o
rm -f psAxesBox3.o
gcc -c -I/usr/local/cwp/include -g  -std=c99 -Wall -pedantic -Wno-long-long  -D_FILE_OFFSET_BITS=64 -D_LARGEFILE64_SOURCE -DCWP_LITTLE_ENDIAN -DSUXDR -D_BSD_SOURCE  -D_BSD_SOURCE -D_POSIX_SOURCE psContour.c
ar rv /usr/local/cwp/lib/libpsplot.a psContour.o
a - psContour.o
rm -f psContour.o
gcc -c -I/usr/local/cwp/include -g  -std=c99 -Wall -pedantic -Wno-long-long  -D_FILE_OFFSET_BITS=64 -D_LARGEFILE64_SOURCE -DCWP_LITTLE_ENDIAN -DSUXDR -D_BSD_SOURCE  -D_BSD_SOURCE -D_POSIX_SOURCE psCAxesBox.c
ar rv /usr/local/cwp/lib/libpsplot.a psCAxesBox.o
a - psCAxesBox.o
rm -f psCAxesBox.o
gcc -c -I/usr/local/cwp/include -g  -std=c99 -Wall -pedantic -Wno-long-long  -D_FILE_OFFSET_BITS=64 -D_LARGEFILE64_SOURCE -DCWP_LITTLE_ENDIAN -DSUXDR -D_BSD_SOURCE  -D_BSD_SOURCE -D_POSIX_SOURCE psDrawCurve.c
ar rv /usr/local/cwp/lib/libpsplot.a psDrawCurve.o
a - psDrawCurve.o
rm -f psDrawCurve.o
gcc -c -I/usr/local/cwp/include -g  -std=c99 -Wall -pedantic -Wno-long-long  -D_FILE_OFFSET_BITS=64 -D_LARGEFILE64_SOURCE -DCWP_LITTLE_ENDIAN -DSUXDR -D_BSD_SOURCE  -D_BSD_SOURCE -D_POSIX_SOURCE psLegendBox.c
ar rv /usr/local/cwp/lib/libpsplot.a psLegendBox.o
a - psLegendBox.o
rm -f psLegendBox.o
gcc -c -I/usr/local/cwp/include -g  -std=c99 -Wall -pedantic -Wno-long-long  -D_FILE_OFFSET_BITS=64 -D_LARGEFILE64_SOURCE -DCWP_LITTLE_ENDIAN -DSUXDR -D_BSD_SOURCE  -D_BSD_SOURCE -D_POSIX_SOURCE psWiggle.c
ar rv /usr/local/cwp/lib/libpsplot.a psWiggle.o
a - psWiggle.o
rm -f psWiggle.o
ranlib /usr/local/cwp/lib/libpsplot.a
make[2]: Leaving directory `/usr/local/cwp/src/psplot/lib'
cd main    ; make
make[2]: Entering directory `/usr/local/cwp/src/psplot/main'
gcc -I/usr/local/cwp/include -g  -std=c99 -Wall -pedantic -Wno-long-long  -D_FILE_OFFSET_BITS=64 -D_LARGEFILE64_SOURCE -DCWP_LITTLE_ENDIAN -DSUXDR -D_BSD_SOURCE  -D_BSD_SOURCE -D_POSIX_SOURCE psbbox.c  -L/usr/local/cwp/lib -lpsplot -lpar -lcwp -lm  -o /usr/local/cwp/bin/psbbox
/usr/local/cwp/lib/libcwp.a(tempname.o): In function `temporary_filename':
/usr/local/cwp/src/cwp/lib/tempname.c:121: warning: the use of `tmpnam' is dangerous, better use `mkstemp'
chmod 755 /usr/local/cwp/bin/psbbox
psbbox installed in /usr/local/cwp/bin
gcc -I/usr/local/cwp/include -g  -std=c99 -Wall -pedantic -Wno-long-long  -D_FILE_OFFSET_BITS=64 -D_LARGEFILE64_SOURCE -DCWP_LITTLE_ENDIAN -DSUXDR -D_BSD_SOURCE  -D_BSD_SOURCE -D_POSIX_SOURCE pscontour.c  -L/usr/local/cwp/lib -lpsplot -lpar -lcwp -lm  -o /usr/local/cwp/bin/pscontour
/usr/local/cwp/lib/libcwp.a(tempname.o): In function `temporary_filename':
/usr/local/cwp/src/cwp/lib/tempname.c:121: warning: the use of `tmpnam' is dangerous, better use `mkstemp'
chmod 755 /usr/local/cwp/bin/pscontour
pscontour installed in /usr/local/cwp/bin
gcc -I/usr/local/cwp/include -g  -std=c99 -Wall -pedantic -Wno-long-long  -D_FILE_OFFSET_BITS=64 -D_LARGEFILE64_SOURCE -DCWP_LITTLE_ENDIAN -DSUXDR -D_BSD_SOURCE  -D_BSD_SOURCE -D_POSIX_SOURCE pscube.c  -L/usr/local/cwp/lib -lpsplot -lpar -lcwp -lm  -o /usr/local/cwp/bin/pscube
/usr/local/cwp/lib/libcwp.a(tempname.o): In function `temporary_filename':
/usr/local/cwp/src/cwp/lib/tempname.c:121: warning: the use of `tmpnam' is dangerous, better use `mkstemp'
chmod 755 /usr/local/cwp/bin/pscube
pscube installed in /usr/local/cwp/bin
gcc -I/usr/local/cwp/include -g  -std=c99 -Wall -pedantic -Wno-long-long  -D_FILE_OFFSET_BITS=64 -D_LARGEFILE64_SOURCE -DCWP_LITTLE_ENDIAN -DSUXDR -D_BSD_SOURCE  -D_BSD_SOURCE -D_POSIX_SOURCE pscubecontour.c  -L/usr/local/cwp/lib -lpsplot -lpar -lcwp -lm  -o /usr/local/cwp/bin/pscubecontour
/usr/local/cwp/lib/libcwp.a(tempname.o): In function `temporary_filename':
/usr/local/cwp/src/cwp/lib/tempname.c:121: warning: the use of `tmpnam' is dangerous, better use `mkstemp'
chmod 755 /usr/local/cwp/bin/pscubecontour
pscubecontour installed in /usr/local/cwp/bin
gcc -I/usr/local/cwp/include -g  -std=c99 -Wall -pedantic -Wno-long-long  -D_FILE_OFFSET_BITS=64 -D_LARGEFILE64_SOURCE -DCWP_LITTLE_ENDIAN -DSUXDR -D_BSD_SOURCE  -D_BSD_SOURCE -D_POSIX_SOURCE psepsi.c  -L/usr/local/cwp/lib -lpsplot -lpar -lcwp -lm  -o /usr/local/cwp/bin/psepsi
/tmp/ccbBx8Zx.o: In function `main':
/usr/local/cwp/src/psplot/main/psepsi.c:75: warning: the use of `tmpnam' is dangerous, better use `mkstemp'
chmod 755 /usr/local/cwp/bin/psepsi
psepsi installed in /usr/local/cwp/bin
gcc -I/usr/local/cwp/include -g  -std=c99 -Wall -pedantic -Wno-long-long  -D_FILE_OFFSET_BITS=64 -D_LARGEFILE64_SOURCE -DCWP_LITTLE_ENDIAN -DSUXDR -D_BSD_SOURCE  -D_BSD_SOURCE -D_POSIX_SOURCE psgraph.c  -L/usr/local/cwp/lib -lpsplot -lpar -lcwp -lm  -o /usr/local/cwp/bin/psgraph
/usr/local/cwp/lib/libcwp.a(tempname.o): In function `temporary_filename':
/usr/local/cwp/src/cwp/lib/tempname.c:121: warning: the use of `tmpnam' is dangerous, better use `mkstemp'
chmod 755 /usr/local/cwp/bin/psgraph
psgraph installed in /usr/local/cwp/bin
gcc -I/usr/local/cwp/include -g  -std=c99 -Wall -pedantic -Wno-long-long  -D_FILE_OFFSET_BITS=64 -D_LARGEFILE64_SOURCE -DCWP_LITTLE_ENDIAN -DSUXDR -D_BSD_SOURCE  -D_BSD_SOURCE -D_POSIX_SOURCE psimage.c  -L/usr/local/cwp/lib -lpsplot -lpar -lcwp -lm  -o /usr/local/cwp/bin/psimage
/usr/local/cwp/lib/libcwp.a(tempname.o): In function `temporary_filename':
/usr/local/cwp/src/cwp/lib/tempname.c:121: warning: the use of `tmpnam' is dangerous, better use `mkstemp'
chmod 755 /usr/local/cwp/bin/psimage
psimage installed in /usr/local/cwp/bin
gcc -I/usr/local/cwp/include -g  -std=c99 -Wall -pedantic -Wno-long-long  -D_FILE_OFFSET_BITS=64 -D_LARGEFILE64_SOURCE -DCWP_LITTLE_ENDIAN -DSUXDR -D_BSD_SOURCE  -D_BSD_SOURCE -D_POSIX_SOURCE psmerge.c  -L/usr/local/cwp/lib -lpsplot -lpar -lcwp -lm  -o /usr/local/cwp/bin/psmerge
/usr/local/cwp/lib/libcwp.a(tempname.o): In function `temporary_filename':
/usr/local/cwp/src/cwp/lib/tempname.c:121: warning: the use of `tmpnam' is dangerous, better use `mkstemp'
chmod 755 /usr/local/cwp/bin/psmerge
psmerge installed in /usr/local/cwp/bin
gcc -I/usr/local/cwp/include -g  -std=c99 -Wall -pedantic -Wno-long-long  -D_FILE_OFFSET_BITS=64 -D_LARGEFILE64_SOURCE -DCWP_LITTLE_ENDIAN -DSUXDR -D_BSD_SOURCE  -D_BSD_SOURCE -D_POSIX_SOURCE psmovie.c  -L/usr/local/cwp/lib -lpsplot -lpar -lcwp -lm  -o /usr/local/cwp/bin/psmovie
/usr/local/cwp/lib/libcwp.a(tempname.o): In function `temporary_filename':
/usr/local/cwp/src/cwp/lib/tempname.c:121: warning: the use of `tmpnam' is dangerous, better use `mkstemp'
chmod 755 /usr/local/cwp/bin/psmovie
psmovie installed in /usr/local/cwp/bin
gcc -I/usr/local/cwp/include -g  -std=c99 -Wall -pedantic -Wno-long-long  -D_FILE_OFFSET_BITS=64 -D_LARGEFILE64_SOURCE -DCWP_LITTLE_ENDIAN -DSUXDR -D_BSD_SOURCE  -D_BSD_SOURCE -D_POSIX_SOURCE pslabel.c  -L/usr/local/cwp/lib -lpsplot -lpar -lcwp -lm  -o /usr/local/cwp/bin/pslabel
/usr/local/cwp/lib/libcwp.a(tempname.o): In function `temporary_filename':
/usr/local/cwp/src/cwp/lib/tempname.c:121: warning: the use of `tmpnam' is dangerous, better use `mkstemp'
chmod 755 /usr/local/cwp/bin/pslabel
pslabel installed in /usr/local/cwp/bin
gcc -I/usr/local/cwp/include -g  -std=c99 -Wall -pedantic -Wno-long-long  -D_FILE_OFFSET_BITS=64 -D_LARGEFILE64_SOURCE -DCWP_LITTLE_ENDIAN -DSUXDR -D_BSD_SOURCE  -D_BSD_SOURCE -D_POSIX_SOURCE psmanager.c  -L/usr/local/cwp/lib -lpsplot -lpar -lcwp -lm  -o /usr/local/cwp/bin/psmanager
/usr/local/cwp/lib/libcwp.a(tempname.o): In function `temporary_filename':
/usr/local/cwp/src/cwp/lib/tempname.c:121: warning: the use of `tmpnam' is dangerous, better use `mkstemp'
chmod 755 /usr/local/cwp/bin/psmanager
psmanager installed in /usr/local/cwp/bin
gcc -I/usr/local/cwp/include -g  -std=c99 -Wall -pedantic -Wno-long-long  -D_FILE_OFFSET_BITS=64 -D_LARGEFILE64_SOURCE -DCWP_LITTLE_ENDIAN -DSUXDR -D_BSD_SOURCE  -D_BSD_SOURCE -D_POSIX_SOURCE pswigb.c  -L/usr/local/cwp/lib -lpsplot -lpar -lcwp -lm  -o /usr/local/cwp/bin/pswigb
/usr/local/cwp/lib/libcwp.a(tempname.o): In function `temporary_filename':
/usr/local/cwp/src/cwp/lib/tempname.c:121: warning: the use of `tmpnam' is dangerous, better use `mkstemp'
chmod 755 /usr/local/cwp/bin/pswigb
pswigb installed in /usr/local/cwp/bin
gcc -I/usr/local/cwp/include -g  -std=c99 -Wall -pedantic -Wno-long-long  -D_FILE_OFFSET_BITS=64 -D_LARGEFILE64_SOURCE -DCWP_LITTLE_ENDIAN -DSUXDR -D_BSD_SOURCE  -D_BSD_SOURCE -D_POSIX_SOURCE pswigp.c  -L/usr/local/cwp/lib -lpsplot -lpar -lcwp -lm  -o /usr/local/cwp/bin/pswigp
/usr/local/cwp/lib/libcwp.a(tempname.o): In function `temporary_filename':
/usr/local/cwp/src/cwp/lib/tempname.c:121: warning: the use of `tmpnam' is dangerous, better use `mkstemp'
chmod 755 /usr/local/cwp/bin/pswigp
pswigp installed in /usr/local/cwp/bin
make[2]: Leaving directory `/usr/local/cwp/src/psplot/main'
cd shell   ; make
make[2]: Entering directory `/usr/local/cwp/src/psplot/shell'
merge2 installed in /usr/local/cwp/bin
merge4 installed in /usr/local/cwp/bin
pstopdfcymk installed in /usr/local/cwp/bin
merge2v installed in /usr/local/cwp/bin
make[2]: Leaving directory `/usr/local/cwp/src/psplot/shell'
make[1]: Leaving directory `/usr/local/cwp/src/psplot'
cd ./su ; make
make[1]: Entering directory `/usr/local/cwp/src/su'
cd include ; make
make[2]: Entering directory `/usr/local/cwp/src/su/include'
segy.h installed in /usr/local/cwp/include
segd.h installed in /usr/local/cwp/include
hdr.h installed in /usr/local/cwp/include
header.h installed in /usr/local/cwp/include
su.h installed in /usr/local/cwp/include
tapesegy.h installed in /usr/local/cwp/include
tapebhdr.h installed in /usr/local/cwp/include
tapehdr.h installed in /usr/local/cwp/include
bheader.h installed in /usr/local/cwp/include
bhdr.h installed in /usr/local/cwp/include
su_xdr.h installed in /usr/local/cwp/include
touch INSTALL
make[2]: Leaving directory `/usr/local/cwp/src/su/include'
cd lib     ; make
make[2]: Entering directory `/usr/local/cwp/src/su/lib'
gcc -c -I/usr/local/cwp/include -g  -std=c99 -Wall -pedantic -Wno-long-long  -D_FILE_OFFSET_BITS=64 -D_LARGEFILE64_SOURCE -DCWP_LITTLE_ENDIAN -DSUXDR -D_BSD_SOURCE  -D_BSD_SOURCE -D_POSIX_SOURCE fgettr.c
fgettr.c: In function 'dataread':
fgettr.c:141: warning: implicit declaration of function 'swab'
ar rv /usr/local/cwp/lib/libsu.a fgettr.o
ar: creating /usr/local/cwp/lib/libsu.a
a - fgettr.o
rm -f fgettr.o
gcc -c -I/usr/local/cwp/include -g  -std=c99 -Wall -pedantic -Wno-long-long  -D_FILE_OFFSET_BITS=64 -D_LARGEFILE64_SOURCE -DCWP_LITTLE_ENDIAN -DSUXDR -D_BSD_SOURCE  -D_BSD_SOURCE -D_POSIX_SOURCE fgethdr.c
ar rv /usr/local/cwp/lib/libsu.a fgethdr.o
a - fgethdr.o
rm -f fgethdr.o
gcc -c -I/usr/local/cwp/include -g  -std=c99 -Wall -pedantic -Wno-long-long  -D_FILE_OFFSET_BITS=64 -D_LARGEFILE64_SOURCE -DCWP_LITTLE_ENDIAN -DSUXDR -D_BSD_SOURCE  -D_BSD_SOURCE -D_POSIX_SOURCE fputtr.c
fputtr.c: In function 'datawrite':
fputtr.c:115: warning: implicit declaration of function 'swab'
ar rv /usr/local/cwp/lib/libsu.a fputtr.o
a - fputtr.o
rm -f fputtr.o
gcc -c -I/usr/local/cwp/include -g  -std=c99 -Wall -pedantic -Wno-long-long  -D_FILE_OFFSET_BITS=64 -D_LARGEFILE64_SOURCE -DCWP_LITTLE_ENDIAN -DSUXDR -D_BSD_SOURCE  -D_BSD_SOURCE -D_POSIX_SOURCE fgetgthr.c
ar rv /usr/local/cwp/lib/libsu.a fgetgthr.o
a - fgetgthr.o
rm -f fgetgthr.o
gcc -c -I/usr/local/cwp/include -g  -std=c99 -Wall -pedantic -Wno-long-long  -D_FILE_OFFSET_BITS=64 -D_LARGEFILE64_SOURCE -DCWP_LITTLE_ENDIAN -DSUXDR -D_BSD_SOURCE  -D_BSD_SOURCE -D_POSIX_SOURCE fputgthr.c
ar rv /usr/local/cwp/lib/libsu.a fputgthr.o
a - fputgthr.o
rm -f fputgthr.o
gcc -c -I/usr/local/cwp/include -g  -std=c99 -Wall -pedantic -Wno-long-long  -D_FILE_OFFSET_BITS=64 -D_LARGEFILE64_SOURCE -DCWP_LITTLE_ENDIAN -DSUXDR -D_BSD_SOURCE  -D_BSD_SOURCE -D_POSIX_SOURCE hdrpkge.c
ar rv /usr/local/cwp/lib/libsu.a hdrpkge.o
a - hdrpkge.o
rm -f hdrpkge.o
gcc -c -I/usr/local/cwp/include -g  -std=c99 -Wall -pedantic -Wno-long-long  -D_FILE_OFFSET_BITS=64 -D_LARGEFILE64_SOURCE -DCWP_LITTLE_ENDIAN -DSUXDR -D_BSD_SOURCE  -D_BSD_SOURCE -D_POSIX_SOURCE valpkge.c
ar rv /usr/local/cwp/lib/libsu.a valpkge.o
a - valpkge.o
rm -f valpkge.o
gcc -c -I/usr/local/cwp/include -g  -std=c99 -Wall -pedantic -Wno-long-long  -D_FILE_OFFSET_BITS=64 -D_LARGEFILE64_SOURCE -DCWP_LITTLE_ENDIAN -DSUXDR -D_BSD_SOURCE  -D_BSD_SOURCE -D_POSIX_SOURCE tabplot.c
ar rv /usr/local/cwp/lib/libsu.a tabplot.o
a - tabplot.o
rm -f tabplot.o
gcc -c -I/usr/local/cwp/include -g  -std=c99 -Wall -pedantic -Wno-long-long  -D_FILE_OFFSET_BITS=64 -D_LARGEFILE64_SOURCE -DCWP_LITTLE_ENDIAN -DSUXDR -D_BSD_SOURCE  -D_BSD_SOURCE -D_POSIX_SOURCE xdrbhdrsub.c
ar rv /usr/local/cwp/lib/libsu.a xdrbhdrsub.o
a - xdrbhdrsub.o
rm -f xdrbhdrsub.o
gcc -c -I/usr/local/cwp/include -g  -std=c99 -Wall -pedantic -Wno-long-long  -D_FILE_OFFSET_BITS=64 -D_LARGEFILE64_SOURCE -DCWP_LITTLE_ENDIAN -DSUXDR -D_BSD_SOURCE  -D_BSD_SOURCE -D_POSIX_SOURCE xdrhdrsub.c
ar rv /usr/local/cwp/lib/libsu.a xdrhdrsub.o
a - xdrhdrsub.o
rm -f xdrhdrsub.o
ranlib /usr/local/cwp/lib/libsu.a
make[2]: Leaving directory `/usr/local/cwp/src/su/lib'
cd main    ; make
make[2]: Entering directory `/usr/local/cwp/src/su/main'
cd amplitudes ; make
make[3]: Entering directory `/usr/local/cwp/src/su/main/amplitudes'
gcc -I/usr/local/cwp/include -g  -std=c99 -Wall -pedantic -Wno-long-long  -D_FILE_OFFSET_BITS=64 -D_LARGEFILE64_SOURCE -DCWP_LITTLE_ENDIAN -DSUXDR -D_BSD_SOURCE  -D_BSD_SOURCE -D_POSIX_SOURCE sucentsamp.c  -L/usr/local/cwp/lib -lsu -lpar -lcwp -lm  -o /usr/local/cwp/bin/sucentsamp
/usr/local/cwp/lib/libcwp.a(tempname.o): In function `temporary_filename':
/usr/local/cwp/src/cwp/lib/tempname.c:121: warning: the use of `tmpnam' is dangerous, better use `mkstemp'
sucentsamp installed in /usr/local/cwp/bin
gcc -I/usr/local/cwp/include -g  -std=c99 -Wall -pedantic -Wno-long-long  -D_FILE_OFFSET_BITS=64 -D_LARGEFILE64_SOURCE -DCWP_LITTLE_ENDIAN -DSUXDR -D_BSD_SOURCE  -D_BSD_SOURCE -D_POSIX_SOURCE sudipdivcor.c  -L/usr/local/cwp/lib -lsu -lpar -lcwp -lm  -o /usr/local/cwp/bin/sudipdivcor
/usr/local/cwp/lib/libcwp.a(tempname.o): In function `temporary_filename':
/usr/local/cwp/src/cwp/lib/tempname.c:121: warning: the use of `tmpnam' is dangerous, better use `mkstemp'
sudipdivcor installed in /usr/local/cwp/bin
gcc -I/usr/local/cwp/include -g  -std=c99 -Wall -pedantic -Wno-long-long  -D_FILE_OFFSET_BITS=64 -D_LARGEFILE64_SOURCE -DCWP_LITTLE_ENDIAN -DSUXDR -D_BSD_SOURCE  -D_BSD_SOURCE -D_POSIX_SOURCE sudivcor.c  -L/usr/local/cwp/lib -lsu -lpar -lcwp -lm  -o /usr/local/cwp/bin/sudivcor
/usr/local/cwp/lib/libcwp.a(tempname.o): In function `temporary_filename':
/usr/local/cwp/src/cwp/lib/tempname.c:121: warning: the use of `tmpnam' is dangerous, better use `mkstemp'
sudivcor installed in /usr/local/cwp/bin
gcc -I/usr/local/cwp/include -g  -std=c99 -Wall -pedantic -Wno-long-long  -D_FILE_OFFSET_BITS=64 -D_LARGEFILE64_SOURCE -DCWP_LITTLE_ENDIAN -DSUXDR -D_BSD_SOURCE  -D_BSD_SOURCE -D_POSIX_SOURCE sugain.c  -L/usr/local/cwp/lib -lsu -lpar -lcwp -lm  -o /usr/local/cwp/bin/sugain
/usr/local/cwp/lib/libcwp.a(tempname.o): In function `temporary_filename':
/usr/local/cwp/src/cwp/lib/tempname.c:121: warning: the use of `tmpnam' is dangerous, better use `mkstemp'
sugain installed in /usr/local/cwp/bin
gcc -I/usr/local/cwp/include -g  -std=c99 -Wall -pedantic -Wno-long-long  -D_FILE_OFFSET_BITS=64 -D_LARGEFILE64_SOURCE -DCWP_LITTLE_ENDIAN -DSUXDR -D_BSD_SOURCE  -D_BSD_SOURCE -D_POSIX_SOURCE sunan.c  -L/usr/local/cwp/lib -lsu -lpar -lcwp -lm  -o /usr/local/cwp/bin/sunan
/usr/local/cwp/lib/libcwp.a(tempname.o): In function `temporary_filename':
/usr/local/cwp/src/cwp/lib/tempname.c:121: warning: the use of `tmpnam' is dangerous, better use `mkstemp'
sunan installed in /usr/local/cwp/bin
gcc -I/usr/local/cwp/include -g  -std=c99 -Wall -pedantic -Wno-long-long  -D_FILE_OFFSET_BITS=64 -D_LARGEFILE64_SOURCE -DCWP_LITTLE_ENDIAN -DSUXDR -D_BSD_SOURCE  -D_BSD_SOURCE -D_POSIX_SOURCE sunormalize.c  -L/usr/local/cwp/lib -lsu -lpar -lcwp -lm  -o /usr/local/cwp/bin/sunormalize
/usr/local/cwp/lib/libcwp.a(tempname.o): In function `temporary_filename':
/usr/local/cwp/src/cwp/lib/tempname.c:121: warning: the use of `tmpnam' is dangerous, better use `mkstemp'
sunormalize installed in /usr/local/cwp/bin
gcc -I/usr/local/cwp/include -g  -std=c99 -Wall -pedantic -Wno-long-long  -D_FILE_OFFSET_BITS=64 -D_LARGEFILE64_SOURCE -DCWP_LITTLE_ENDIAN -DSUXDR -D_BSD_SOURCE  -D_BSD_SOURCE -D_POSIX_SOURCE supgc.c  -L/usr/local/cwp/lib -lsu -lpar -lcwp -lm  -o /usr/local/cwp/bin/supgc
/usr/local/cwp/lib/libcwp.a(tempname.o): In function `temporary_filename':
/usr/local/cwp/src/cwp/lib/tempname.c:121: warning: the use of `tmpnam' is dangerous, better use `mkstemp'
supgc installed in /usr/local/cwp/bin
gcc -I/usr/local/cwp/include -g  -std=c99 -Wall -pedantic -Wno-long-long  -D_FILE_OFFSET_BITS=64 -D_LARGEFILE64_SOURCE -DCWP_LITTLE_ENDIAN -DSUXDR -D_BSD_SOURCE  -D_BSD_SOURCE -D_POSIX_SOURCE suweight.c  -L/usr/local/cwp/lib -lsu -lpar -lcwp -lm  -o /usr/local/cwp/bin/suweight
/usr/local/cwp/lib/libcwp.a(tempname.o): In function `temporary_filename':
/usr/local/cwp/src/cwp/lib/tempname.c:121: warning: the use of `tmpnam' is dangerous, better use `mkstemp'
suweight installed in /usr/local/cwp/bin
gcc -I/usr/local/cwp/include -g  -std=c99 -Wall -pedantic -Wno-long-long  -D_FILE_OFFSET_BITS=64 -D_LARGEFILE64_SOURCE -DCWP_LITTLE_ENDIAN -DSUXDR -D_BSD_SOURCE  -D_BSD_SOURCE -D_POSIX_SOURCE suzero.c  -L/usr/local/cwp/lib -lsu -lpar -lcwp -lm  -o /usr/local/cwp/bin/suzero
/usr/local/cwp/lib/libcwp.a(tempname.o): In function `temporary_filename':
/usr/local/cwp/src/cwp/lib/tempname.c:121: warning: the use of `tmpnam' is dangerous, better use `mkstemp'
suzero installed in /usr/local/cwp/bin
make[3]: Leaving directory `/usr/local/cwp/src/su/main/amplitudes'
cd attributes_parameter_estimation ; make
make[3]: Entering directory `/usr/local/cwp/src/su/main/attributes_parameter_estimation'
gcc -I/usr/local/cwp/include -g  -std=c99 -Wall -pedantic -Wno-long-long  -D_FILE_OFFSET_BITS=64 -D_LARGEFILE64_SOURCE -DCWP_LITTLE_ENDIAN -DSUXDR -D_BSD_SOURCE  -D_BSD_SOURCE -D_POSIX_SOURCE suattributes.c  -L/usr/local/cwp/lib -lsu -lpar -lcwp -lm  -o /usr/local/cwp/bin/suattributes
/usr/local/cwp/lib/libcwp.a(tempname.o): In function `temporary_filename':
/usr/local/cwp/src/cwp/lib/tempname.c:121: warning: the use of `tmpnam' is dangerous, better use `mkstemp'
suattributes installed in /usr/local/cwp/bin
gcc -I/usr/local/cwp/include -g  -std=c99 -Wall -pedantic -Wno-long-long  -D_FILE_OFFSET_BITS=64 -D_LARGEFILE64_SOURCE -DCWP_LITTLE_ENDIAN -DSUXDR -D_BSD_SOURCE  -D_BSD_SOURCE -D_POSIX_SOURCE subackus.c  -L/usr/local/cwp/lib -lsu -lpar -lcwp -lm  -o /usr/local/cwp/bin/subackus
/usr/local/cwp/lib/libcwp.a(tempname.o): In function `temporary_filename':
/usr/local/cwp/src/cwp/lib/tempname.c:121: warning: the use of `tmpnam' is dangerous, better use `mkstemp'
subackus installed in /usr/local/cwp/bin
gcc -I/usr/local/cwp/include -g  -std=c99 -Wall -pedantic -Wno-long-long  -D_FILE_OFFSET_BITS=64 -D_LARGEFILE64_SOURCE -DCWP_LITTLE_ENDIAN -DSUXDR -D_BSD_SOURCE  -D_BSD_SOURCE -D_POSIX_SOURCE subackush.c  -L/usr/local/cwp/lib -lsu -lpar -lcwp -lm  -o /usr/local/cwp/bin/subackush
/usr/local/cwp/lib/libcwp.a(tempname.o): In function `temporary_filename':
/usr/local/cwp/src/cwp/lib/tempname.c:121: warning: the use of `tmpnam' is dangerous, better use `mkstemp'
subackush installed in /usr/local/cwp/bin
gcc -I/usr/local/cwp/include -g  -std=c99 -Wall -pedantic -Wno-long-long  -D_FILE_OFFSET_BITS=64 -D_LARGEFILE64_SOURCE -DCWP_LITTLE_ENDIAN -DSUXDR -D_BSD_SOURCE  -D_BSD_SOURCE -D_POSIX_SOURCE sucmp.c  -L/usr/local/cwp/lib -lsu -lpar -lcwp -lm  -o /usr/local/cwp/bin/sucmp
/usr/local/cwp/lib/libcwp.a(tempname.o): In function `temporary_filename':
/usr/local/cwp/src/cwp/lib/tempname.c:121: warning: the use of `tmpnam' is dangerous, better use `mkstemp'
sucmp installed in /usr/local/cwp/bin
gcc -I/usr/local/cwp/include -g  -std=c99 -Wall -pedantic -Wno-long-long  -D_FILE_OFFSET_BITS=64 -D_LARGEFILE64_SOURCE -DCWP_LITTLE_ENDIAN -DSUXDR -D_BSD_SOURCE  -D_BSD_SOURCE -D_POSIX_SOURCE sulprime.c  -L/usr/local/cwp/lib -lsu -lpar -lcwp -lm  -o /usr/local/cwp/bin/sulprime
/usr/local/cwp/lib/libcwp.a(tempname.o): In function `temporary_filename':
/usr/local/cwp/src/cwp/lib/tempname.c:121: warning: the use of `tmpnam' is dangerous, better use `mkstemp'
sulprime installed in /usr/local/cwp/bin
gcc -I/usr/local/cwp/include -g  -std=c99 -Wall -pedantic -Wno-long-long  -D_FILE_OFFSET_BITS=64 -D_LARGEFILE64_SOURCE -DCWP_LITTLE_ENDIAN -DSUXDR -D_BSD_SOURCE  -D_BSD_SOURCE -D_POSIX_SOURCE sumax.c  -L/usr/local/cwp/lib -lsu -lpar -lcwp -lm  -o /usr/local/cwp/bin/sumax
/usr/local/cwp/lib/libcwp.a(tempname.o): In function `temporary_filename':
/usr/local/cwp/src/cwp/lib/tempname.c:121: warning: the use of `tmpnam' is dangerous, better use `mkstemp'
sumax installed in /usr/local/cwp/bin
gcc -I/usr/local/cwp/include -g  -std=c99 -Wall -pedantic -Wno-long-long  -D_FILE_OFFSET_BITS=64 -D_LARGEFILE64_SOURCE -DCWP_LITTLE_ENDIAN -DSUXDR -D_BSD_SOURCE  -D_BSD_SOURCE -D_POSIX_SOURCE sumean.c  -L/usr/local/cwp/lib -lsu -lpar -lcwp -lm  -o /usr/local/cwp/bin/sumean
/usr/local/cwp/lib/libcwp.a(tempname.o): In function `temporary_filename':
/usr/local/cwp/src/cwp/lib/tempname.c:121: warning: the use of `tmpnam' is dangerous, better use `mkstemp'
sumean installed in /usr/local/cwp/bin
gcc -I/usr/local/cwp/include -g  -std=c99 -Wall -pedantic -Wno-long-long  -D_FILE_OFFSET_BITS=64 -D_LARGEFILE64_SOURCE -DCWP_LITTLE_ENDIAN -DSUXDR -D_BSD_SOURCE  -D_BSD_SOURCE -D_POSIX_SOURCE suquantile.c  -L/usr/local/cwp/lib -lsu -lpar -lcwp -lm  -o /usr/local/cwp/bin/suquantile
/usr/local/cwp/lib/libcwp.a(tempname.o): In function `temporary_filename':
/usr/local/cwp/src/cwp/lib/tempname.c:121: warning: the use of `tmpnam' is dangerous, better use `mkstemp'
suquantile installed in /usr/local/cwp/bin
make[3]: Leaving directory `/usr/local/cwp/src/su/main/attributes_parameter_estimation'
cd convolution_correlation ; make
make[3]: Entering directory `/usr/local/cwp/src/su/main/convolution_correlation'
gcc -I/usr/local/cwp/include -g  -std=c99 -Wall -pedantic -Wno-long-long  -D_FILE_OFFSET_BITS=64 -D_LARGEFILE64_SOURCE -DCWP_LITTLE_ENDIAN -DSUXDR -D_BSD_SOURCE  -D_BSD_SOURCE -D_POSIX_SOURCE suacor.c  -L/usr/local/cwp/lib -lsu -lpar -lcwp -lm  -o /usr/local/cwp/bin/suacor
/usr/local/cwp/lib/libcwp.a(tempname.o): In function `temporary_filename':
/usr/local/cwp/src/cwp/lib/tempname.c:121: warning: the use of `tmpnam' is dangerous, better use `mkstemp'
suacor installed in /usr/local/cwp/bin
gcc -I/usr/local/cwp/include -g  -std=c99 -Wall -pedantic -Wno-long-long  -D_FILE_OFFSET_BITS=64 -D_LARGEFILE64_SOURCE -DCWP_LITTLE_ENDIAN -DSUXDR -D_BSD_SOURCE  -D_BSD_SOURCE -D_POSIX_SOURCE suacorfrac.c  -L/usr/local/cwp/lib -lsu -lpar -lcwp -lm  -o /usr/local/cwp/bin/suacorfrac
/usr/local/cwp/lib/libcwp.a(tempname.o): In function `temporary_filename':
/usr/local/cwp/src/cwp/lib/tempname.c:121: warning: the use of `tmpnam' is dangerous, better use `mkstemp'
suacorfrac installed in /usr/local/cwp/bin
gcc -I/usr/local/cwp/include -g  -std=c99 -Wall -pedantic -Wno-long-long  -D_FILE_OFFSET_BITS=64 -D_LARGEFILE64_SOURCE -DCWP_LITTLE_ENDIAN -DSUXDR -D_BSD_SOURCE  -D_BSD_SOURCE -D_POSIX_SOURCE suconv.c  -L/usr/local/cwp/lib -lsu -lpar -lcwp -lm  -o /usr/local/cwp/bin/suconv
/usr/local/cwp/lib/libcwp.a(tempname.o): In function `temporary_filename':
/usr/local/cwp/src/cwp/lib/tempname.c:121: warning: the use of `tmpnam' is dangerous, better use `mkstemp'
suconv installed in /usr/local/cwp/bin
gcc -I/usr/local/cwp/include -g  -std=c99 -Wall -pedantic -Wno-long-long  -D_FILE_OFFSET_BITS=64 -D_LARGEFILE64_SOURCE -DCWP_LITTLE_ENDIAN -DSUXDR -D_BSD_SOURCE  -D_BSD_SOURCE -D_POSIX_SOURCE surefcon.c  -L/usr/local/cwp/lib -lsu -lpar -lcwp -lm  -o /usr/local/cwp/bin/surefcon
/usr/local/cwp/lib/libcwp.a(tempname.o): In function `temporary_filename':
/usr/local/cwp/src/cwp/lib/tempname.c:121: warning: the use of `tmpnam' is dangerous, better use `mkstemp'
surefcon installed in /usr/local/cwp/bin
gcc -I/usr/local/cwp/include -g  -std=c99 -Wall -pedantic -Wno-long-long  -D_FILE_OFFSET_BITS=64 -D_LARGEFILE64_SOURCE -DCWP_LITTLE_ENDIAN -DSUXDR -D_BSD_SOURCE  -D_BSD_SOURCE -D_POSIX_SOURCE suxcor.c  -L/usr/local/cwp/lib -lsu -lpar -lcwp -lm  -o /usr/local/cwp/bin/suxcor
/usr/local/cwp/lib/libcwp.a(tempname.o): In function `temporary_filename':
/usr/local/cwp/src/cwp/lib/tempname.c:121: warning: the use of `tmpnam' is dangerous, better use `mkstemp'
suxcor installed in /usr/local/cwp/bin
make[3]: Leaving directory `/usr/local/cwp/src/su/main/convolution_correlation'
cd data_compression ; make
make[3]: Entering directory `/usr/local/cwp/src/su/main/data_compression'
gcc -I/usr/local/cwp/include -g  -std=c99 -Wall -pedantic -Wno-long-long  -D_FILE_OFFSET_BITS=64 -D_LARGEFILE64_SOURCE -DCWP_LITTLE_ENDIAN -DSUXDR -D_BSD_SOURCE  -D_BSD_SOURCE -D_POSIX_SOURCE supack1.c  -L/usr/local/cwp/lib -lsu -lpar -lcwp -lm  -o /usr/local/cwp/bin/supack1
/usr/local/cwp/lib/libcwp.a(tempname.o): In function `temporary_filename':
/usr/local/cwp/src/cwp/lib/tempname.c:121: warning: the use of `tmpnam' is dangerous, better use `mkstemp'
supack1 installed in /usr/local/cwp/bin
gcc -I/usr/local/cwp/include -g  -std=c99 -Wall -pedantic -Wno-long-long  -D_FILE_OFFSET_BITS=64 -D_LARGEFILE64_SOURCE -DCWP_LITTLE_ENDIAN -DSUXDR -D_BSD_SOURCE  -D_BSD_SOURCE -D_POSIX_SOURCE supack2.c  -L/usr/local/cwp/lib -lsu -lpar -lcwp -lm  -o /usr/local/cwp/bin/supack2
/usr/local/cwp/lib/libcwp.a(tempname.o): In function `temporary_filename':
/usr/local/cwp/src/cwp/lib/tempname.c:121: warning: the use of `tmpnam' is dangerous, better use `mkstemp'
supack2 installed in /usr/local/cwp/bin
gcc -I/usr/local/cwp/include -g  -std=c99 -Wall -pedantic -Wno-long-long  -D_FILE_OFFSET_BITS=64 -D_LARGEFILE64_SOURCE -DCWP_LITTLE_ENDIAN -DSUXDR -D_BSD_SOURCE  -D_BSD_SOURCE -D_POSIX_SOURCE suunpack1.c  -L/usr/local/cwp/lib -lsu -lpar -lcwp -lm  -o /usr/local/cwp/bin/suunpack1
/usr/local/cwp/lib/libcwp.a(tempname.o): In function `temporary_filename':
/usr/local/cwp/src/cwp/lib/tempname.c:121: warning: the use of `tmpnam' is dangerous, better use `mkstemp'
suunpack1 installed in /usr/local/cwp/bin
gcc -I/usr/local/cwp/include -g  -std=c99 -Wall -pedantic -Wno-long-long  -D_FILE_OFFSET_BITS=64 -D_LARGEFILE64_SOURCE -DCWP_LITTLE_ENDIAN -DSUXDR -D_BSD_SOURCE  -D_BSD_SOURCE -D_POSIX_SOURCE suunpack2.c  -L/usr/local/cwp/lib -lsu -lpar -lcwp -lm  -o /usr/local/cwp/bin/suunpack2
/usr/local/cwp/lib/libcwp.a(tempname.o): In function `temporary_filename':
/usr/local/cwp/src/cwp/lib/tempname.c:121: warning: the use of `tmpnam' is dangerous, better use `mkstemp'
suunpack2 installed in /usr/local/cwp/bin
make[3]: Leaving directory `/usr/local/cwp/src/su/main/data_compression'
cd data_conversion ; make
make[3]: Entering directory `/usr/local/cwp/src/su/main/data_conversion'
gcc -I/usr/local/cwp/include -g  -std=c99 -Wall -pedantic -Wno-long-long  -D_FILE_OFFSET_BITS=64 -D_LARGEFILE64_SOURCE -DCWP_LITTLE_ENDIAN -DSUXDR -D_BSD_SOURCE  -D_BSD_SOURCE -D_POSIX_SOURCE dt1tosu.c  -L/usr/local/cwp/lib -lsu -lpar -lcwp -lm  -o /usr/local/cwp/bin/dt1tosu
/usr/local/cwp/lib/libcwp.a(tempname.o): In function `temporary_filename':
/usr/local/cwp/src/cwp/lib/tempname.c:121: warning: the use of `tmpnam' is dangerous, better use `mkstemp'
dt1tosu installed in /usr/local/cwp/bin
gcc -I/usr/local/cwp/include -g  -std=c99 -Wall -pedantic -Wno-long-long  -D_FILE_OFFSET_BITS=64 -D_LARGEFILE64_SOURCE -DCWP_LITTLE_ENDIAN -DSUXDR -D_BSD_SOURCE  -D_BSD_SOURCE -D_POSIX_SOURCE las2su.c  -L/usr/local/cwp/lib -lsu -lpar -lcwp -lm  -o /usr/local/cwp/bin/las2su
/usr/local/cwp/lib/libcwp.a(tempname.o): In function `temporary_filename':
/usr/local/cwp/src/cwp/lib/tempname.c:121: warning: the use of `tmpnam' is dangerous, better use `mkstemp'
las2su installed in /usr/local/cwp/bin
gcc -I/usr/local/cwp/include -g  -std=c99 -Wall -pedantic -Wno-long-long  -D_FILE_OFFSET_BITS=64 -D_LARGEFILE64_SOURCE -DCWP_LITTLE_ENDIAN -DSUXDR -D_BSD_SOURCE  -D_BSD_SOURCE -D_POSIX_SOURCE segyclean.c  -L/usr/local/cwp/lib -lsu -lpar -lcwp -lm  -o /usr/local/cwp/bin/segyclean
/usr/local/cwp/lib/libcwp.a(tempname.o): In function `temporary_filename':
/usr/local/cwp/src/cwp/lib/tempname.c:121: warning: the use of `tmpnam' is dangerous, better use `mkstemp'
segyclean installed in /usr/local/cwp/bin
gcc -I/usr/local/cwp/include -g  -std=c99 -Wall -pedantic -Wno-long-long  -D_FILE_OFFSET_BITS=64 -D_LARGEFILE64_SOURCE -DCWP_LITTLE_ENDIAN -DSUXDR -D_BSD_SOURCE  -D_BSD_SOURCE -D_POSIX_SOURCE segyhdrmod.c  -L/usr/local/cwp/lib -lsu -lpar -lcwp -lm  -o /usr/local/cwp/bin/segyhdrmod
/usr/local/cwp/lib/libcwp.a(tempname.o): In function `temporary_filename':
/usr/local/cwp/src/cwp/lib/tempname.c:121: warning: the use of `tmpnam' is dangerous, better use `mkstemp'
segyhdrmod installed in /usr/local/cwp/bin
gcc -I/usr/local/cwp/include -g  -std=c99 -Wall -pedantic -Wno-long-long  -D_FILE_OFFSET_BITS=64 -D_LARGEFILE64_SOURCE -DCWP_LITTLE_ENDIAN -DSUXDR -D_BSD_SOURCE  -D_BSD_SOURCE -D_POSIX_SOURCE segyhdrs.c  -L/usr/local/cwp/lib -lsu -lpar -lcwp -lm  -o /usr/local/cwp/bin/segyhdrs
/usr/local/cwp/lib/libcwp.a(tempname.o): In function `temporary_filename':
/usr/local/cwp/src/cwp/lib/tempname.c:121: warning: the use of `tmpnam' is dangerous, better use `mkstemp'
segyhdrs installed in /usr/local/cwp/bin
gcc -I/usr/local/cwp/include -g  -std=c99 -Wall -pedantic -Wno-long-long  -D_FILE_OFFSET_BITS=64 -D_LARGEFILE64_SOURCE -DCWP_LITTLE_ENDIAN -DSUXDR -D_BSD_SOURCE  -D_BSD_SOURCE -D_POSIX_SOURCE segyread.c  -L/usr/local/cwp/lib -lsu -lpar -lcwp -lm  -o /usr/local/cwp/bin/segyread
/usr/local/cwp/lib/libcwp.a(tempname.o): In function `temporary_filename':
/usr/local/cwp/src/cwp/lib/tempname.c:121: warning: the use of `tmpnam' is dangerous, better use `mkstemp'
segyread installed in /usr/local/cwp/bin
gcc -I/usr/local/cwp/include -g  -std=c99 -Wall -pedantic -Wno-long-long  -D_FILE_OFFSET_BITS=64 -D_LARGEFILE64_SOURCE -DCWP_LITTLE_ENDIAN -DSUXDR -D_BSD_SOURCE  -D_BSD_SOURCE -D_POSIX_SOURCE segywrite.c  -L/usr/local/cwp/lib -lsu -lpar -lcwp -lm  -o /usr/local/cwp/bin/segywrite
/usr/local/cwp/lib/libcwp.a(tempname.o): In function `temporary_filename':
/usr/local/cwp/src/cwp/lib/tempname.c:121: warning: the use of `tmpnam' is dangerous, better use `mkstemp'
segywrite installed in /usr/local/cwp/bin
gcc -I/usr/local/cwp/include -g  -std=c99 -Wall -pedantic -Wno-long-long  -D_FILE_OFFSET_BITS=64 -D_LARGEFILE64_SOURCE -DCWP_LITTLE_ENDIAN -DSUXDR -D_BSD_SOURCE  -D_BSD_SOURCE -D_POSIX_SOURCE setbhed.c  -L/usr/local/cwp/lib -lsu -lpar -lcwp -lm  -o /usr/local/cwp/bin/setbhed
/usr/local/cwp/lib/libcwp.a(tempname.o): In function `temporary_filename':
/usr/local/cwp/src/cwp/lib/tempname.c:121: warning: the use of `tmpnam' is dangerous, better use `mkstemp'
setbhed installed in /usr/local/cwp/bin
gcc -I/usr/local/cwp/include -g  -std=c99 -Wall -pedantic -Wno-long-long  -D_FILE_OFFSET_BITS=64 -D_LARGEFILE64_SOURCE -DCWP_LITTLE_ENDIAN -DSUXDR -D_BSD_SOURCE  -D_BSD_SOURCE -D_POSIX_SOURCE suascii.c  -L/usr/local/cwp/lib -lsu -lpar -lcwp -lm  -o /usr/local/cwp/bin/suascii
suascii.c: In function 'main':
suascii.c:222: warning: unknown conversion type character 0xa in format
suascii.c:222: warning: too many arguments for format
/usr/local/cwp/lib/libcwp.a(tempname.o): In function `temporary_filename':
/usr/local/cwp/src/cwp/lib/tempname.c:121: warning: the use of `tmpnam' is dangerous, better use `mkstemp'
suascii installed in /usr/local/cwp/bin
gcc -I/usr/local/cwp/include -g  -std=c99 -Wall -pedantic -Wno-long-long  -D_FILE_OFFSET_BITS=64 -D_LARGEFILE64_SOURCE -DCWP_LITTLE_ENDIAN -DSUXDR -D_BSD_SOURCE  -D_BSD_SOURCE -D_POSIX_SOURCE suintvel.c  -L/usr/local/cwp/lib -lsu -lpar -lcwp -lm  -o /usr/local/cwp/bin/suintvel
/usr/local/cwp/lib/libcwp.a(tempname.o): In function `temporary_filename':
/usr/local/cwp/src/cwp/lib/tempname.c:121: warning: the use of `tmpnam' is dangerous, better use `mkstemp'
suintvel installed in /usr/local/cwp/bin
gcc -I/usr/local/cwp/include -g  -std=c99 -Wall -pedantic -Wno-long-long  -D_FILE_OFFSET_BITS=64 -D_LARGEFILE64_SOURCE -DCWP_LITTLE_ENDIAN -DSUXDR -D_BSD_SOURCE  -D_BSD_SOURCE -D_POSIX_SOURCE suoldtonew.c  -L/usr/local/cwp/lib -lsu -lpar -lcwp -lm  -o /usr/local/cwp/bin/suoldtonew
/usr/local/cwp/lib/libcwp.a(tempname.o): In function `temporary_filename':
/usr/local/cwp/src/cwp/lib/tempname.c:121: warning: the use of `tmpnam' is dangerous, better use `mkstemp'
suoldtonew installed in /usr/local/cwp/bin
gcc -I/usr/local/cwp/include -g  -std=c99 -Wall -pedantic -Wno-long-long  -D_FILE_OFFSET_BITS=64 -D_LARGEFILE64_SOURCE -DCWP_LITTLE_ENDIAN -DSUXDR -D_BSD_SOURCE  -D_BSD_SOURCE -D_POSIX_SOURCE sustkvel.c  -L/usr/local/cwp/lib -lsu -lpar -lcwp -lm  -o /usr/local/cwp/bin/sustkvel
/usr/local/cwp/lib/libcwp.a(tempname.o): In function `temporary_filename':
/usr/local/cwp/src/cwp/lib/tempname.c:121: warning: the use of `tmpnam' is dangerous, better use `mkstemp'
sustkvel installed in /usr/local/cwp/bin
gcc -I/usr/local/cwp/include -g  -std=c99 -Wall -pedantic -Wno-long-long  -D_FILE_OFFSET_BITS=64 -D_LARGEFILE64_SOURCE -DCWP_LITTLE_ENDIAN -DSUXDR -D_BSD_SOURCE  -D_BSD_SOURCE -D_POSIX_SOURCE suswapbytes.c  -L/usr/local/cwp/lib -lsu -lpar -lcwp -lm  -o /usr/local/cwp/bin/suswapbytes
/usr/local/cwp/lib/libcwp.a(tempname.o): In function `temporary_filename':
/usr/local/cwp/src/cwp/lib/tempname.c:121: warning: the use of `tmpnam' is dangerous, better use `mkstemp'
suswapbytes installed in /usr/local/cwp/bin
gcc -I/usr/local/cwp/include -g  -std=c99 -Wall -pedantic -Wno-long-long  -D_FILE_OFFSET_BITS=64 -D_LARGEFILE64_SOURCE -DCWP_LITTLE_ENDIAN -DSUXDR -D_BSD_SOURCE  -D_BSD_SOURCE -D_POSIX_SOURCE swapbhed.c  -L/usr/local/cwp/lib -lsu -lpar -lcwp -lm  -o /usr/local/cwp/bin/swapbhed
/usr/local/cwp/lib/libcwp.a(tempname.o): In function `temporary_filename':
/usr/local/cwp/src/cwp/lib/tempname.c:121: warning: the use of `tmpnam' is dangerous, better use `mkstemp'
swapbhed installed in /usr/local/cwp/bin
make[3]: Leaving directory `/usr/local/cwp/src/su/main/data_conversion'
cd datuming ; make
make[3]: Entering directory `/usr/local/cwp/src/su/main/datuming'
gcc -I/usr/local/cwp/include -g  -std=c99 -Wall -pedantic -Wno-long-long  -D_FILE_OFFSET_BITS=64 -D_LARGEFILE64_SOURCE -DCWP_LITTLE_ENDIAN -DSUXDR -D_BSD_SOURCE  -D_BSD_SOURCE -D_POSIX_SOURCE sudatumfd.c  -L/usr/local/cwp/lib -lsu -lpar -lcwp -lm  -o /usr/local/cwp/bin/sudatumfd
/usr/local/cwp/lib/libcwp.a(tempname.o): In function `temporary_filename':
/usr/local/cwp/src/cwp/lib/tempname.c:121: warning: the use of `tmpnam' is dangerous, better use `mkstemp'
sudatumfd installed in /usr/local/cwp/bin
gcc -I/usr/local/cwp/include -g  -std=c99 -Wall -pedantic -Wno-long-long  -D_FILE_OFFSET_BITS=64 -D_LARGEFILE64_SOURCE -DCWP_LITTLE_ENDIAN -DSUXDR -D_BSD_SOURCE  -D_BSD_SOURCE -D_POSIX_SOURCE sukdmdcr.c  -L/usr/local/cwp/lib -lsu -lpar -lcwp -lm  -o /usr/local/cwp/bin/sukdmdcr
/usr/local/cwp/lib/libcwp.a(tempname.o): In function `temporary_filename':
/usr/local/cwp/src/cwp/lib/tempname.c:121: warning: the use of `tmpnam' is dangerous, better use `mkstemp'
sukdmdcr installed in /usr/local/cwp/bin
gcc -I/usr/local/cwp/include -g  -std=c99 -Wall -pedantic -Wno-long-long  -D_FILE_OFFSET_BITS=64 -D_LARGEFILE64_SOURCE -DCWP_LITTLE_ENDIAN -DSUXDR -D_BSD_SOURCE  -D_BSD_SOURCE -D_POSIX_SOURCE sukdmdcs.c  -L/usr/local/cwp/lib -lsu -lpar -lcwp -lm  -o /usr/local/cwp/bin/sukdmdcs
/usr/local/cwp/lib/libcwp.a(tempname.o): In function `temporary_filename':
/usr/local/cwp/src/cwp/lib/tempname.c:121: warning: the use of `tmpnam' is dangerous, better use `mkstemp'
sukdmdcs installed in /usr/local/cwp/bin
gcc -I/usr/local/cwp/include -g  -std=c99 -Wall -pedantic -Wno-long-long  -D_FILE_OFFSET_BITS=64 -D_LARGEFILE64_SOURCE -DCWP_LITTLE_ENDIAN -DSUXDR -D_BSD_SOURCE  -D_BSD_SOURCE -D_POSIX_SOURCE sudatumk2dr.c  -L/usr/local/cwp/lib -lsu -lpar -lcwp -lm  -o /usr/local/cwp/bin/sudatumk2dr
/usr/local/cwp/lib/libcwp.a(tempname.o): In function `temporary_filename':
/usr/local/cwp/src/cwp/lib/tempname.c:121: warning: the use of `tmpnam' is dangerous, better use `mkstemp'
sudatumk2dr installed in /usr/local/cwp/bin
gcc -I/usr/local/cwp/include -g  -std=c99 -Wall -pedantic -Wno-long-long  -D_FILE_OFFSET_BITS=64 -D_LARGEFILE64_SOURCE -DCWP_LITTLE_ENDIAN -DSUXDR -D_BSD_SOURCE  -D_BSD_SOURCE -D_POSIX_SOURCE sudatumk2ds.c  -L/usr/local/cwp/lib -lsu -lpar -lcwp -lm  -o /usr/local/cwp/bin/sudatumk2ds
/usr/local/cwp/lib/libcwp.a(tempname.o): In function `temporary_filename':
/usr/local/cwp/src/cwp/lib/tempname.c:121: warning: the use of `tmpnam' is dangerous, better use `mkstemp'
sudatumk2ds installed in /usr/local/cwp/bin
make[3]: Leaving directory `/usr/local/cwp/src/su/main/datuming'
cd decon_shaping ; make
make[3]: Entering directory `/usr/local/cwp/src/su/main/decon_shaping'
gcc -I/usr/local/cwp/include -g  -std=c99 -Wall -pedantic -Wno-long-long  -D_FILE_OFFSET_BITS=64 -D_LARGEFILE64_SOURCE -DCWP_LITTLE_ENDIAN -DSUXDR -D_BSD_SOURCE  -D_BSD_SOURCE -D_POSIX_SOURCE sucddecon.c  -L/usr/local/cwp/lib -lsu -lpar -lcwp -lm  -o /usr/local/cwp/bin/sucddecon
/usr/local/cwp/lib/libcwp.a(tempname.o): In function `temporary_filename':
/usr/local/cwp/src/cwp/lib/tempname.c:121: warning: the use of `tmpnam' is dangerous, better use `mkstemp'
sucddecon installed in /usr/local/cwp/bin
gcc -I/usr/local/cwp/include -g  -std=c99 -Wall -pedantic -Wno-long-long  -D_FILE_OFFSET_BITS=64 -D_LARGEFILE64_SOURCE -DCWP_LITTLE_ENDIAN -DSUXDR -D_BSD_SOURCE  -D_BSD_SOURCE -D_POSIX_SOURCE sufxdecon.c  -L/usr/local/cwp/lib -lsu -lpar -lcwp -lm  -o /usr/local/cwp/bin/sufxdecon
/usr/local/cwp/lib/libcwp.a(tempname.o): In function `temporary_filename':
/usr/local/cwp/src/cwp/lib/tempname.c:121: warning: the use of `tmpnam' is dangerous, better use `mkstemp'
sufxdecon installed in /usr/local/cwp/bin
gcc -I/usr/local/cwp/include -g  -std=c99 -Wall -pedantic -Wno-long-long  -D_FILE_OFFSET_BITS=64 -D_LARGEFILE64_SOURCE -DCWP_LITTLE_ENDIAN -DSUXDR -D_BSD_SOURCE  -D_BSD_SOURCE -D_POSIX_SOURCE supef.c  -L/usr/local/cwp/lib -lsu -lpar -lcwp -lm  -o /usr/local/cwp/bin/supef
/usr/local/cwp/lib/libcwp.a(tempname.o): In function `temporary_filename':
/usr/local/cwp/src/cwp/lib/tempname.c:121: warning: the use of `tmpnam' is dangerous, better use `mkstemp'
supef installed in /usr/local/cwp/bin
gcc -I/usr/local/cwp/include -g  -std=c99 -Wall -pedantic -Wno-long-long  -D_FILE_OFFSET_BITS=64 -D_LARGEFILE64_SOURCE -DCWP_LITTLE_ENDIAN -DSUXDR -D_BSD_SOURCE  -D_BSD_SOURCE -D_POSIX_SOURCE suphidecon.c  -L/usr/local/cwp/lib -lsu -lpar -lcwp -lm  -o /usr/local/cwp/bin/suphidecon
/usr/local/cwp/lib/libcwp.a(tempname.o): In function `temporary_filename':
/usr/local/cwp/src/cwp/lib/tempname.c:121: warning: the use of `tmpnam' is dangerous, better use `mkstemp'
suphidecon installed in /usr/local/cwp/bin
gcc -I/usr/local/cwp/include -g  -std=c99 -Wall -pedantic -Wno-long-long  -D_FILE_OFFSET_BITS=64 -D_LARGEFILE64_SOURCE -DCWP_LITTLE_ENDIAN -DSUXDR -D_BSD_SOURCE  -D_BSD_SOURCE -D_POSIX_SOURCE sushape.c  -L/usr/local/cwp/lib -lsu -lpar -lcwp -lm  -o /usr/local/cwp/bin/sushape
/usr/local/cwp/lib/libcwp.a(tempname.o): In function `temporary_filename':
/usr/local/cwp/src/cwp/lib/tempname.c:121: warning: the use of `tmpnam' is dangerous, better use `mkstemp'
sushape installed in /usr/local/cwp/bin
make[3]: Leaving directory `/usr/local/cwp/src/su/main/decon_shaping'
cd dip_moveout ; make
make[3]: Entering directory `/usr/local/cwp/src/su/main/dip_moveout'
gcc -I/usr/local/cwp/include -g  -std=c99 -Wall -pedantic -Wno-long-long  -D_FILE_OFFSET_BITS=64 -D_LARGEFILE64_SOURCE -DCWP_LITTLE_ENDIAN -DSUXDR -D_BSD_SOURCE  -D_BSD_SOURCE -D_POSIX_SOURCE sudmofk.c  -L/usr/local/cwp/lib -lsu -lpar -lcwp -lm  -o /usr/local/cwp/bin/sudmofk
/usr/local/cwp/lib/libcwp.a(tempname.o): In function `temporary_filename':
/usr/local/cwp/src/cwp/lib/tempname.c:121: warning: the use of `tmpnam' is dangerous, better use `mkstemp'
sudmofk installed in /usr/local/cwp/bin
gcc -I/usr/local/cwp/include -g  -std=c99 -Wall -pedantic -Wno-long-long  -D_FILE_OFFSET_BITS=64 -D_LARGEFILE64_SOURCE -DCWP_LITTLE_ENDIAN -DSUXDR -D_BSD_SOURCE  -D_BSD_SOURCE -D_POSIX_SOURCE sudmofkcw.c  -L/usr/local/cwp/lib -lsu -lpar -lcwp -lm  -o /usr/local/cwp/bin/sudmofkcw
/usr/local/cwp/lib/libcwp.a(tempname.o): In function `temporary_filename':
/usr/local/cwp/src/cwp/lib/tempname.c:121: warning: the use of `tmpnam' is dangerous, better use `mkstemp'
sudmofkcw installed in /usr/local/cwp/bin
gcc -I/usr/local/cwp/include -g  -std=c99 -Wall -pedantic -Wno-long-long  -D_FILE_OFFSET_BITS=64 -D_LARGEFILE64_SOURCE -DCWP_LITTLE_ENDIAN -DSUXDR -D_BSD_SOURCE  -D_BSD_SOURCE -D_POSIX_SOURCE sudmotivz.c  -L/usr/local/cwp/lib -lsu -lpar -lcwp -lm  -o /usr/local/cwp/bin/sudmotivz
/usr/local/cwp/lib/libcwp.a(tempname.o): In function `temporary_filename':
/usr/local/cwp/src/cwp/lib/tempname.c:121: warning: the use of `tmpnam' is dangerous, better use `mkstemp'
sudmotivz installed in /usr/local/cwp/bin
gcc -I/usr/local/cwp/include -g  -std=c99 -Wall -pedantic -Wno-long-long  -D_FILE_OFFSET_BITS=64 -D_LARGEFILE64_SOURCE -DCWP_LITTLE_ENDIAN -DSUXDR -D_BSD_SOURCE  -D_BSD_SOURCE -D_POSIX_SOURCE sudmotx.c  -L/usr/local/cwp/lib -lsu -lpar -lcwp -lm  -o /usr/local/cwp/bin/sudmotx
/usr/local/cwp/lib/libcwp.a(tempname.o): In function `temporary_filename':
/usr/local/cwp/src/cwp/lib/tempname.c:121: warning: the use of `tmpnam' is dangerous, better use `mkstemp'
sudmotx installed in /usr/local/cwp/bin
gcc -I/usr/local/cwp/include -g  -std=c99 -Wall -pedantic -Wno-long-long  -D_FILE_OFFSET_BITS=64 -D_LARGEFILE64_SOURCE -DCWP_LITTLE_ENDIAN -DSUXDR -D_BSD_SOURCE  -D_BSD_SOURCE -D_POSIX_SOURCE sudmovz.c  -L/usr/local/cwp/lib -lsu -lpar -lcwp -lm  -o /usr/local/cwp/bin/sudmovz
/usr/local/cwp/lib/libcwp.a(tempname.o): In function `temporary_filename':
/usr/local/cwp/src/cwp/lib/tempname.c:121: warning: the use of `tmpnam' is dangerous, better use `mkstemp'
sudmovz installed in /usr/local/cwp/bin
gcc -I/usr/local/cwp/include -g  -std=c99 -Wall -pedantic -Wno-long-long  -D_FILE_OFFSET_BITS=64 -D_LARGEFILE64_SOURCE -DCWP_LITTLE_ENDIAN -DSUXDR -D_BSD_SOURCE  -D_BSD_SOURCE -D_POSIX_SOURCE sutihaledmo.c  -L/usr/local/cwp/lib -lsu -lpar -lcwp -lm  -o /usr/local/cwp/bin/sutihaledmo
/usr/local/cwp/lib/libcwp.a(tempname.o): In function `temporary_filename':
/usr/local/cwp/src/cwp/lib/tempname.c:121: warning: the use of `tmpnam' is dangerous, better use `mkstemp'
sutihaledmo installed in /usr/local/cwp/bin
make[3]: Leaving directory `/usr/local/cwp/src/su/main/dip_moveout'
cd filters ; make
make[3]: Entering directory `/usr/local/cwp/src/su/main/filters'
gcc -I/usr/local/cwp/include -g  -std=c99 -Wall -pedantic -Wno-long-long  -D_FILE_OFFSET_BITS=64 -D_LARGEFILE64_SOURCE -DCWP_LITTLE_ENDIAN -DSUXDR -D_BSD_SOURCE  -D_BSD_SOURCE -D_POSIX_SOURCE sulfaf.c  -L/usr/local/cwp/lib -lsu -lpar -lcwp -lm  -o /usr/local/cwp/bin/sulfaf
/usr/local/cwp/lib/libcwp.a(tempname.o): In function `temporary_filename':
/usr/local/cwp/src/cwp/lib/tempname.c:121: warning: the use of `tmpnam' is dangerous, better use `mkstemp'
sulfaf installed in /usr/local/cwp/bin
gcc -I/usr/local/cwp/include -g  -std=c99 -Wall -pedantic -Wno-long-long  -D_FILE_OFFSET_BITS=64 -D_LARGEFILE64_SOURCE -DCWP_LITTLE_ENDIAN -DSUXDR -D_BSD_SOURCE  -D_BSD_SOURCE -D_POSIX_SOURCE subfilt.c  -L/usr/local/cwp/lib -lsu -lpar -lcwp -lm  -o /usr/local/cwp/bin/subfilt
/usr/local/cwp/lib/libcwp.a(tempname.o): In function `temporary_filename':
/usr/local/cwp/src/cwp/lib/tempname.c:121: warning: the use of `tmpnam' is dangerous, better use `mkstemp'
subfilt installed in /usr/local/cwp/bin
gcc -I/usr/local/cwp/include -g  -std=c99 -Wall -pedantic -Wno-long-long  -D_FILE_OFFSET_BITS=64 -D_LARGEFILE64_SOURCE -DCWP_LITTLE_ENDIAN -DSUXDR -D_BSD_SOURCE  -D_BSD_SOURCE -D_POSIX_SOURCE sudipfilt.c  -L/usr/local/cwp/lib -lsu -lpar -lcwp -lm  -o /usr/local/cwp/bin/sudipfilt
/usr/local/cwp/lib/libcwp.a(tempname.o): In function `temporary_filename':
/usr/local/cwp/src/cwp/lib/tempname.c:121: warning: the use of `tmpnam' is dangerous, better use `mkstemp'
sudipfilt installed in /usr/local/cwp/bin
gcc -I/usr/local/cwp/include -g  -std=c99 -Wall -pedantic -Wno-long-long  -D_FILE_OFFSET_BITS=64 -D_LARGEFILE64_SOURCE -DCWP_LITTLE_ENDIAN -DSUXDR -D_BSD_SOURCE  -D_BSD_SOURCE -D_POSIX_SOURCE succfilt.c  -L/usr/local/cwp/lib -lsu -lpar -lcwp -lm  -o /usr/local/cwp/bin/succfilt
/usr/local/cwp/lib/libcwp.a(tempname.o): In function `temporary_filename':
/usr/local/cwp/src/cwp/lib/tempname.c:121: warning: the use of `tmpnam' is dangerous, better use `mkstemp'
succfilt installed in /usr/local/cwp/bin
gcc -I/usr/local/cwp/include -g  -std=c99 -Wall -pedantic -Wno-long-long  -D_FILE_OFFSET_BITS=64 -D_LARGEFILE64_SOURCE -DCWP_LITTLE_ENDIAN -DSUXDR -D_BSD_SOURCE  -D_BSD_SOURCE -D_POSIX_SOURCE sufilter.c  -L/usr/local/cwp/lib -lsu -lpar -lcwp -lm  -o /usr/local/cwp/bin/sufilter
/usr/local/cwp/lib/libcwp.a(tempname.o): In function `temporary_filename':
/usr/local/cwp/src/cwp/lib/tempname.c:121: warning: the use of `tmpnam' is dangerous, better use `mkstemp'
sufilter installed in /usr/local/cwp/bin
gcc -I/usr/local/cwp/include -g  -std=c99 -Wall -pedantic -Wno-long-long  -D_FILE_OFFSET_BITS=64 -D_LARGEFILE64_SOURCE -DCWP_LITTLE_ENDIAN -DSUXDR -D_BSD_SOURCE  -D_BSD_SOURCE -D_POSIX_SOURCE sufrac.c  -L/usr/local/cwp/lib -lsu -lpar -lcwp -lm  -o /usr/local/cwp/bin/sufrac
/usr/local/cwp/lib/libcwp.a(tempname.o): In function `temporary_filename':
/usr/local/cwp/src/cwp/lib/tempname.c:121: warning: the use of `tmpnam' is dangerous, better use `mkstemp'
sufrac installed in /usr/local/cwp/bin
gcc -I/usr/local/cwp/include -g  -std=c99 -Wall -pedantic -Wno-long-long  -D_FILE_OFFSET_BITS=64 -D_LARGEFILE64_SOURCE -DCWP_LITTLE_ENDIAN -DSUXDR -D_BSD_SOURCE  -D_BSD_SOURCE -D_POSIX_SOURCE sufwatrim.c  -L/usr/local/cwp/lib -lsu -lpar -lcwp -lm  -o /usr/local/cwp/bin/sufwatrim
/usr/local/cwp/lib/libcwp.a(tempname.o): In function `temporary_filename':
/usr/local/cwp/src/cwp/lib/tempname.c:121: warning: the use of `tmpnam' is dangerous, better use `mkstemp'
sufwatrim installed in /usr/local/cwp/bin
gcc -I/usr/local/cwp/include -g  -std=c99 -Wall -pedantic -Wno-long-long  -D_FILE_OFFSET_BITS=64 -D_LARGEFILE64_SOURCE -DCWP_LITTLE_ENDIAN -DSUXDR -D_BSD_SOURCE  -D_BSD_SOURCE -D_POSIX_SOURCE suk1k2filter.c  -L/usr/local/cwp/lib -lsu -lpar -lcwp -lm  -o /usr/local/cwp/bin/suk1k2filter
/usr/local/cwp/lib/libcwp.a(tempname.o): In function `temporary_filename':
/usr/local/cwp/src/cwp/lib/tempname.c:121: warning: the use of `tmpnam' is dangerous, better use `mkstemp'
suk1k2filter installed in /usr/local/cwp/bin
gcc -I/usr/local/cwp/include -g  -std=c99 -Wall -pedantic -Wno-long-long  -D_FILE_OFFSET_BITS=64 -D_LARGEFILE64_SOURCE -DCWP_LITTLE_ENDIAN -DSUXDR -D_BSD_SOURCE  -D_BSD_SOURCE -D_POSIX_SOURCE sukfrac.c  -L/usr/local/cwp/lib -lsu -lpar -lcwp -lm  -o /usr/local/cwp/bin/sukfrac
/usr/local/cwp/lib/libcwp.a(tempname.o): In function `temporary_filename':
/usr/local/cwp/src/cwp/lib/tempname.c:121: warning: the use of `tmpnam' is dangerous, better use `mkstemp'
sukfrac installed in /usr/local/cwp/bin
gcc -I/usr/local/cwp/include -g  -std=c99 -Wall -pedantic -Wno-long-long  -D_FILE_OFFSET_BITS=64 -D_LARGEFILE64_SOURCE -DCWP_LITTLE_ENDIAN -DSUXDR -D_BSD_SOURCE  -D_BSD_SOURCE -D_POSIX_SOURCE sukfilter.c  -L/usr/local/cwp/lib -lsu -lpar -lcwp -lm  -o /usr/local/cwp/bin/sukfilter
/usr/local/cwp/lib/libcwp.a(tempname.o): In function `temporary_filename':
/usr/local/cwp/src/cwp/lib/tempname.c:121: warning: the use of `tmpnam' is dangerous, better use `mkstemp'
sukfilter installed in /usr/local/cwp/bin
gcc -I/usr/local/cwp/include -g  -std=c99 -Wall -pedantic -Wno-long-long  -D_FILE_OFFSET_BITS=64 -D_LARGEFILE64_SOURCE -DCWP_LITTLE_ENDIAN -DSUXDR -D_BSD_SOURCE  -D_BSD_SOURCE -D_POSIX_SOURCE sumedian.c  -L/usr/local/cwp/lib -lsu -lpar -lcwp -lm  -o /usr/local/cwp/bin/sumedian
/usr/local/cwp/lib/libcwp.a(tempname.o): In function `temporary_filename':
/usr/local/cwp/src/cwp/lib/tempname.c:121: warning: the use of `tmpnam' is dangerous, better use `mkstemp'
sumedian installed in /usr/local/cwp/bin
gcc -I/usr/local/cwp/include -g  -std=c99 -Wall -pedantic -Wno-long-long  -D_FILE_OFFSET_BITS=64 -D_LARGEFILE64_SOURCE -DCWP_LITTLE_ENDIAN -DSUXDR -D_BSD_SOURCE  -D_BSD_SOURCE -D_POSIX_SOURCE susmgauss2.c  -L/usr/local/cwp/lib -lsu -lpar -lcwp -lm  -o /usr/local/cwp/bin/susmgauss2
/usr/local/cwp/lib/libcwp.a(tempname.o): In function `temporary_filename':
/usr/local/cwp/src/cwp/lib/tempname.c:121: warning: the use of `tmpnam' is dangerous, better use `mkstemp'
susmgauss2 installed in /usr/local/cwp/bin
gcc -I/usr/local/cwp/include -g  -std=c99 -Wall -pedantic -Wno-long-long  -D_FILE_OFFSET_BITS=64 -D_LARGEFILE64_SOURCE -DCWP_LITTLE_ENDIAN -DSUXDR -D_BSD_SOURCE  -D_BSD_SOURCE -D_POSIX_SOURCE suphase.c  -L/usr/local/cwp/lib -lsu -lpar -lcwp -lm  -o /usr/local/cwp/bin/suphase
/usr/local/cwp/lib/libcwp.a(tempname.o): In function `temporary_filename':
/usr/local/cwp/src/cwp/lib/tempname.c:121: warning: the use of `tmpnam' is dangerous, better use `mkstemp'
suphase installed in /usr/local/cwp/bin
gcc -I/usr/local/cwp/include -g  -std=c99 -Wall -pedantic -Wno-long-long  -D_FILE_OFFSET_BITS=64 -D_LARGEFILE64_SOURCE -DCWP_LITTLE_ENDIAN -DSUXDR -D_BSD_SOURCE  -D_BSD_SOURCE -D_POSIX_SOURCE sutvband.c  -L/usr/local/cwp/lib -lsu -lpar -lcwp -lm  -o /usr/local/cwp/bin/sutvband
/usr/local/cwp/lib/libcwp.a(tempname.o): In function `temporary_filename':
/usr/local/cwp/src/cwp/lib/tempname.c:121: warning: the use of `tmpnam' is dangerous, better use `mkstemp'
sutvband installed in /usr/local/cwp/bin
make[3]: Leaving directory `/usr/local/cwp/src/su/main/filters'
cd headers ; make
make[3]: Entering directory `/usr/local/cwp/src/su/main/headers'
gcc -I/usr/local/cwp/include -g  -std=c99 -Wall -pedantic -Wno-long-long  -D_FILE_OFFSET_BITS=64 -D_LARGEFILE64_SOURCE -DCWP_LITTLE_ENDIAN -DSUXDR -D_BSD_SOURCE  -D_BSD_SOURCE -D_POSIX_SOURCE bhedtopar.c  -L/usr/local/cwp/lib -lsu -lpar -lcwp -lm  -o /usr/local/cwp/bin/bhedtopar
bhedtopar.c: In function 'main':
bhedtopar.c:61: warning: unused variable 'infp'
/usr/local/cwp/lib/libcwp.a(tempname.o): In function `temporary_filename':
/usr/local/cwp/src/cwp/lib/tempname.c:121: warning: the use of `tmpnam' is dangerous, better use `mkstemp'
bhedtopar installed in /usr/local/cwp/bin
gcc -I/usr/local/cwp/include -g  -std=c99 -Wall -pedantic -Wno-long-long  -D_FILE_OFFSET_BITS=64 -D_LARGEFILE64_SOURCE -DCWP_LITTLE_ENDIAN -DSUXDR -D_BSD_SOURCE  -D_BSD_SOURCE -D_POSIX_SOURCE su3dchart.c  -L/usr/local/cwp/lib -lsu -lpar -lcwp -lm  -o /usr/local/cwp/bin/su3dchart
/usr/local/cwp/lib/libcwp.a(tempname.o): In function `temporary_filename':
/usr/local/cwp/src/cwp/lib/tempname.c:121: warning: the use of `tmpnam' is dangerous, better use `mkstemp'
su3dchart installed in /usr/local/cwp/bin
gcc -I/usr/local/cwp/include -g  -std=c99 -Wall -pedantic -Wno-long-long  -D_FILE_OFFSET_BITS=64 -D_LARGEFILE64_SOURCE -DCWP_LITTLE_ENDIAN -DSUXDR -D_BSD_SOURCE  -D_BSD_SOURCE -D_POSIX_SOURCE suazimuth.c  -L/usr/local/cwp/lib -lsu -lpar -lcwp -lm  -o /usr/local/cwp/bin/suazimuth
/usr/local/cwp/lib/libcwp.a(tempname.o): In function `temporary_filename':
/usr/local/cwp/src/cwp/lib/tempname.c:121: warning: the use of `tmpnam' is dangerous, better use `mkstemp'
suazimuth installed in /usr/local/cwp/bin
gcc -I/usr/local/cwp/include -g  -std=c99 -Wall -pedantic -Wno-long-long  -D_FILE_OFFSET_BITS=64 -D_LARGEFILE64_SOURCE -DCWP_LITTLE_ENDIAN -DSUXDR -D_BSD_SOURCE  -D_BSD_SOURCE -D_POSIX_SOURCE suabshw.c  -L/usr/local/cwp/lib -lsu -lpar -lcwp -lm  -o /usr/local/cwp/bin/suabshw
/usr/local/cwp/lib/libcwp.a(tempname.o): In function `temporary_filename':
/usr/local/cwp/src/cwp/lib/tempname.c:121: warning: the use of `tmpnam' is dangerous, better use `mkstemp'
suabshw installed in /usr/local/cwp/bin
gcc -I/usr/local/cwp/include -g  -std=c99 -Wall -pedantic -Wno-long-long  -D_FILE_OFFSET_BITS=64 -D_LARGEFILE64_SOURCE -DCWP_LITTLE_ENDIAN -DSUXDR -D_BSD_SOURCE  -D_BSD_SOURCE -D_POSIX_SOURCE suahw.c  -L/usr/local/cwp/lib -lsu -lpar -lcwp -lm  -o /usr/local/cwp/bin/suahw
/usr/local/cwp/lib/libcwp.a(tempname.o): In function `temporary_filename':
/usr/local/cwp/src/cwp/lib/tempname.c:121: warning: the use of `tmpnam' is dangerous, better use `mkstemp'
suahw installed in /usr/local/cwp/bin
gcc -I/usr/local/cwp/include -g  -std=c99 -Wall -pedantic -Wno-long-long  -D_FILE_OFFSET_BITS=64 -D_LARGEFILE64_SOURCE -DCWP_LITTLE_ENDIAN -DSUXDR -D_BSD_SOURCE  -D_BSD_SOURCE -D_POSIX_SOURCE suaddhead.c  -L/usr/local/cwp/lib -lsu -lpar -lcwp -lm  -o /usr/local/cwp/bin/suaddhead
/usr/local/cwp/lib/libcwp.a(tempname.o): In function `temporary_filename':
/usr/local/cwp/src/cwp/lib/tempname.c:121: warning: the use of `tmpnam' is dangerous, better use `mkstemp'
suaddhead installed in /usr/local/cwp/bin
gcc -I/usr/local/cwp/include -g  -std=c99 -Wall -pedantic -Wno-long-long  -D_FILE_OFFSET_BITS=64 -D_LARGEFILE64_SOURCE -DCWP_LITTLE_ENDIAN -DSUXDR -D_BSD_SOURCE  -D_BSD_SOURCE -D_POSIX_SOURCE sucdpbin.c  -L/usr/local/cwp/lib -lsu -lpar -lcwp -lm  -o /usr/local/cwp/bin/sucdpbin
/usr/local/cwp/lib/libcwp.a(tempname.o): In function `temporary_filename':
/usr/local/cwp/src/cwp/lib/tempname.c:121: warning: the use of `tmpnam' is dangerous, better use `mkstemp'
sucdpbin installed in /usr/local/cwp/bin
gcc -I/usr/local/cwp/include -g  -std=c99 -Wall -pedantic -Wno-long-long  -D_FILE_OFFSET_BITS=64 -D_LARGEFILE64_SOURCE -DCWP_LITTLE_ENDIAN -DSUXDR -D_BSD_SOURCE  -D_BSD_SOURCE -D_POSIX_SOURCE suchart.c  -L/usr/local/cwp/lib -lsu -lpar -lcwp -lm  -o /usr/local/cwp/bin/suchart
/usr/local/cwp/lib/libcwp.a(tempname.o): In function `temporary_filename':
/usr/local/cwp/src/cwp/lib/tempname.c:121: warning: the use of `tmpnam' is dangerous, better use `mkstemp'
suchart installed in /usr/local/cwp/bin
gcc -I/usr/local/cwp/include -g  -std=c99 -Wall -pedantic -Wno-long-long  -D_FILE_OFFSET_BITS=64 -D_LARGEFILE64_SOURCE -DCWP_LITTLE_ENDIAN -DSUXDR -D_BSD_SOURCE  -D_BSD_SOURCE -D_POSIX_SOURCE suchw.c  -L/usr/local/cwp/lib -lsu -lpar -lcwp -lm  -o /usr/local/cwp/bin/suchw
/usr/local/cwp/lib/libcwp.a(tempname.o): In function `temporary_filename':
/usr/local/cwp/src/cwp/lib/tempname.c:121: warning: the use of `tmpnam' is dangerous, better use `mkstemp'
suchw installed in /usr/local/cwp/bin
gcc -I/usr/local/cwp/include -g  -std=c99 -Wall -pedantic -Wno-long-long  -D_FILE_OFFSET_BITS=64 -D_LARGEFILE64_SOURCE -DCWP_LITTLE_ENDIAN -DSUXDR -D_BSD_SOURCE  -D_BSD_SOURCE -D_POSIX_SOURCE sucliphead.c  -L/usr/local/cwp/lib -lsu -lpar -lcwp -lm  -o /usr/local/cwp/bin/sucliphead
/usr/local/cwp/lib/libcwp.a(tempname.o): In function `temporary_filename':
/usr/local/cwp/src/cwp/lib/tempname.c:121: warning: the use of `tmpnam' is dangerous, better use `mkstemp'
sucliphead installed in /usr/local/cwp/bin
gcc -I/usr/local/cwp/include -g  -std=c99 -Wall -pedantic -Wno-long-long  -D_FILE_OFFSET_BITS=64 -D_LARGEFILE64_SOURCE -DCWP_LITTLE_ENDIAN -DSUXDR -D_BSD_SOURCE  -D_BSD_SOURCE -D_POSIX_SOURCE sucountkey.c  -L/usr/local/cwp/lib -lsu -lpar -lcwp -lm  -o /usr/local/cwp/bin/sucountkey
/usr/local/cwp/lib/libcwp.a(tempname.o): In function `temporary_filename':
/usr/local/cwp/src/cwp/lib/tempname.c:121: warning: the use of `tmpnam' is dangerous, better use `mkstemp'
sucountkey installed in /usr/local/cwp/bin
gcc -I/usr/local/cwp/include -g  -std=c99 -Wall -pedantic -Wno-long-long  -D_FILE_OFFSET_BITS=64 -D_LARGEFILE64_SOURCE -DCWP_LITTLE_ENDIAN -DSUXDR -D_BSD_SOURCE  -D_BSD_SOURCE -D_POSIX_SOURCE sudumptrace.c  -L/usr/local/cwp/lib -lsu -lpar -lcwp -lm  -o /usr/local/cwp/bin/sudumptrace
/usr/local/cwp/lib/libcwp.a(tempname.o): In function `temporary_filename':
/usr/local/cwp/src/cwp/lib/tempname.c:121: warning: the use of `tmpnam' is dangerous, better use `mkstemp'
sudumptrace installed in /usr/local/cwp/bin
gcc -I/usr/local/cwp/include -g  -std=c99 -Wall -pedantic -Wno-long-long  -D_FILE_OFFSET_BITS=64 -D_LARGEFILE64_SOURCE -DCWP_LITTLE_ENDIAN -DSUXDR -D_BSD_SOURCE  -D_BSD_SOURCE -D_POSIX_SOURCE suedit.c  -L/usr/local/cwp/lib -lsu -lpar -lcwp -lm  -o /usr/local/cwp/bin/suedit
/tmp/ccFwA9wq.o: In function `edxplot':
/usr/local/cwp/src/su/main/headers/suedit.c:399: warning: the use of `tmpnam' is dangerous, better use `mkstemp'
suedit installed in /usr/local/cwp/bin
gcc -I/usr/local/cwp/include -g  -std=c99 -Wall -pedantic -Wno-long-long  -D_FILE_OFFSET_BITS=64 -D_LARGEFILE64_SOURCE -DCWP_LITTLE_ENDIAN -DSUXDR -D_BSD_SOURCE  -D_BSD_SOURCE -D_POSIX_SOURCE sugethw.c  -L/usr/local/cwp/lib -lsu -lpar -lcwp -lm  -o /usr/local/cwp/bin/sugethw
/usr/local/cwp/lib/libcwp.a(tempname.o): In function `temporary_filename':
/usr/local/cwp/src/cwp/lib/tempname.c:121: warning: the use of `tmpnam' is dangerous, better use `mkstemp'
sugethw installed in /usr/local/cwp/bin
gcc -I/usr/local/cwp/include -g  -std=c99 -Wall -pedantic -Wno-long-long  -D_FILE_OFFSET_BITS=64 -D_LARGEFILE64_SOURCE -DCWP_LITTLE_ENDIAN -DSUXDR -D_BSD_SOURCE  -D_BSD_SOURCE -D_POSIX_SOURCE suhtmath.c  -L/usr/local/cwp/lib -lsu -lpar -lcwp -lm  -o /usr/local/cwp/bin/suhtmath
/usr/local/cwp/lib/libcwp.a(tempname.o): In function `temporary_filename':
/usr/local/cwp/src/cwp/lib/tempname.c:121: warning: the use of `tmpnam' is dangerous, better use `mkstemp'
suhtmath installed in /usr/local/cwp/bin
gcc -I/usr/local/cwp/include -g  -std=c99 -Wall -pedantic -Wno-long-long  -D_FILE_OFFSET_BITS=64 -D_LARGEFILE64_SOURCE -DCWP_LITTLE_ENDIAN -DSUXDR -D_BSD_SOURCE  -D_BSD_SOURCE -D_POSIX_SOURCE sukeycount.c  -L/usr/local/cwp/lib -lsu -lpar -lcwp -lm  -o /usr/local/cwp/bin/sukeycount
/usr/local/cwp/lib/libcwp.a(tempname.o): In function `temporary_filename':
/usr/local/cwp/src/cwp/lib/tempname.c:121: warning: the use of `tmpnam' is dangerous, better use `mkstemp'
sukeycount installed in /usr/local/cwp/bin
gcc -I/usr/local/cwp/include -g  -std=c99 -Wall -pedantic -Wno-long-long  -D_FILE_OFFSET_BITS=64 -D_LARGEFILE64_SOURCE -DCWP_LITTLE_ENDIAN -DSUXDR -D_BSD_SOURCE  -D_BSD_SOURCE -D_POSIX_SOURCE sulcthw.c  -L/usr/local/cwp/lib -lsu -lpar -lcwp -lm  -o /usr/local/cwp/bin/sulcthw
/usr/local/cwp/lib/libcwp.a(tempname.o): In function `temporary_filename':
/usr/local/cwp/src/cwp/lib/tempname.c:121: warning: the use of `tmpnam' is dangerous, better use `mkstemp'
sulcthw installed in /usr/local/cwp/bin
gcc -I/usr/local/cwp/include -g  -std=c99 -Wall -pedantic -Wno-long-long  -D_FILE_OFFSET_BITS=64 -D_LARGEFILE64_SOURCE -DCWP_LITTLE_ENDIAN -DSUXDR -D_BSD_SOURCE  -D_BSD_SOURCE -D_POSIX_SOURCE sulhead.c  -L/usr/local/cwp/lib -lsu -lpar -lcwp -lm  -o /usr/local/cwp/bin/sulhead
/usr/local/cwp/lib/libcwp.a(tempname.o): In function `temporary_filename':
/usr/local/cwp/src/cwp/lib/tempname.c:121: warning: the use of `tmpnam' is dangerous, better use `mkstemp'
sulhead installed in /usr/local/cwp/bin
gcc -I/usr/local/cwp/include -g  -std=c99 -Wall -pedantic -Wno-long-long  -D_FILE_OFFSET_BITS=64 -D_LARGEFILE64_SOURCE -DCWP_LITTLE_ENDIAN -DSUXDR -D_BSD_SOURCE  -D_BSD_SOURCE -D_POSIX_SOURCE supaste.c  -L/usr/local/cwp/lib -lsu -lpar -lcwp -lm  -o /usr/local/cwp/bin/supaste
/usr/local/cwp/lib/libcwp.a(tempname.o): In function `temporary_filename':
/usr/local/cwp/src/cwp/lib/tempname.c:121: warning: the use of `tmpnam' is dangerous, better use `mkstemp'
supaste installed in /usr/local/cwp/bin
gcc -I/usr/local/cwp/include -g  -std=c99 -Wall -pedantic -Wno-long-long  -D_FILE_OFFSET_BITS=64 -D_LARGEFILE64_SOURCE -DCWP_LITTLE_ENDIAN -DSUXDR -D_BSD_SOURCE  -D_BSD_SOURCE -D_POSIX_SOURCE surange.c  -L/usr/local/cwp/lib -lsu -lpar -lcwp -lm  -o /usr/local/cwp/bin/surange
/usr/local/cwp/lib/libcwp.a(tempname.o): In function `temporary_filename':
/usr/local/cwp/src/cwp/lib/tempname.c:121: warning: the use of `tmpnam' is dangerous, better use `mkstemp'
surange installed in /usr/local/cwp/bin
gcc -I/usr/local/cwp/include -g  -std=c99 -Wall -pedantic -Wno-long-long  -D_FILE_OFFSET_BITS=64 -D_LARGEFILE64_SOURCE -DCWP_LITTLE_ENDIAN -DSUXDR -D_BSD_SOURCE  -D_BSD_SOURCE -D_POSIX_SOURCE surandhw.c  -L/usr/local/cwp/lib -lsu -lpar -lcwp -lm  -o /usr/local/cwp/bin/surandhw
/usr/local/cwp/lib/libcwp.a(tempname.o): In function `temporary_filename':
/usr/local/cwp/src/cwp/lib/tempname.c:121: warning: the use of `tmpnam' is dangerous, better use `mkstemp'
surandhw installed in /usr/local/cwp/bin
gcc -I/usr/local/cwp/include -g  -std=c99 -Wall -pedantic -Wno-long-long  -D_FILE_OFFSET_BITS=64 -D_LARGEFILE64_SOURCE -DCWP_LITTLE_ENDIAN -DSUXDR -D_BSD_SOURCE  -D_BSD_SOURCE -D_POSIX_SOURCE susehw.c  -L/usr/local/cwp/lib -lsu -lpar -lcwp -lm  -o /usr/local/cwp/bin/susehw
/usr/local/cwp/lib/libcwp.a(tempname.o): In function `temporary_filename':
/usr/local/cwp/src/cwp/lib/tempname.c:121: warning: the use of `tmpnam' is dangerous, better use `mkstemp'
susehw installed in /usr/local/cwp/bin
gcc -I/usr/local/cwp/include -g  -std=c99 -Wall -pedantic -Wno-long-long  -D_FILE_OFFSET_BITS=64 -D_LARGEFILE64_SOURCE -DCWP_LITTLE_ENDIAN -DSUXDR -D_BSD_SOURCE  -D_BSD_SOURCE -D_POSIX_SOURCE sushw.c  -L/usr/local/cwp/lib -lsu -lpar -lcwp -lm  -o /usr/local/cwp/bin/sushw
/usr/local/cwp/lib/libcwp.a(tempname.o): In function `temporary_filename':
/usr/local/cwp/src/cwp/lib/tempname.c:121: warning: the use of `tmpnam' is dangerous, better use `mkstemp'
sushw installed in /usr/local/cwp/bin
gcc -I/usr/local/cwp/include -g  -std=c99 -Wall -pedantic -Wno-long-long  -D_FILE_OFFSET_BITS=64 -D_LARGEFILE64_SOURCE -DCWP_LITTLE_ENDIAN -DSUXDR -D_BSD_SOURCE  -D_BSD_SOURCE -D_POSIX_SOURCE sustrip.c  -L/usr/local/cwp/lib -lsu -lpar -lcwp -lm  -o /usr/local/cwp/bin/sustrip
/usr/local/cwp/lib/libcwp.a(tempname.o): In function `temporary_filename':
/usr/local/cwp/src/cwp/lib/tempname.c:121: warning: the use of `tmpnam' is dangerous, better use `mkstemp'
sustrip installed in /usr/local/cwp/bin
gcc -I/usr/local/cwp/include -g  -std=c99 -Wall -pedantic -Wno-long-long  -D_FILE_OFFSET_BITS=64 -D_LARGEFILE64_SOURCE -DCWP_LITTLE_ENDIAN -DSUXDR -D_BSD_SOURCE  -D_BSD_SOURCE -D_POSIX_SOURCE sutrcount.c  -L/usr/local/cwp/lib -lsu -lpar -lcwp -lm  -o /usr/local/cwp/bin/sutrcount
/usr/local/cwp/lib/libcwp.a(tempname.o): In function `temporary_filename':
/usr/local/cwp/src/cwp/lib/tempname.c:121: warning: the use of `tmpnam' is dangerous, better use `mkstemp'
sutrcount installed in /usr/local/cwp/bin
gcc -I/usr/local/cwp/include -g  -std=c99 -Wall -pedantic -Wno-long-long  -D_FILE_OFFSET_BITS=64 -D_LARGEFILE64_SOURCE -DCWP_LITTLE_ENDIAN -DSUXDR -D_BSD_SOURCE  -D_BSD_SOURCE -D_POSIX_SOURCE suutm.c  -L/usr/local/cwp/lib -lsu -lpar -lcwp -lm  -o /usr/local/cwp/bin/suutm
/usr/local/cwp/lib/libcwp.a(tempname.o): In function `temporary_filename':
/usr/local/cwp/src/cwp/lib/tempname.c:121: warning: the use of `tmpnam' is dangerous, better use `mkstemp'
suutm installed in /usr/local/cwp/bin
gcc -I/usr/local/cwp/include -g  -std=c99 -Wall -pedantic -Wno-long-long  -D_FILE_OFFSET_BITS=64 -D_LARGEFILE64_SOURCE -DCWP_LITTLE_ENDIAN -DSUXDR -D_BSD_SOURCE  -D_BSD_SOURCE -D_POSIX_SOURCE suxedit.c  -L/usr/local/cwp/lib -lsu -lpar -lcwp -lm  -o /usr/local/cwp/bin/suxedit
/tmp/ccdKDJ9r.o: In function `wigplot':
/usr/local/cwp/src/su/main/headers/suxedit.c:392: warning: the use of `tmpnam' is dangerous, better use `mkstemp'
suxedit installed in /usr/local/cwp/bin
make[3]: Leaving directory `/usr/local/cwp/src/su/main/headers'
cd interp_extrap ; make
make[3]: Entering directory `/usr/local/cwp/src/su/main/interp_extrap'
gcc -I/usr/local/cwp/include -g  -std=c99 -Wall -pedantic -Wno-long-long  -D_FILE_OFFSET_BITS=64 -D_LARGEFILE64_SOURCE -DCWP_LITTLE_ENDIAN -DSUXDR -D_BSD_SOURCE  -D_BSD_SOURCE -D_POSIX_SOURCE suinterp.c  -L/usr/local/cwp/lib -lsu -lpar -lcwp -lm  -o /usr/local/cwp/bin/suinterp
/usr/local/cwp/lib/libcwp.a(tempname.o): In function `temporary_filename':
/usr/local/cwp/src/cwp/lib/tempname.c:121: warning: the use of `tmpnam' is dangerous, better use `mkstemp'
suinterp installed in /usr/local/cwp/bin
gcc -I/usr/local/cwp/include -g  -std=c99 -Wall -pedantic -Wno-long-long  -D_FILE_OFFSET_BITS=64 -D_LARGEFILE64_SOURCE -DCWP_LITTLE_ENDIAN -DSUXDR -D_BSD_SOURCE  -D_BSD_SOURCE -D_POSIX_SOURCE suinterpfowler.c  -L/usr/local/cwp/lib -lsu -lpar -lcwp -lm  -o /usr/local/cwp/bin/suinterpfowler
/usr/local/cwp/lib/libcwp.a(tempname.o): In function `temporary_filename':
/usr/local/cwp/src/cwp/lib/tempname.c:121: warning: the use of `tmpnam' is dangerous, better use `mkstemp'
suinterpfowler installed in /usr/local/cwp/bin
gcc -I/usr/local/cwp/include -g  -std=c99 -Wall -pedantic -Wno-long-long  -D_FILE_OFFSET_BITS=64 -D_LARGEFILE64_SOURCE -DCWP_LITTLE_ENDIAN -DSUXDR -D_BSD_SOURCE  -D_BSD_SOURCE -D_POSIX_SOURCE suocext.c  -L/usr/local/cwp/lib -lsu -lpar -lcwp -lm  -o /usr/local/cwp/bin/suocext
/usr/local/cwp/lib/libcwp.a(tempname.o): In function `temporary_filename':
/usr/local/cwp/src/cwp/lib/tempname.c:121: warning: the use of `tmpnam' is dangerous, better use `mkstemp'
suocext installed in /usr/local/cwp/bin
make[3]: Leaving directory `/usr/local/cwp/src/su/main/interp_extrap'
cd migration_inversion ; make
make[3]: Entering directory `/usr/local/cwp/src/su/main/migration_inversion'
gcc -I/usr/local/cwp/include -g  -std=c99 -Wall -pedantic -Wno-long-long  -D_FILE_OFFSET_BITS=64 -D_LARGEFILE64_SOURCE -DCWP_LITTLE_ENDIAN -DSUXDR -D_BSD_SOURCE  -D_BSD_SOURCE -D_POSIX_SOURCE sugazmig.c  -L/usr/local/cwp/lib -lsu -lpar -lcwp -lm  -o /usr/local/cwp/bin/sugazmig
/usr/local/cwp/lib/libcwp.a(tempname.o): In function `temporary_filename':
/usr/local/cwp/src/cwp/lib/tempname.c:121: warning: the use of `tmpnam' is dangerous, better use `mkstemp'
sugazmig installed in /usr/local/cwp/bin
gcc -I/usr/local/cwp/include -g  -std=c99 -Wall -pedantic -Wno-long-long  -D_FILE_OFFSET_BITS=64 -D_LARGEFILE64_SOURCE -DCWP_LITTLE_ENDIAN -DSUXDR -D_BSD_SOURCE  -D_BSD_SOURCE -D_POSIX_SOURCE suinvvxzco.c  -L/usr/local/cwp/lib -lsu -lpar -lcwp -lm  -o /usr/local/cwp/bin/suinvvxzco
/usr/local/cwp/lib/libcwp.a(tempname.o): In function `temporary_filename':
/usr/local/cwp/src/cwp/lib/tempname.c:121: warning: the use of `tmpnam' is dangerous, better use `mkstemp'
suinvvxzco installed in /usr/local/cwp/bin
gcc -I/usr/local/cwp/include -g  -std=c99 -Wall -pedantic -Wno-long-long  -D_FILE_OFFSET_BITS=64 -D_LARGEFILE64_SOURCE -DCWP_LITTLE_ENDIAN -DSUXDR -D_BSD_SOURCE  -D_BSD_SOURCE -D_POSIX_SOURCE suinvzco3d.c  -L/usr/local/cwp/lib -lsu -lpar -lcwp -lm  -o /usr/local/cwp/bin/suinvzco3d
/usr/local/cwp/lib/libcwp.a(tempname.o): In function `temporary_filename':
/usr/local/cwp/src/cwp/lib/tempname.c:121: warning: the use of `tmpnam' is dangerous, better use `mkstemp'
suinvzco3d installed in /usr/local/cwp/bin
gcc -I/usr/local/cwp/include -g  -std=c99 -Wall -pedantic -Wno-long-long  -D_FILE_OFFSET_BITS=64 -D_LARGEFILE64_SOURCE -DCWP_LITTLE_ENDIAN -DSUXDR -D_BSD_SOURCE  -D_BSD_SOURCE -D_POSIX_SOURCE sukdmig2d.c  -L/usr/local/cwp/lib -lsu -lpar -lcwp -lm  -o /usr/local/cwp/bin/sukdmig2d
/usr/local/cwp/lib/libcwp.a(tempname.o): In function `temporary_filename':
/usr/local/cwp/src/cwp/lib/tempname.c:121: warning: the use of `tmpnam' is dangerous, better use `mkstemp'
sukdmig2d installed in /usr/local/cwp/bin
gcc -I/usr/local/cwp/include -g  -std=c99 -Wall -pedantic -Wno-long-long  -D_FILE_OFFSET_BITS=64 -D_LARGEFILE64_SOURCE -DCWP_LITTLE_ENDIAN -DSUXDR -D_BSD_SOURCE  -D_BSD_SOURCE -D_POSIX_SOURCE sukdmig3d.c  -L/usr/local/cwp/lib -lsu -lpar -lcwp -lm  -o /usr/local/cwp/bin/sukdmig3d
/usr/local/cwp/lib/libcwp.a(tempname.o): In function `temporary_filename':
/usr/local/cwp/src/cwp/lib/tempname.c:121: warning: the use of `tmpnam' is dangerous, better use `mkstemp'
sukdmig3d installed in /usr/local/cwp/bin
gcc -I/usr/local/cwp/include -g  -std=c99 -Wall -pedantic -Wno-long-long  -D_FILE_OFFSET_BITS=64 -D_LARGEFILE64_SOURCE -DCWP_LITTLE_ENDIAN -DSUXDR -D_BSD_SOURCE  -D_BSD_SOURCE -D_POSIX_SOURCE suktmig2d.c  -L/usr/local/cwp/lib -lsu -lpar -lcwp -lm  -o /usr/local/cwp/bin/suktmig2d
/usr/local/cwp/lib/libcwp.a(tempname.o): In function `temporary_filename':
/usr/local/cwp/src/cwp/lib/tempname.c:121: warning: the use of `tmpnam' is dangerous, better use `mkstemp'
suktmig2d installed in /usr/local/cwp/bin
gcc -I/usr/local/cwp/include -g  -std=c99 -Wall -pedantic -Wno-long-long  -D_FILE_OFFSET_BITS=64 -D_LARGEFILE64_SOURCE -DCWP_LITTLE_ENDIAN -DSUXDR -D_BSD_SOURCE  -D_BSD_SOURCE -D_POSIX_SOURCE sumigfd.c  -L/usr/local/cwp/lib -lsu -lpar -lcwp -lm  -o /usr/local/cwp/bin/sumigfd
/usr/local/cwp/lib/libcwp.a(tempname.o): In function `temporary_filename':
/usr/local/cwp/src/cwp/lib/tempname.c:121: warning: the use of `tmpnam' is dangerous, better use `mkstemp'
sumigfd installed in /usr/local/cwp/bin
gcc -I/usr/local/cwp/include -g  -std=c99 -Wall -pedantic -Wno-long-long  -D_FILE_OFFSET_BITS=64 -D_LARGEFILE64_SOURCE -DCWP_LITTLE_ENDIAN -DSUXDR -D_BSD_SOURCE  -D_BSD_SOURCE -D_POSIX_SOURCE sumigffd.c  -L/usr/local/cwp/lib -lsu -lpar -lcwp -lm  -o /usr/local/cwp/bin/sumigffd
Making xtinstall
cd ./Xtcwp; make
make[1]: Entering directory `/usr/local/cwp/src/Xtcwp'
cd include ; make
make[2]: Entering directory `/usr/local/cwp/src/Xtcwp/include'
Xtcwp.h installed in /usr/local/cwp/include/Xtcwp
Axes.h installed in /usr/local/cwp/include/Xtcwp
AxesP.h installed in /usr/local/cwp/include/Xtcwp
make[2]: Leaving directory `/usr/local/cwp/src/Xtcwp/include'
cd lib     ; make
make[2]: Entering directory `/usr/local/cwp/src/Xtcwp/lib'
gcc -c -I/usr/local/cwp/include -I/usr/X11/include -g  -std=c99 -Wall -pedantic -Wno-long-long  -D_FILE_OFFSET_BITS=64 -D_LARGEFILE64_SOURCE -DCWP_LITTLE_ENDIAN Axes.c
ar rv /usr/local/cwp/lib/libXtcwp.a Axes.o
ar: creating /usr/local/cwp/lib/libXtcwp.a
a - Axes.o
rm -f Axes.o
gcc -c -I/usr/local/cwp/include -I/usr/X11/include -g  -std=c99 -Wall -pedantic -Wno-long-long  -D_FILE_OFFSET_BITS=64 -D_LARGEFILE64_SOURCE -DCWP_LITTLE_ENDIAN fx.c
Making finstall
cd ./Fortran; make
make[1]: Entering directory `/usr/local/cwp/src/Fortran'
cd Cshot ; make
make[2]: Entering directory `/usr/local/cwp/src/Fortran/Cshot'
gfortran -g cshot1.f -o /usr/local/cwp/bin/cshot1 libcshot.a
make[2]: gfortran: Command not found
make[2]: *** [/usr/local/cwp/bin/cshot1] Error 127
make[2]: Leaving directory `/usr/local/cwp/src/Fortran/Cshot'
make[1]: *** [INSTALL] Error 2
make[1]: Leaving directory `/usr/local/cwp/src/Fortran'
make: *** [finstall] Error 2
Making mglinstall
cd ./Mesa; make
make[1]: Entering directory `/usr/local/cwp/src/Mesa'
cd include ; make
make[2]: Entering directory `/usr/local/cwp/src/Mesa/include'
viewer3.h installed in /usr/local/cwp/include
trackball.h installed in /usr/local/cwp/include
make[2]: Leaving directory `/usr/local/cwp/src/Mesa/include'
cd lib     ; make
make[2]: Entering directory `/usr/local/cwp/src/Mesa/lib'
gcc -c -I/usr/local/cwp/include -I/usr/local/cwp/include/MGL -I/usr/include -I/usr/include -I/usr/X11/include -g  -std=c99 -Wall -pedantic -Wno-long-long  -D_FILE_OFFSET_BITS=64 -D_LARGEFILE64_SOURCE -DCWP_LITTLE_ENDIAN trackball.c
ar rv /usr/local/cwp/lib/libtrack.a trackball.o
ar: creating /usr/local/cwp/lib/libtrack.a
a - trackball.o
rm -f trackball.o
ranlib /usr/local/cwp/lib/libtrack.a
make[2]: Leaving directory `/usr/local/cwp/src/Mesa/lib'
cd main    ; make
make[2]: Entering directory `/usr/local/cwp/src/Mesa/main'
gcc -I/usr/local/cwp/include -I/usr/local/cwp/include/MGL -I/usr/include -I/usr/include -I/usr/X11/include -g  -std=c99 -Wall -pedantic -Wno-long-long  -D_FILE_OFFSET_BITS=64 -D_LARGEFILE64_SOURCE -DCWP_LITTLE_ENDIAN trip.c  -L/usr/local/cwp/lib -L/usr/X11/lib -L/usr/lib -L/usr/lib -lglut -lXmu -lXt -lSM -lICE -lXext -lXi -lX11 -lm -lGL -lGLU -lglut -ltrack -lpar -lcwp -lm  -o /usr/local/cwp/bin/trip
/usr/bin/ld: skipping incompatible /usr/lib/libm.so when searching for -lm
/usr/bin/ld: skipping incompatible /usr/lib/libm.so when searching for -lm
/usr/bin/ld: skipping incompatible /usr/lib/libGL.so when searching for -lGL
/usr/bin/ld: skipping incompatible /usr/lib/libGL.so when searching for -lGL
/usr/bin/ld: skipping incompatible /usr/lib/libm.so when searching for -lm
/usr/bin/ld: skipping incompatible /usr/lib/libm.so when searching for -lm
/usr/bin/ld: skipping incompatible /usr/lib/libc.so when searching for -lc
/usr/bin/ld: skipping incompatible /usr/lib/libc.so when searching for -lc
/usr/local/cwp/lib/libcwp.a(tempname.o): In function `temporary_filename':
/usr/local/cwp/src/cwp/lib/tempname.c:121: warning: the use of `tmpnam' is dangerous, better use `mkstemp'
chmod 755 /usr/local/cwp/bin/trip
trip installed in /usr/local/cwp/bin
gcc -I/usr/local/cwp/include -I/usr/local/cwp/include/MGL -I/usr/include -I/usr/include -I/usr/X11/include -g  -std=c99 -Wall -pedantic -Wno-long-long  -D_FILE_OFFSET_BITS=64 -D_LARGEFILE64_SOURCE -DCWP_LITTLE_ENDIAN viewer3.c  -L/usr/local/cwp/lib -L/usr/X11/lib -L/usr/lib -L/usr/lib -lglut -lXmu -lXt -lSM -lICE -lXext -lXi -lX11 -lm -lGL -lGLU -lglut -ltrack -lpar -lcwp -lm  -o /usr/local/cwp/bin/viewer3
/usr/bin/ld: skipping incompatible /usr/lib/libm.so when searching for -lm
/usr/bin/ld: skipping incompatible /usr/lib/libm.so when searching for -lm
/usr/bin/ld: skipping incompatible /usr/lib/libGL.so when searching for -lGL
/usr/bin/ld: skipping incompatible /usr/lib/libGL.so when searching for -lGL
/usr/bin/ld: skipping incompatible /usr/lib/libm.so when searching for -lm
/usr/bin/ld: skipping incompatible /usr/lib/libm.so when searching for -lm
/usr/bin/ld: skipping incompatible /usr/lib/libc.so when searching for -lc
/usr/bin/ld: skipping incompatible /usr/lib/libc.so when searching for -lc
/usr/local/cwp/lib/libcwp.a(tempname.o): In function `temporary_filename':
/usr/local/cwp/src/cwp/lib/tempname.c:121: warning: the use of `tmpnam' is dangerous, better use `mkstemp'
chmod 755 /usr/local/cwp/bin/viewer3
viewer3 installed in /usr/local/cwp/bin
make[2]: Leaving directory `/usr/local/cwp/src/Mesa/main'
make[1]: Leaving directory `/usr/local/cwp/src/Mesa'
Making utils
cd ./cwputils; make
make[1]: Entering directory `/usr/local/cwp/src/cwputils'
gcc -c -I/usr/local/cwp/include -g  -std=c99 -Wall -pedantic -Wno-long-long  -D_FILE_OFFSET_BITS=64 -D_LARGEFILE64_SOURCE -DCWP_LITTLE_ENDIAN -DSUXDR -D_BSD_SOURCE  -D_BSD_SOURCE -D_POSIX_SOURCE wallsec.c
ar rv /usr/local/cwp/lib/libcwputils.a wallsec.o
ar: creating /usr/local/cwp/lib/libcwputils.a
a - wallsec.o
rm -f wallsec.o
gcc -c -I/usr/local/cwp/include -g  -std=c99 -Wall -pedantic -Wno-long-long  -D_FILE_OFFSET_BITS=64 -D_LARGEFILE64_SOURCE -DCWP_LITTLE_ENDIAN -DSUXDR -D_BSD_SOURCE  -D_BSD_SOURCE -D_POSIX_SOURCE walltime.c
ar rv /usr/local/cwp/lib/libcwputils.a walltime.o
a - walltime.o
rm -f walltime.o
gcc -c -I/usr/local/cwp/include -g  -std=c99 -Wall -pedantic -Wno-long-long  -D_FILE_OFFSET_BITS=64 -D_LARGEFILE64_SOURCE -DCWP_LITTLE_ENDIAN -DSUXDR -D_BSD_SOURCE  -D_BSD_SOURCE -D_POSIX_SOURCE cpusec.c
ar rv /usr/local/cwp/lib/libcwputils.a cpusec.o
a - cpusec.o
rm -f cpusec.o
gcc -c -I/usr/local/cwp/include -g  -std=c99 -Wall -pedantic -Wno-long-long  -D_FILE_OFFSET_BITS=64 -D_LARGEFILE64_SOURCE -DCWP_LITTLE_ENDIAN -DSUXDR -D_BSD_SOURCE  -D_BSD_SOURCE -D_POSIX_SOURCE cputime.c
ar rv /usr/local/cwp/lib/libcwputils.a cputime.o
a - cputime.o
rm -f cputime.o
ranlib /usr/local/cwp/lib/libcwputils.a
make[1]: Leaving directory `/usr/local/cwp/src/cwputils'
Making xminstall
cd ./Xmcwp; make
make[1]: Entering directory `/usr/local/cwp/src/Xmcwp'
cd include ; make
make[2]: Entering directory `/usr/local/cwp/src/Xmcwp/include'
Xmcwp.h installed in /usr/local/cwp/include/Xmcwp
make[2]: Leaving directory `/usr/local/cwp/src/Xmcwp/include'
cd lib     ; make
make[2]: Entering directory `/usr/local/cwp/src/Xmcwp/lib'
gcc -c -I/usr/local/cwp/include -I/usr/X11R6/include -I/usr/X11/include -g  -std=c99 -Wall -pedantic -Wno-long-long  -D_FILE_OFFSET_BITS=64 -D_LARGEFILE64_SOURCE  -DCWP_LITTLE_ENDIAN  radiobuttons.c
ar rv /usr/local/cwp/lib/libXmcwp.a radiobuttons.o
ar: creating /usr/local/cwp/lib/libXmcwp.a
a - radiobuttons.o
rm -f radiobuttons.o
gcc -c -I/usr/local/cwp/include -I/usr/X11R6/include -I/usr/X11/include -g  -std=c99 -Wall -pedantic -Wno-long-long  -D_FILE_OFFSET_BITS=64 -D_LARGEFILE64_SOURCE  -DCWP_LITTLE_ENDIAN  samples.c
ar rv /usr/local/cwp/lib/libXmcwp.a samples.o
a - samples.o
rm -f samples.o
ranlib /usr/local/cwp/lib/libXmcwp.a
make[2]: Leaving directory `/usr/local/cwp/src/Xmcwp/lib'
cd main    ; make
make[2]: Entering directory `/usr/local/cwp/src/Xmcwp/main'
gcc -I/usr/local/cwp/include -I/usr/X11R6/include -I/usr/X11/include -g  -std=c99 -Wall -pedantic -Wno-long-long  -D_FILE_OFFSET_BITS=64 -D_LARGEFILE64_SOURCE  -DCWP_LITTLE_ENDIAN fftlab.c  -L/usr/local/cwp/lib -L/usr/X11R6/lib -lXmcwp -lXtcwp -lpar -lcwp -L/usr/X11/lib -lXm -lXt -lX11   -lm  -o /usr/local/cwp/bin/fftlab
fftlab installed in /usr/local/cwp/bin
FFtlab installed in /usr/local/cwp/lib/X11/app-defaults
make[2]: Leaving directory `/usr/local/cwp/src/Xmcwp/main'
make[1]: Leaving directory `/usr/local/cwp/src/Xmcwp'
